Archive member included to satisfy reference by file (symbol)

C:/ST/STM32CubeIDE_1.15.0/STM32CubeIDE/plugins/com.st.stm32cube.ide.mcu.externaltools.gnu-tools-for-stm32.12.3.rel1.win32_1.0.100.202403111256/tools/bin/../lib/gcc/arm-none-eabi/12.3.1/../../../../arm-none-eabi/lib/thumb/v7-m/nofp\libc_nano.a(libc_a-exit.o)
                              C:/ST/STM32CubeIDE_1.15.0/STM32CubeIDE/plugins/com.st.stm32cube.ide.mcu.externaltools.gnu-tools-for-stm32.12.3.rel1.win32_1.0.100.202403111256/tools/bin/../lib/gcc/arm-none-eabi/12.3.1/../../../../arm-none-eabi/lib/thumb/v7-m/nofp/crt0.o (exit)
C:/ST/STM32CubeIDE_1.15.0/STM32CubeIDE/plugins/com.st.stm32cube.ide.mcu.externaltools.gnu-tools-for-stm32.12.3.rel1.win32_1.0.100.202403111256/tools/bin/../lib/gcc/arm-none-eabi/12.3.1/../../../../arm-none-eabi/lib/thumb/v7-m/nofp\libc_nano.a(libc_a-malloc.o)
                              ./Core/Src/solver.o (malloc)
C:/ST/STM32CubeIDE_1.15.0/STM32CubeIDE/plugins/com.st.stm32cube.ide.mcu.externaltools.gnu-tools-for-stm32.12.3.rel1.win32_1.0.100.202403111256/tools/bin/../lib/gcc/arm-none-eabi/12.3.1/../../../../arm-none-eabi/lib/thumb/v7-m/nofp\libc_nano.a(libc_a-mallocr.o)
                              C:/ST/STM32CubeIDE_1.15.0/STM32CubeIDE/plugins/com.st.stm32cube.ide.mcu.externaltools.gnu-tools-for-stm32.12.3.rel1.win32_1.0.100.202403111256/tools/bin/../lib/gcc/arm-none-eabi/12.3.1/../../../../arm-none-eabi/lib/thumb/v7-m/nofp\libc_nano.a(libc_a-malloc.o) (_malloc_r)
C:/ST/STM32CubeIDE_1.15.0/STM32CubeIDE/plugins/com.st.stm32cube.ide.mcu.externaltools.gnu-tools-for-stm32.12.3.rel1.win32_1.0.100.202403111256/tools/bin/../lib/gcc/arm-none-eabi/12.3.1/../../../../arm-none-eabi/lib/thumb/v7-m/nofp\libc_nano.a(libc_a-mlock.o)
                              C:/ST/STM32CubeIDE_1.15.0/STM32CubeIDE/plugins/com.st.stm32cube.ide.mcu.externaltools.gnu-tools-for-stm32.12.3.rel1.win32_1.0.100.202403111256/tools/bin/../lib/gcc/arm-none-eabi/12.3.1/../../../../arm-none-eabi/lib/thumb/v7-m/nofp\libc_nano.a(libc_a-mallocr.o) (__malloc_lock)
C:/ST/STM32CubeIDE_1.15.0/STM32CubeIDE/plugins/com.st.stm32cube.ide.mcu.externaltools.gnu-tools-for-stm32.12.3.rel1.win32_1.0.100.202403111256/tools/bin/../lib/gcc/arm-none-eabi/12.3.1/../../../../arm-none-eabi/lib/thumb/v7-m/nofp\libc_nano.a(libc_a-findfp.o)
                              C:/ST/STM32CubeIDE_1.15.0/STM32CubeIDE/plugins/com.st.stm32cube.ide.mcu.externaltools.gnu-tools-for-stm32.12.3.rel1.win32_1.0.100.202403111256/tools/bin/../lib/gcc/arm-none-eabi/12.3.1/../../../../arm-none-eabi/lib/thumb/v7-m/nofp\libc_nano.a(libc_a-exit.o) (__stdio_exit_handler)
C:/ST/STM32CubeIDE_1.15.0/STM32CubeIDE/plugins/com.st.stm32cube.ide.mcu.externaltools.gnu-tools-for-stm32.12.3.rel1.win32_1.0.100.202403111256/tools/bin/../lib/gcc/arm-none-eabi/12.3.1/../../../../arm-none-eabi/lib/thumb/v7-m/nofp\libc_nano.a(libc_a-fwalk.o)
                              C:/ST/STM32CubeIDE_1.15.0/STM32CubeIDE/plugins/com.st.stm32cube.ide.mcu.externaltools.gnu-tools-for-stm32.12.3.rel1.win32_1.0.100.202403111256/tools/bin/../lib/gcc/arm-none-eabi/12.3.1/../../../../arm-none-eabi/lib/thumb/v7-m/nofp\libc_nano.a(libc_a-findfp.o) (_fwalk_sglue)
C:/ST/STM32CubeIDE_1.15.0/STM32CubeIDE/plugins/com.st.stm32cube.ide.mcu.externaltools.gnu-tools-for-stm32.12.3.rel1.win32_1.0.100.202403111256/tools/bin/../lib/gcc/arm-none-eabi/12.3.1/../../../../arm-none-eabi/lib/thumb/v7-m/nofp\libc_nano.a(libc_a-stdio.o)
                              C:/ST/STM32CubeIDE_1.15.0/STM32CubeIDE/plugins/com.st.stm32cube.ide.mcu.externaltools.gnu-tools-for-stm32.12.3.rel1.win32_1.0.100.202403111256/tools/bin/../lib/gcc/arm-none-eabi/12.3.1/../../../../arm-none-eabi/lib/thumb/v7-m/nofp\libc_nano.a(libc_a-findfp.o) (__sread)
C:/ST/STM32CubeIDE_1.15.0/STM32CubeIDE/plugins/com.st.stm32cube.ide.mcu.externaltools.gnu-tools-for-stm32.12.3.rel1.win32_1.0.100.202403111256/tools/bin/../lib/gcc/arm-none-eabi/12.3.1/../../../../arm-none-eabi/lib/thumb/v7-m/nofp\libc_nano.a(libc_a-memset.o)
                              C:/ST/STM32CubeIDE_1.15.0/STM32CubeIDE/plugins/com.st.stm32cube.ide.mcu.externaltools.gnu-tools-for-stm32.12.3.rel1.win32_1.0.100.202403111256/tools/bin/../lib/gcc/arm-none-eabi/12.3.1/../../../../arm-none-eabi/lib/thumb/v7-m/nofp/crt0.o (memset)
C:/ST/STM32CubeIDE_1.15.0/STM32CubeIDE/plugins/com.st.stm32cube.ide.mcu.externaltools.gnu-tools-for-stm32.12.3.rel1.win32_1.0.100.202403111256/tools/bin/../lib/gcc/arm-none-eabi/12.3.1/../../../../arm-none-eabi/lib/thumb/v7-m/nofp\libc_nano.a(libc_a-closer.o)
                              C:/ST/STM32CubeIDE_1.15.0/STM32CubeIDE/plugins/com.st.stm32cube.ide.mcu.externaltools.gnu-tools-for-stm32.12.3.rel1.win32_1.0.100.202403111256/tools/bin/../lib/gcc/arm-none-eabi/12.3.1/../../../../arm-none-eabi/lib/thumb/v7-m/nofp\libc_nano.a(libc_a-stdio.o) (_close_r)
[...]
Memory Configuration

Name             Origin             Length             Attributes
RAM              0x20000000         0x00020000         xrw
FLASH            0x08000000         0x00080000         xr
*default*        0x00000000         0xffffffff

Linker script and memory map

LOAD C:/ST/STM32CubeIDE_1.15.0/STM32CubeIDE/plugins/com.st.stm32cube.ide.mcu.externaltools.gnu-tools-for-stm32.12.3.rel1.win32_1.0.100.202403111256/tools/bin/../lib/gcc/arm-none-eabi/12.3.1/thumb/v7-m/nofp/crti.o
LOAD C:/ST/STM32CubeIDE_1.15.0/STM32CubeIDE/plugins/com.st.stm32cube.ide.mcu.externaltools.gnu-tools-for-stm32.12.3.rel1.win32_1.0.100.202403111256/tools/bin/../lib/gcc/arm-none-eabi/12.3.1/thumb/v7-m/nofp/crtbegin.o
LOAD C:/ST/STM32CubeIDE_1.15.0/STM32CubeIDE/plugins/com.st.stm32cube.ide.mcu.externaltools.gnu-tools-for-stm32.12.3.rel1.win32_1.0.100.202403111256/tools/bin/../lib/gcc/arm-none-eabi/12.3.1/../../../../arm-none-eabi/lib/thumb/v7-m/nofp/crt0.o
LOAD ./Core/Src/controller.o
LOAD ./Core/Src/delay.o
LOAD ./Core/Src/encoders.o
LOAD ./Core/Src/flash.o
LOAD ./Core/Src/gyro.o
LOAD ./Core/Src/irs.o
LOAD ./Core/Src/main.o
LOAD ./Core/Src/motors.o
LOAD ./Core/Src/pid.o
LOAD ./Core/Src/solver.o
LOAD ./Core/Src/stm32f2xx_hal_msp.o
LOAD ./Core/Src/stm32f2xx_it.o
LOAD ./Core/Src/syscalls.o
LOAD ./Core/Src/sysmem.o
LOAD ./Core/Src/system_stm32f2xx.o
LOAD ./Core/Src/systick.o
LOAD ./Core/Src/utility.o
LOAD ./Core/Startup/startup_stm32f205retx.o
LOAD ./Drivers/STM32F2xx_HAL_Driver/Src/stm32f2xx_hal.o
LOAD ./Drivers/STM32F2xx_HAL_Driver/Src/stm32f2xx_hal_adc.o
LOAD ./Drivers/STM32F2xx_HAL_Driver/Src/stm32f2xx_hal_adc_ex.o
LOAD ./Drivers/STM32F2xx_HAL_Driver/Src/stm32f2xx_hal_cortex.o
LOAD ./Drivers/STM32F2xx_HAL_Driver/Src/stm32f2xx_hal_dma.o
LOAD ./Drivers/STM32F2xx_HAL_Driver/Src/stm32f2xx_hal_dma_ex.o
LOAD ./Drivers/STM32F2xx_HAL_Driver/Src/stm32f2xx_hal_exti.o
LOAD ./Drivers/STM32F2xx_HAL_Driver/Src/stm32f2xx_hal_flash.o
LOAD ./Drivers/STM32F2xx_HAL_Driver/Src/stm32f2xx_hal_flash_ex.o
LOAD ./Drivers/STM32F2xx_HAL_Driver/Src/stm32f2xx_hal_gpio.o
LOAD ./Drivers/STM32F2xx_HAL_Driver/Src/stm32f2xx_hal_i2c.o
LOAD ./Drivers/STM32F2xx_HAL_Driver/Src/stm32f2xx_hal_pwr.o
LOAD ./Drivers/STM32F2xx_HAL_Driver/Src/stm32f2xx_hal_pwr_ex.o
LOAD ./Drivers/STM32F2xx_HAL_Driver/Src/stm32f2xx_hal_rcc.o
LOAD ./Drivers/STM32F2xx_HAL_Driver/Src/stm32f2xx_hal_rcc_ex.o
LOAD ./Drivers/STM32F2xx_HAL_Driver/Src/stm32f2xx_hal_tim.o
LOAD ./Drivers/STM32F2xx_HAL_Driver/Src/stm32f2xx_hal_tim_ex.o
START GROUP
LOAD C:/ST/STM32CubeIDE_1.15.0/STM32CubeIDE/plugins/com.st.stm32cube.ide.mcu.externaltools.gnu-tools-for-stm32.12.3.rel1.win32_1.0.100.202403111256/tools/bin/../lib/gcc/arm-none-eabi/12.3.1/../../../../arm-none-eabi/lib/thumb/v7-m/nofp\libc_nano.a
LOAD C:/ST/STM32CubeIDE_1.15.0/STM32CubeIDE/plugins/com.st.stm32cube.ide.mcu.externaltools.gnu-tools-for-stm32.12.3.rel1.win32_1.0.100.202403111256/tools/bin/../lib/gcc/arm-none-eabi/12.3.1/../../../../arm-none-eabi/lib/thumb/v7-m/nofp\libm.a
END GROUP
START GROUP
LOAD C:/ST/STM32CubeIDE_1.15.0/STM32CubeIDE/plugins/com.st.stm32cube.ide.mcu.externaltools.gnu-tools-for-stm32.12.3.rel1.win32_1.0.100.202403111256/tools/bin/../lib/gcc/arm-none-eabi/12.3.1/thumb/v7-m/nofp\libgcc.a
LOAD C:/ST/STM32CubeIDE_1.15.0/STM32CubeIDE/plugins/com.st.stm32cube.ide.mcu.externaltools.gnu-tools-for-stm32.12.3.rel1.win32_1.0.100.202403111256/tools/bin/../lib/gcc/arm-none-eabi/12.3.1/../../../../arm-none-eabi/lib/thumb/v7-m/nofp\libc_nano.a
END GROUP
START GROUP
LOAD C:/ST/STM32CubeIDE_1.15.0/STM32CubeIDE/plugins/com.st.stm32cube.ide.mcu.externaltools.gnu-tools-for-stm32.12.3.rel1.win32_1.0.100.202403111256/tools/bin/../lib/gcc/arm-none-eabi/12.3.1/thumb/v7-m/nofp\libgcc.a
LOAD C:/ST/STM32CubeIDE_1.15.0/STM32CubeIDE/plugins/com.st.stm32cube.ide.mcu.externaltools.gnu-tools-for-stm32.12.3.rel1.win32_1.0.100.202403111256/tools/bin/../lib/gcc/arm-none-eabi/12.3.1/../../../../arm-none-eabi/lib/thumb/v7-m/nofp\libc_nano.a
LOAD C:/ST/STM32CubeIDE_1.15.0/STM32CubeIDE/plugins/com.st.stm32cube.ide.mcu.externaltools.gnu-tools-for-stm32.12.3.rel1.win32_1.0.100.202403111256/tools/bin/../lib/gcc/arm-none-eabi/12.3.1/../../../../arm-none-eabi/lib/thumb/v7-m/nofp\libnosys.a
END GROUP
START GROUP
LOAD C:/ST/STM32CubeIDE_1.15.0/STM32CubeIDE/plugins/com.st.stm32cube.ide.mcu.externaltools.gnu-tools-for-stm32.12.3.rel1.win32_1.0.100.202403111256/tools/bin/../lib/gcc/arm-none-eabi/12.3.1/thumb/v7-m/nofp\libgcc.a
LOAD C:/ST/STM32CubeIDE_1.15.0/STM32CubeIDE/plugins/com.st.stm32cube.ide.mcu.externaltools.gnu-tools-for-stm32.12.3.rel1.win32_1.0.100.202403111256/tools/bin/../lib/gcc/arm-none-eabi/12.3.1/../../../../arm-none-eabi/lib/thumb/v7-m/nofp\libc_nano.a
LOAD C:/ST/STM32CubeIDE_1.15.0/STM32CubeIDE/plugins/com.st.stm32cube.ide.mcu.externaltools.gnu-tools-for-stm32.12.3.rel1.win32_1.0.100.202403111256/tools/bin/../lib/gcc/arm-none-eabi/12.3.1/../../../../arm-none-eabi/lib/thumb/v7-m/nofp\libnosys.a
END GROUP
LOAD C:/ST/STM32CubeIDE_1.15.0/STM32CubeIDE/plugins/com.st.stm32cube.ide.mcu.externaltools.gnu-tools-for-stm32.12.3.rel1.win32_1.0.100.202403111256/tools/bin/../lib/gcc/arm-none-eabi/12.3.1/thumb/v7-m/nofp/crtend.o
LOAD C:/ST/STM32CubeIDE_1.15.0/STM32CubeIDE/plugins/com.st.stm32cube.ide.mcu.externaltools.gnu-tools-for-stm32.12.3.rel1.win32_1.0.100.202403111256/tools/bin/../lib/gcc/arm-none-eabi/12.3.1/thumb/v7-m/nofp/crtn.o
                0x20020000                        _estack = (ORIGIN (RAM) + LENGTH (RAM))
                0x00000200                        _Min_Heap_Size = 0x200
                0x00000400                        _Min_Stack_Size = 0x400

.isr_vector     0x08000000      0x184
                0x08000000                        . = ALIGN (0x4)
 *(.isr_vector)
 .isr_vector    0x08000000      0x184 ./Core/Startup/startup_stm32f205retx.o
                0x08000000                g_pfnVectors
                0x08000184                        . = ALIGN (0x4)

.text           0x08000188     0x70f8
                0x08000188                        . = ALIGN (0x4)
 *(.text)
 .text          0x08000188       0x40 C:/ST/STM32CubeIDE_1.15.0/STM32CubeIDE/plugins/com.st.stm32cube.ide.mcu.externaltools.gnu-tools-for-stm32.12.3.rel1.win32_1.0.100.202403111256/tools/bin/../lib/gcc/arm-none-eabi/12.3.1/thumb/v7-m/nofp/crtbegin.o
 .text          0x080001c8      0x378 C:/ST/STM32CubeIDE_1.15.0/STM32CubeIDE/plugins/com.st.stm32cube.ide.mcu.externaltools.gnu-tools-for-stm32.12.3.rel1.win32_1.0.100.202403111256/tools/bin/../lib/gcc/arm-none-eabi/12.3.1/thumb/v7-m/nofp\libgcc.a(_arm_addsubdf3.o)
                0x080001c8                __aeabi_drsub
                0x080001d0                __aeabi_dsub
                0x080001d0                __subdf3
                0x080001d4                __aeabi_dadd
                0x080001d4                __adddf3
                0x0800044c                __floatunsidf
                0x0800044c                __aeabi_ui2d
                0x0800046c                __floatsidf
                0x0800046c                __aeabi_i2d
                0x08000490                __aeabi_f2d
                0x08000490                __extendsfdf2
                0x080004d4                __floatundidf
                0x080004d4                __aeabi_ul2d
                0x080004e4                __floatdidf
                0x080004e4                __aeabi_l2d
 .text          0x08000540      0x424 C:/ST/STM32CubeIDE_1.15.0/STM32CubeIDE/plugins/com.st.stm32cube.ide.mcu.externaltools.gnu-tools-for-stm32.12.3.rel1.win32_1.0.100.202403111256/tools/bin/../lib/gcc/arm-none-eabi/12.3.1/thumb/v7-m/nofp\libgcc.a(_arm_muldivdf3.o)
                0x08000540                __aeabi_dmul
                0x08000540                __muldf3
                0x08000794                __divdf3
                0x08000794                __aeabi_ddiv
 .text          0x08000964      0x110 C:/ST/STM32CubeIDE_1.15.0/STM32CubeIDE/plugins/com.st.stm32cube.ide.mcu.externaltools.gnu-tools-for-stm32.12.3.rel1.win32_1.0.100.202403111256/tools/bin/../lib/gcc/arm-none-eabi/12.3.1/thumb/v7-m/nofp\libgcc.a(_arm_cmpdf2.o)
                0x08000964                __gtdf2
                0x08000964                __gedf2
                0x0800096c                __ltdf2
                0x0800096c                __ledf2
                0x08000974                __nedf2
                0x08000974                __eqdf2
                0x08000974                __cmpdf2
                0x080009f0                __aeabi_cdrcmple
                0x08000a00                __aeabi_cdcmpeq
                0x08000a00                __aeabi_cdcmple
                0x08000a10                __aeabi_dcmpeq
                0x08000a24                __aeabi_dcmplt
                0x08000a38                __aeabi_dcmple
                0x08000a4c                __aeabi_dcmpge
                0x08000a60                __aeabi_dcmpgt
 .text          0x08000a74       0xa0 C:/ST/STM32CubeIDE_1.15.0/STM32CubeIDE/plugins/com.st.stm32cube.ide.mcu.externaltools.gnu-tools-for-stm32.12.3.rel1.win32_1.0.100.202403111256/tools/bin/../lib/gcc/arm-none-eabi/12.3.1/thumb/v7-m/nofp\libgcc.a(_arm_truncdfsf2.o)
                0x08000a74                __truncdfsf2
                0x08000a74                __aeabi_d2f
 .text          0x08000b14      0x21c C:/ST/STM32CubeIDE_1.15.0/STM32CubeIDE/plugins/com.st.stm32cube.ide.mcu.externaltools.gnu-tools-for-stm32.12.3.rel1.win32_1.0.100.202403111256/tools/bin/../lib/gcc/arm-none-eabi/12.3.1/thumb/v7-m/nofp\libgcc.a(_arm_addsubsf3.o)
                0x08000b14                __aeabi_frsub
                0x08000b1c                __subsf3
                0x08000b1c                __aeabi_fsub
                0x08000b20                __aeabi_fadd
                0x08000b20                __addsf3
                0x08000c80                __aeabi_ui2f
                0x08000c80                __floatunsisf
                0x08000c88                __aeabi_i2f
                0x08000c88                __floatsisf
                0x08000ca4                __aeabi_ul2f
                0x08000ca4                __floatundisf
                0x08000cb4                __aeabi_l2f
                0x08000cb4                __floatdisf
 .text          0x08000d30      0x2a0 C:/ST/STM32CubeIDE_1.15.0/STM32CubeIDE/plugins/com.st.stm32cube.ide.mcu.externaltools.gnu-tools-for-stm32.12.3.rel1.win32_1.0.100.202403111256/tools/bin/../lib/gcc/arm-none-eabi/12.3.1/thumb/v7-m/nofp\libgcc.a(_arm_muldivsf3.o)
                0x08000d30                __mulsf3
                0x08000d30                __aeabi_fmul
                0x08000e98                __aeabi_fdiv
                0x08000e98                __divsf3
 .text          0x08000fd0       0xec C:/ST/STM32CubeIDE_1.15.0/STM32CubeIDE/plugins/com.st.stm32cube.ide.mcu.externaltools.gnu-tools-for-stm32.12.3.rel1.win32_1.0.100.202403111256/tools/bin/../lib/gcc/arm-none-eabi/12.3.1/thumb/v7-m/nofp\libgcc.a(_arm_cmpsf2.o)
                0x08000fd0                __gesf2
                0x08000fd0                __gtsf2
                0x08000fd8                __lesf2
                0x08000fd8                __ltsf2
                0x08000fe0                __nesf2
                0x08000fe0                __eqsf2
                0x08000fe0                __cmpsf2
                0x08001040                __aeabi_cfrcmple
                0x08001048                __aeabi_cfcmpeq
                0x08001048                __aeabi_cfcmple
                0x08001058                __aeabi_fcmpeq
                0x0800106c                __aeabi_fcmplt
                0x08001080                __aeabi_fcmple
                0x08001094                __aeabi_fcmpge
                0x080010a8                __aeabi_fcmpgt
 .text          0x080010bc       0x40 C:/ST/STM32CubeIDE_1.15.0/STM32CubeIDE/plugins/com.st.stm32cube.ide.mcu.externaltools.gnu-tools-for-stm32.12.3.rel1.win32_1.0.100.202403111256/tools/bin/../lib/gcc/arm-none-eabi/12.3.1/thumb/v7-m/nofp\libgcc.a(_arm_fixunssfsi.o)
                0x080010bc                __fixunssfsi
                0x080010bc                __aeabi_f2uiz
 .text          0x080010fc       0x30 C:/ST/STM32CubeIDE_1.15.0/STM32CubeIDE/plugins/com.st.stm32cube.ide.mcu.externaltools.gnu-tools-for-stm32.12.3.rel1.win32_1.0.100.202403111256/tools/bin/../lib/gcc/arm-none-eabi/12.3.1/thumb/v7-m/nofp\libgcc.a(_aeabi_uldivmod.o)
                0x080010fc                __aeabi_uldivmod
 .text          0x0800112c      0x2b8 C:/ST/STM32CubeIDE_1.15.0/STM32CubeIDE/plugins/com.st.stm32cube.ide.mcu.externaltools.gnu-tools-for-stm32.12.3.rel1.win32_1.0.100.202403111256/tools/bin/../lib/gcc/arm-none-eabi/12.3.1/thumb/v7-m/nofp\libgcc.a(_udivmoddi4.o)
                0x0800112c                __udivmoddi4
 .text          0x080013e4        0x4 C:/ST/STM32CubeIDE_1.15.0/STM32CubeIDE/plugins/com.st.stm32cube.ide.mcu.externaltools.gnu-tools-for-stm32.12.3.rel1.win32_1.0.100.202403111256/tools/bin/../lib/gcc/arm-none-eabi/12.3.1/thumb/v7-m/nofp\libgcc.a(_dvmd_tls.o)
                0x080013e4                __aeabi_idiv0
                0x080013e4                __aeabi_ldiv0
 *(.text*)
 .text.Delay_Init
                0x080013e8       0x40 ./Core/Src/delay.o
                0x080013e8                Delay_Init
 .text.delayMicroseconds
                0x08001428       0x34 ./Core/Src/delay.o
                0x08001428                delayMicroseconds
 .text.getRightEncoderCounts
                0x0800145c       0x1c ./Core/Src/encoders.o
                0x0800145c                getRightEncoderCounts
 .text.getLeftEncoderCounts
                0x08001478       0x1c ./Core/Src/encoders.o
                0x08001478                getLeftEncoderCounts
 .text.resetEncoders
                0x08001494       0x20 ./Core/Src/encoders.o
                0x08001494                resetEncoders
 .text.gyroInit
                0x080014b4      0x180 ./Core/Src/gyro.o
                0x080014b4                gyroInit
 *fill*         0x08001634        0x4 
 .text.readGyro
                0x08001638       0xa0 ./Core/Src/gyro.o
                0x08001638                readGyro
 .text.readIR   0x080016d8       0xfc ./Core/Src/irs.o
                0x080016d8                readIR
 .text.analogRead
                0x080017d4       0xd0 ./Core/Src/irs.o
                0x080017d4                analogRead
 .text.HAL_ADC_ConvCpltCallback
                0x080018a4       0x20 ./Core/Src/irs.o
                0x080018a4                HAL_ADC_ConvCpltCallback
 .text.main     0x080018c4      0x1c4 ./Core/Src/main.o
                0x080018c4                main
 .text.SystemClock_Config
                0x08001a88       0x76 ./Core/Src/main.o
                0x08001a88                SystemClock_Config
 *fill*         0x08001afe        0x2 
 .text.MX_ADC1_Init
                0x08001b00       0xa4 ./Core/Src/main.o
 .text.MX_I2C1_Init
                0x08001ba4       0x5c ./Core/Src/main.o
 .text.MX_TIM1_Init
                0x08001c00      0x150 ./Core/Src/main.o
 .text.MX_TIM3_Init
                0x08001d50       0xa8 ./Core/Src/main.o
 .text.MX_TIM8_Init
                0x08001df8       0xb0 ./Core/Src/main.o
 .text.MX_DMA_Init
                0x08001ea8       0x40 ./Core/Src/main.o
 .text.MX_GPIO_Init
                0x08001ee8      0x184 ./Core/Src/main.o
 .text.Get_HADC1_Ptr
                0x0800206c       0x14 ./Core/Src/main.o
                0x0800206c                Get_HADC1_Ptr
 .text.Get_I2C1_Ptr
                0x08002080       0x14 ./Core/Src/main.o
                0x08002080                Get_I2C1_Ptr
 .text.Error_Handler
                0x08002094        0xc ./Core/Src/main.o
                0x08002094                Error_Handler
 .text.limitPWM
                0x080020a0       0x60 ./Core/Src/motors.o
                0x080020a0                limitPWM
 .text.setMotorLPWM
                0x08002100       0x78 ./Core/Src/motors.o
                0x08002100                setMotorLPWM
 .text.setMotorRPWM
                0x08002178       0x78 ./Core/Src/motors.o
                0x08002178                setMotorRPWM
 .text.setState
                0x080021f0       0x20 ./Core/Src/pid.o
                0x080021f0                setState
 .text.setIRGoals
                0x08002210       0x64 ./Core/Src/pid.o
                0x08002210                setIRGoals
 .text.accelerateLeftPWM
                0x08002274        0xe ./Core/Src/pid.o
                0x08002274                accelerateLeftPWM
 .text.accelerateRightPWM
                0x08002282        0xe ./Core/Src/pid.o
                0x08002282                accelerateRightPWM
 .text.PDController
                0x08002290      0x440 ./Core/Src/pid.o
                0x08002290                PDController
 .text.updatePID
                0x080026d0      0x52c ./Core/Src/pid.o
                0x080026d0                updatePID
 .text.HAL_MspInit
                0x08002bfc       0x4c ./Core/Src/stm32f2xx_hal_msp.o
                0x08002bfc                HAL_MspInit
 .text.HAL_ADC_MspInit
                0x08002c48      0x128 ./Core/Src/stm32f2xx_hal_msp.o
                0x08002c48                HAL_ADC_MspInit
 .text.HAL_I2C_MspInit
                0x08002d70       0x90 ./Core/Src/stm32f2xx_hal_msp.o
                0x08002d70                HAL_I2C_MspInit
 .text.HAL_TIM_PWM_MspInit
                0x08002e00       0x50 ./Core/Src/stm32f2xx_hal_msp.o
                0x08002e00                HAL_TIM_PWM_MspInit
 .text.HAL_TIM_Encoder_MspInit
                0x08002e50       0xfc ./Core/Src/stm32f2xx_hal_msp.o
                0x08002e50                HAL_TIM_Encoder_MspInit
 .text.HAL_TIM_MspPostInit
                0x08002f4c       0x74 ./Core/Src/stm32f2xx_hal_msp.o
                0x08002f4c                HAL_TIM_MspPostInit
 .text.NMI_Handler
                0x08002fc0        0x8 ./Core/Src/stm32f2xx_it.o
                0x08002fc0                NMI_Handler
 .text.HardFault_Handler
                0x08002fc8        0x8 ./Core/Src/stm32f2xx_it.o
                0x08002fc8                HardFault_Handler
 .text.MemManage_Handler
                0x08002fd0        0x8 ./Core/Src/stm32f2xx_it.o
                0x08002fd0                MemManage_Handler
 .text.BusFault_Handler
                0x08002fd8        0x8 ./Core/Src/stm32f2xx_it.o
                0x08002fd8                BusFault_Handler
 .text.UsageFault_Handler
                0x08002fe0        0x8 ./Core/Src/stm32f2xx_it.o
                0x08002fe0                UsageFault_Handler
 .text.SVC_Handler
                0x08002fe8        0xc ./Core/Src/stm32f2xx_it.o
                0x08002fe8                SVC_Handler
 .text.DebugMon_Handler
                0x08002ff4        0xc ./Core/Src/stm32f2xx_it.o
                0x08002ff4                DebugMon_Handler
 .text.PendSV_Handler
                0x08003000        0xc ./Core/Src/stm32f2xx_it.o
                0x08003000                PendSV_Handler
 .text.SysTick_Handler
                0x0800300c       0x10 ./Core/Src/stm32f2xx_it.o
                0x0800300c                SysTick_Handler
 .text.TIM1_UP_TIM10_IRQHandler
                0x0800301c       0x14 ./Core/Src/stm32f2xx_it.o
                0x0800301c                TIM1_UP_TIM10_IRQHandler
 .text.DMA2_Stream0_IRQHandler
                0x08003030       0x14 ./Core/Src/stm32f2xx_it.o
                0x08003030                DMA2_Stream0_IRQHandler
 .text.SystemInit
                0x08003044        0xc ./Core/Src/system_stm32f2xx.o
                0x08003044                SystemInit
 .text.SysTickFunction
                0x08003050       0x78 ./Core/Src/systick.o
                0x08003050                SysTickFunction
 .text.sign     0x080030c8       0x3c ./Core/Src/utility.o
                0x080030c8                sign
 .text.Reset_Handler
                0x08003104       0x50 ./Core/Startup/startup_stm32f205retx.o
                0x08003104                Reset_Handler
 .text.Default_Handler
                0x08003154        0x2 ./Core/Startup/startup_stm32f205retx.o
                0x08003154                RTC_Alarm_IRQHandler
                0x08003154                HASH_RNG_IRQHandler
                0x08003154                EXTI2_IRQHandler
                0x08003154                TIM8_CC_IRQHandler
                0x08003154                TIM1_CC_IRQHandler
                0x08003154                DMA2_Stream5_IRQHandler
                0x08003154                DMA1_Stream5_IRQHandler
                0x08003154                PVD_IRQHandler
                0x08003154                SDIO_IRQHandler
                0x08003154                TAMP_STAMP_IRQHandler
                0x08003154                CAN2_RX1_IRQHandler
                0x08003154                EXTI3_IRQHandler
                0x08003154                TIM8_TRG_COM_TIM14_IRQHandler
                0x08003154                TIM8_UP_TIM13_IRQHandler
                0x08003154                I2C3_ER_IRQHandler
                0x08003154                EXTI0_IRQHandler
                0x08003154                I2C2_EV_IRQHandler
                0x08003154                DMA1_Stream2_IRQHandler
                0x08003154                CAN1_RX0_IRQHandler
                0x08003154                OTG_HS_WKUP_IRQHandler
                0x08003154                CAN2_SCE_IRQHandler
                0x08003154                DMA2_Stream2_IRQHandler
                0x08003154                SPI1_IRQHandler
                0x08003154                TIM6_DAC_IRQHandler
                0x08003154                TIM1_BRK_TIM9_IRQHandler
                0x08003154                CAN2_RX0_IRQHandler
                0x08003154                DMA2_Stream3_IRQHandler
                0x08003154                USART6_IRQHandler
                0x08003154                USART3_IRQHandler
                0x08003154                CAN1_RX1_IRQHandler
                0x08003154                UART5_IRQHandler
                0x08003154                TIM4_IRQHandler
                0x08003154                I2C1_EV_IRQHandler
                0x08003154                DMA1_Stream6_IRQHandler
                0x08003154                DMA1_Stream1_IRQHandler
                0x08003154                UART4_IRQHandler
                0x08003154                TIM3_IRQHandler
                0x08003154                RCC_IRQHandler
                0x08003154                TIM8_BRK_TIM12_IRQHandler
                0x08003154                Default_Handler
                0x08003154                EXTI15_10_IRQHandler
                0x08003154                ADC_IRQHandler
                0x08003154                DMA1_Stream7_IRQHandler
                0x08003154                TIM7_IRQHandler
                0x08003154                CAN2_TX_IRQHandler
                0x08003154                TIM5_IRQHandler
                0x08003154                DMA2_Stream7_IRQHandler
                0x08003154                I2C3_EV_IRQHandler
                0x08003154                EXTI9_5_IRQHandler
                0x08003154                RTC_WKUP_IRQHandler
                0x08003154                SPI2_IRQHandler
                0x08003154                OTG_HS_EP1_IN_IRQHandler
                0x08003154                DMA1_Stream0_IRQHandler
                0x08003154                CAN1_TX_IRQHandler
                0x08003154                EXTI4_IRQHandler
                0x08003154                FSMC_IRQHandler
                0x08003154                OTG_HS_EP1_OUT_IRQHandler
                0x08003154                WWDG_IRQHandler
                0x08003154                TIM2_IRQHandler
                0x08003154                OTG_FS_WKUP_IRQHandler
                0x08003154                TIM1_TRG_COM_TIM11_IRQHandler
                0x08003154                OTG_HS_IRQHandler
                0x08003154                EXTI1_IRQHandler
                0x08003154                USART2_IRQHandler
                0x08003154                I2C2_ER_IRQHandler
                0x08003154                DMA2_Stream1_IRQHandler
                0x08003154                CAN1_SCE_IRQHandler
                0x08003154                FLASH_IRQHandler
                0x08003154                DMA2_Stream4_IRQHandler
                0x08003154                USART1_IRQHandler
                0x08003154                OTG_FS_IRQHandler
                0x08003154                SPI3_IRQHandler
                0x08003154                DMA1_Stream4_IRQHandler
                0x08003154                I2C1_ER_IRQHandler
                0x08003154                DMA2_Stream6_IRQHandler
                0x08003154                DMA1_Stream3_IRQHandler
 *fill*         0x08003156        0x2 
 .text.HAL_Init
                0x08003158       0x44 ./Drivers/STM32F2xx_HAL_Driver/Src/stm32f2xx_hal.o
                0x08003158                HAL_Init
 .text.HAL_InitTick
                0x0800319c       0x60 ./Drivers/STM32F2xx_HAL_Driver/Src/stm32f2xx_hal.o
                0x0800319c                HAL_InitTick
 .text.HAL_IncTick
                0x080031fc       0x24 ./Drivers/STM32F2xx_HAL_Driver/Src/stm32f2xx_hal.o
                0x080031fc                HAL_IncTick
 .text.HAL_GetTick
                0x08003220       0x14 ./Drivers/STM32F2xx_HAL_Driver/Src/stm32f2xx_hal.o
                0x08003220                HAL_GetTick
 .text.HAL_ADC_Init
                0x08003234       0x86 ./Drivers/STM32F2xx_HAL_Driver/Src/stm32f2xx_hal_adc.o
                0x08003234                HAL_ADC_Init
 *fill*         0x080032ba        0x2 
 .text.HAL_ADC_Start_DMA
                0x080032bc      0x1bc ./Drivers/STM32F2xx_HAL_Driver/Src/stm32f2xx_hal_adc.o
                0x080032bc                HAL_ADC_Start_DMA
 .text.HAL_ADC_Stop_DMA
                0x08003478       0xa2 ./Drivers/STM32F2xx_HAL_Driver/Src/stm32f2xx_hal_adc.o
                0x08003478                HAL_ADC_Stop_DMA
 .text.HAL_ADC_ConvHalfCpltCallback
                0x0800351a       0x12 ./Drivers/STM32F2xx_HAL_Driver/Src/stm32f2xx_hal_adc.o
                0x0800351a                HAL_ADC_ConvHalfCpltCallback
 .text.HAL_ADC_ErrorCallback
                0x0800352c       0x12 ./Drivers/STM32F2xx_HAL_Driver/Src/stm32f2xx_hal_adc.o
                0x0800352c                HAL_ADC_ErrorCallback
 *fill*         0x0800353e        0x2 
 .text.HAL_ADC_ConfigChannel
                0x08003540      0x240 ./Drivers/STM32F2xx_HAL_Driver/Src/stm32f2xx_hal_adc.o
                0x08003540                HAL_ADC_ConfigChannel
 .text.ADC_Init
                0x08003780      0x20c ./Drivers/STM32F2xx_HAL_Driver/Src/stm32f2xx_hal_adc.o
 .text.ADC_DMAConvCplt
                0x0800398c       0xba ./Drivers/STM32F2xx_HAL_Driver/Src/stm32f2xx_hal_adc.o
 .text.ADC_DMAHalfConvCplt
                0x08003a46       0x1c ./Drivers/STM32F2xx_HAL_Driver/Src/stm32f2xx_hal_adc.o
 .text.ADC_DMAError
                0x08003a62       0x2e ./Drivers/STM32F2xx_HAL_Driver/Src/stm32f2xx_hal_adc.o
 .text.__NVIC_SetPriorityGrouping
                0x08003a90       0x48 ./Drivers/STM32F2xx_HAL_Driver/Src/stm32f2xx_hal_cortex.o
 .text.__NVIC_GetPriorityGrouping
                0x08003ad8       0x1c ./Drivers/STM32F2xx_HAL_Driver/Src/stm32f2xx_hal_cortex.o
 .text.__NVIC_EnableIRQ
                0x08003af4       0x38 ./Drivers/STM32F2xx_HAL_Driver/Src/stm32f2xx_hal_cortex.o
 .text.__NVIC_SetPriority
                0x08003b2c       0x54 ./Drivers/STM32F2xx_HAL_Driver/Src/stm32f2xx_hal_cortex.o
 .text.NVIC_EncodePriority
                0x08003b80       0x64 ./Drivers/STM32F2xx_HAL_Driver/Src/stm32f2xx_hal_cortex.o
 .text.SysTick_Config
                0x08003be4       0x44 ./Drivers/STM32F2xx_HAL_Driver/Src/stm32f2xx_hal_cortex.o
 .text.HAL_NVIC_SetPriorityGrouping
                0x08003c28       0x16 ./Drivers/STM32F2xx_HAL_Driver/Src/stm32f2xx_hal_cortex.o
                0x08003c28                HAL_NVIC_SetPriorityGrouping
 .text.HAL_NVIC_SetPriority
                0x08003c3e       0x38 ./Drivers/STM32F2xx_HAL_Driver/Src/stm32f2xx_hal_cortex.o
                0x08003c3e                HAL_NVIC_SetPriority
 .text.HAL_NVIC_EnableIRQ
                0x08003c76       0x1c ./Drivers/STM32F2xx_HAL_Driver/Src/stm32f2xx_hal_cortex.o
                0x08003c76                HAL_NVIC_EnableIRQ
 .text.HAL_SYSTICK_Config
                0x08003c92       0x18 ./Drivers/STM32F2xx_HAL_Driver/Src/stm32f2xx_hal_cortex.o
                0x08003c92                HAL_SYSTICK_Config
 *fill*         0x08003caa        0x2 
 .text.HAL_DMA_Init
                0x08003cac      0x15c ./Drivers/STM32F2xx_HAL_Driver/Src/stm32f2xx_hal_dma.o
                0x08003cac                HAL_DMA_Init
 .text.HAL_DMA_Start_IT
                0x08003e08       0xb0 ./Drivers/STM32F2xx_HAL_Driver/Src/stm32f2xx_hal_dma.o
                0x08003e08                HAL_DMA_Start_IT
 .text.HAL_DMA_Abort
                0x08003eb8       0xe0 ./Drivers/STM32F2xx_HAL_Driver/Src/stm32f2xx_hal_dma.o
                0x08003eb8                HAL_DMA_Abort
 .text.HAL_DMA_IRQHandler
                0x08003f98      0x314 ./Drivers/STM32F2xx_HAL_Driver/Src/stm32f2xx_hal_dma.o
                0x08003f98                HAL_DMA_IRQHandler
 .text.DMA_SetConfig
                0x080042ac       0x5a ./Drivers/STM32F2xx_HAL_Driver/Src/stm32f2xx_hal_dma.o
 *fill*         0x08004306        0x2 
 .text.DMA_CalcBaseAndBitshift
                0x08004308       0x68 ./Drivers/STM32F2xx_HAL_Driver/Src/stm32f2xx_hal_dma.o
 .text.DMA_CheckFifoParam
                0x08004370       0xf4 ./Drivers/STM32F2xx_HAL_Driver/Src/stm32f2xx_hal_dma.o
 .text.HAL_GPIO_Init
                0x08004464      0x33c ./Drivers/STM32F2xx_HAL_Driver/Src/stm32f2xx_hal_gpio.o
                0x08004464                HAL_GPIO_Init
 .text.HAL_GPIO_ReadPin
                0x080047a0       0x2e ./Drivers/STM32F2xx_HAL_Driver/Src/stm32f2xx_hal_gpio.o
                0x080047a0                HAL_GPIO_ReadPin
 .text.HAL_GPIO_WritePin
                0x080047ce       0x30 ./Drivers/STM32F2xx_HAL_Driver/Src/stm32f2xx_hal_gpio.o
                0x080047ce                HAL_GPIO_WritePin
 *fill*         0x080047fe        0x2 
 .text.HAL_I2C_Init
                0x08004800      0x288 ./Drivers/STM32F2xx_HAL_Driver/Src/stm32f2xx_hal_i2c.o
                0x08004800                HAL_I2C_Init
 .text.HAL_I2C_Mem_Write
                0x08004a88      0x1f4 ./Drivers/STM32F2xx_HAL_Driver/Src/stm32f2xx_hal_i2c.o
                0x08004a88                HAL_I2C_Mem_Write
 .text.HAL_I2C_Mem_Read
                0x08004c7c      0x44c ./Drivers/STM32F2xx_HAL_Driver/Src/stm32f2xx_hal_i2c.o
                0x08004c7c                HAL_I2C_Mem_Read
 .text.HAL_I2C_IsDeviceReady
                0x080050c8      0x25c ./Drivers/STM32F2xx_HAL_Driver/Src/stm32f2xx_hal_i2c.o
                0x080050c8                HAL_I2C_IsDeviceReady
 .text.I2C_RequestMemoryWrite
                0x08005324      0x12c ./Drivers/STM32F2xx_HAL_Driver/Src/stm32f2xx_hal_i2c.o
 .text.I2C_RequestMemoryRead
                0x08005450      0x1d0 ./Drivers/STM32F2xx_HAL_Driver/Src/stm32f2xx_hal_i2c.o
 .text.I2C_WaitOnFlagUntilTimeout
                0x08005620       0xf4 ./Drivers/STM32F2xx_HAL_Driver/Src/stm32f2xx_hal_i2c.o
 .text.I2C_WaitOnMasterAddressFlagUntilTimeout
                0x08005714      0x140 ./Drivers/STM32F2xx_HAL_Driver/Src/stm32f2xx_hal_i2c.o
 .text.I2C_WaitOnTXEFlagUntilTimeout
                0x08005854       0x90 ./Drivers/STM32F2xx_HAL_Driver/Src/stm32f2xx_hal_i2c.o
 .text.I2C_WaitOnBTFFlagUntilTimeout
                0x080058e4       0x90 ./Drivers/STM32F2xx_HAL_Driver/Src/stm32f2xx_hal_i2c.o
 .text.I2C_WaitOnRXNEFlagUntilTimeout
                0x08005974       0xba ./Drivers/STM32F2xx_HAL_Driver/Src/stm32f2xx_hal_i2c.o
 .text.I2C_IsAcknowledgeFailed
                0x08005a2e       0x5c ./Drivers/STM32F2xx_HAL_Driver/Src/stm32f2xx_hal_i2c.o
 *fill*         0x08005a8a        0x2 
 .text.HAL_RCC_OscConfig
                0x08005a8c      0x4a8 ./Drivers/STM32F2xx_HAL_Driver/Src/stm32f2xx_hal_rcc.o
                0x08005a8c                HAL_RCC_OscConfig
 .text.HAL_RCC_ClockConfig
                0x08005f34      0x1d8 ./Drivers/STM32F2xx_HAL_Driver/Src/stm32f2xx_hal_rcc.o
                0x08005f34                HAL_RCC_ClockConfig
 .text.HAL_RCC_GetSysClockFreq
                0x0800610c      0x18c ./Drivers/STM32F2xx_HAL_Driver/Src/stm32f2xx_hal_rcc.o
                0x0800610c                HAL_RCC_GetSysClockFreq
 .text.HAL_RCC_GetHCLKFreq
                0x08006298       0x14 ./Drivers/STM32F2xx_HAL_Driver/Src/stm32f2xx_hal_rcc.o
                0x08006298                HAL_RCC_GetHCLKFreq
 .text.HAL_RCC_GetPCLK1Freq
                0x080062ac       0x44 ./Drivers/STM32F2xx_HAL_Driver/Src/stm32f2xx_hal_rcc.o
                0x080062ac                HAL_RCC_GetPCLK1Freq
 .text.HAL_TIM_PWM_Init
                0x080062f0       0x9e ./Drivers/STM32F2xx_HAL_Driver/Src/stm32f2xx_hal_tim.o
                0x080062f0                HAL_TIM_PWM_Init
 *fill*         0x0800638e        0x2 
 .text.HAL_TIM_PWM_Start
                0x08006390      0x190 ./Drivers/STM32F2xx_HAL_Driver/Src/stm32f2xx_hal_tim.o
                0x08006390                HAL_TIM_PWM_Start
 .text.HAL_TIM_Encoder_Init
                0x08006520      0x14c ./Drivers/STM32F2xx_HAL_Driver/Src/stm32f2xx_hal_tim.o
                0x08006520                HAL_TIM_Encoder_Init
 .text.HAL_TIM_Encoder_Start
                0x0800666c      0x11c ./Drivers/STM32F2xx_HAL_Driver/Src/stm32f2xx_hal_tim.o
                0x0800666c                HAL_TIM_Encoder_Start
 .text.HAL_TIM_IRQHandler
                0x08006788      0x210 ./Drivers/STM32F2xx_HAL_Driver/Src/stm32f2xx_hal_tim.o
                0x08006788                HAL_TIM_IRQHandler
 .text.HAL_TIM_PWM_ConfigChannel
                0x08006998      0x184 ./Drivers/STM32F2xx_HAL_Driver/Src/stm32f2xx_hal_tim.o
                0x08006998                HAL_TIM_PWM_ConfigChannel
 .text.HAL_TIM_PeriodElapsedCallback
                0x08006b1c       0x12 ./Drivers/STM32F2xx_HAL_Driver/Src/stm32f2xx_hal_tim.o
                0x08006b1c                HAL_TIM_PeriodElapsedCallback
 .text.HAL_TIM_OC_DelayElapsedCallback
                0x08006b2e       0x12 ./Drivers/STM32F2xx_HAL_Driver/Src/stm32f2xx_hal_tim.o
                0x08006b2e                HAL_TIM_OC_DelayElapsedCallback
 .text.HAL_TIM_IC_CaptureCallback
                0x08006b40       0x12 ./Drivers/STM32F2xx_HAL_Driver/Src/stm32f2xx_hal_tim.o
                0x08006b40                HAL_TIM_IC_CaptureCallback
 .text.HAL_TIM_PWM_PulseFinishedCallback
                0x08006b52       0x12 ./Drivers/STM32F2xx_HAL_Driver/Src/stm32f2xx_hal_tim.o
                0x08006b52                HAL_TIM_PWM_PulseFinishedCallback
 .text.HAL_TIM_TriggerCallback
                0x08006b64       0x12 ./Drivers/STM32F2xx_HAL_Driver/Src/stm32f2xx_hal_tim.o
                0x08006b64                HAL_TIM_TriggerCallback
 *fill*         0x08006b76        0x2 
 .text.TIM_Base_SetConfig
                0x08006b78      0x13c ./Drivers/STM32F2xx_HAL_Driver/Src/stm32f2xx_hal_tim.o
                0x08006b78                TIM_Base_SetConfig
 .text.TIM_OC1_SetConfig
                0x08006cb4       0xe0 ./Drivers/STM32F2xx_HAL_Driver/Src/stm32f2xx_hal_tim.o
 .text.TIM_OC2_SetConfig
                0x08006d94       0xe8 ./Drivers/STM32F2xx_HAL_Driver/Src/stm32f2xx_hal_tim.o
                0x08006d94                TIM_OC2_SetConfig
 .text.TIM_OC3_SetConfig
                0x08006e7c       0xe8 ./Drivers/STM32F2xx_HAL_Driver/Src/stm32f2xx_hal_tim.o
 .text.TIM_OC4_SetConfig
                0x08006f64       0xa8 ./Drivers/STM32F2xx_HAL_Driver/Src/stm32f2xx_hal_tim.o
 .text.TIM_CCxChannelCmd
                0x0800700c       0x48 ./Drivers/STM32F2xx_HAL_Driver/Src/stm32f2xx_hal_tim.o
                0x0800700c                TIM_CCxChannelCmd
 .text.HAL_TIMEx_MasterConfigSynchronization
                0x08007054       0xf4 ./Drivers/STM32F2xx_HAL_Driver/Src/stm32f2xx_hal_tim_ex.o
                0x08007054                HAL_TIMEx_MasterConfigSynchronization
 .text.HAL_TIMEx_ConfigBreakDeadTime
                0x08007148       0xa2 ./Drivers/STM32F2xx_HAL_Driver/Src/stm32f2xx_hal_tim_ex.o
                0x08007148                HAL_TIMEx_ConfigBreakDeadTime
 .text.HAL_TIMEx_CommutCallback
                0x080071ea       0x12 ./Drivers/STM32F2xx_HAL_Driver/Src/stm32f2xx_hal_tim_ex.o
                0x080071ea                HAL_TIMEx_CommutCallback
 .text.HAL_TIMEx_BreakCallback
                0x080071fc       0x12 ./Drivers/STM32F2xx_HAL_Driver/Src/stm32f2xx_hal_tim_ex.o
                0x080071fc                HAL_TIMEx_BreakCallback
 .text.memset   0x0800720e       0x10 C:/ST/STM32CubeIDE_1.15.0/STM32CubeIDE/plugins/com.st.stm32cube.ide.mcu.externaltools.gnu-tools-for-stm32.12.3.rel1.win32_1.0.100.202403111256/tools/bin/../lib/gcc/arm-none-eabi/12.3.1/../../../../arm-none-eabi/lib/thumb/v7-m/nofp\libc_nano.a(libc_a-memset.o)
                0x0800720e                memset
 *fill*         0x0800721e        0x2 
 .text.__libc_init_array
                0x08007220       0x48 C:/ST/STM32CubeIDE_1.15.0/STM32CubeIDE/plugins/com.st.stm32cube.ide.mcu.externaltools.gnu-tools-for-stm32.12.3.rel1.win32_1.0.100.202403111256/tools/bin/../lib/gcc/arm-none-eabi/12.3.1/../../../../arm-none-eabi/lib/thumb/v7-m/nofp\libc_nano.a(libc_a-init.o)
                0x08007220                __libc_init_array
 *(.glue_7)
 .glue_7        0x08007268        0x0 linker stubs
 *(.glue_7t)
 .glue_7t       0x08007268        0x0 linker stubs
 *(.eh_frame)
 .eh_frame      0x08007268        0x0 C:/ST/STM32CubeIDE_1.15.0/STM32CubeIDE/plugins/com.st.stm32cube.ide.mcu.externaltools.gnu-tools-for-stm32.12.3.rel1.win32_1.0.100.202403111256/tools/bin/../lib/gcc/arm-none-eabi/12.3.1/thumb/v7-m/nofp/crtbegin.o
 *(.init)
 .init          0x08007268        0x4 C:/ST/STM32CubeIDE_1.15.0/STM32CubeIDE/plugins/com.st.stm32cube.ide.mcu.externaltools.gnu-tools-for-stm32.12.3.rel1.win32_1.0.100.202403111256/tools/bin/../lib/gcc/arm-none-eabi/12.3.1/thumb/v7-m/nofp/crti.o
                0x08007268                _init
 .init          0x0800726c        0x8 C:/ST/STM32CubeIDE_1.15.0/STM32CubeIDE/plugins/com.st.stm32cube.ide.mcu.externaltools.gnu-tools-for-stm32.12.3.rel1.win32_1.0.100.202403111256/tools/bin/../lib/gcc/arm-none-eabi/12.3.1/thumb/v7-m/nofp/crtn.o
 *(.fini)
 .fini          0x08007274        0x4 C:/ST/STM32CubeIDE_1.15.0/STM32CubeIDE/plugins/com.st.stm32cube.ide.mcu.externaltools.gnu-tools-for-stm32.12.3.rel1.win32_1.0.100.202403111256/tools/bin/../lib/gcc/arm-none-eabi/12.3.1/thumb/v7-m/nofp/crti.o
                0x08007274                _fini
 .fini          0x08007278        0x8 C:/ST/STM32CubeIDE_1.15.0/STM32CubeIDE/plugins/com.st.stm32cube.ide.mcu.externaltools.gnu-tools-for-stm32.12.3.rel1.win32_1.0.100.202403111256/tools/bin/../lib/gcc/arm-none-eabi/12.3.1/thumb/v7-m/nofp/crtn.o
                0x08007280                        . = ALIGN (0x4)
                0x08007280                        _etext = .

.vfp11_veneer   0x08007280        0x0
 .vfp11_veneer  0x08007280        0x0 linker stubs

.v4_bx          0x08007280        0x0
 .v4_bx         0x08007280        0x0 linker stubs

.iplt           0x08007280        0x0
 .iplt          0x08007280        0x0 C:/ST/STM32CubeIDE_1.15.0/STM32CubeIDE/plugins/com.st.stm32cube.ide.mcu.externaltools.gnu-tools-for-stm32.12.3.rel1.win32_1.0.100.202403111256/tools/bin/../lib/gcc/arm-none-eabi/12.3.1/thumb/v7-m/nofp/crtbegin.o

.rodata         0x08007280       0x20
                0x08007280                        . = ALIGN (0x4)
 *(.rodata)
 *(.rodata*)
 .rodata.AHBPrescTable
                0x08007280       0x10 ./Core/Src/system_stm32f2xx.o
                0x08007280                AHBPrescTable
 .rodata.APBPrescTable
                0x08007290        0x8 ./Core/Src/system_stm32f2xx.o
                0x08007290                APBPrescTable
 .rodata.flagBitshiftOffset.0
                0x08007298        0x8 ./Drivers/STM32F2xx_HAL_Driver/Src/stm32f2xx_hal_dma.o
                0x080072a0                        . = ALIGN (0x4)

.ARM.extab      0x080072a0        0x0
                0x080072a0                        . = ALIGN (0x4)
 *(.ARM.extab* .gnu.linkonce.armextab.*)
                0x080072a0                        . = ALIGN (0x4)

.ARM            0x080072a0        0x8
                0x080072a0                        . = ALIGN (0x4)
                0x080072a0                        __exidx_start = .
 *(.ARM.exidx*)
 .ARM.exidx     0x080072a0        0x8 C:/ST/STM32CubeIDE_1.15.0/STM32CubeIDE/plugins/com.st.stm32cube.ide.mcu.externaltools.gnu-tools-for-stm32.12.3.rel1.win32_1.0.100.202403111256/tools/bin/../lib/gcc/arm-none-eabi/12.3.1/thumb/v7-m/nofp\libgcc.a(_udivmoddi4.o)
                0x080072a8                        __exidx_end = .
                0x080072a8                        . = ALIGN (0x4)

.preinit_array  0x080072a8        0x0
                0x080072a8                        . = ALIGN (0x4)
                0x080072a8                        PROVIDE (__preinit_array_start = .)
 *(.preinit_array*)
                0x080072a8                        PROVIDE (__preinit_array_end = .)
                0x080072a8                        . = ALIGN (0x4)

.init_array     0x080072a8        0x4
                0x080072a8                        . = ALIGN (0x4)
                0x080072a8                        PROVIDE (__init_array_start = .)
 *(SORT_BY_NAME(.init_array.*))
 *(.init_array*)
 .init_array    0x080072a8        0x4 C:/ST/STM32CubeIDE_1.15.0/STM32CubeIDE/plugins/com.st.stm32cube.ide.mcu.externaltools.gnu-tools-for-stm32.12.3.rel1.win32_1.0.100.202403111256/tools/bin/../lib/gcc/arm-none-eabi/12.3.1/thumb/v7-m/nofp/crtbegin.o
                0x080072ac                        PROVIDE (__init_array_end = .)
                0x080072ac                        . = ALIGN (0x4)

.fini_array     0x080072ac        0x4
                0x080072ac                        . = ALIGN (0x4)
                [!provide]                        PROVIDE (__fini_array_start = .)
 *(SORT_BY_NAME(.fini_array.*))
 *(.fini_array*)
 .fini_array    0x080072ac        0x4 C:/ST/STM32CubeIDE_1.15.0/STM32CubeIDE/plugins/com.st.stm32cube.ide.mcu.externaltools.gnu-tools-for-stm32.12.3.rel1.win32_1.0.100.202403111256/tools/bin/../lib/gcc/arm-none-eabi/12.3.1/thumb/v7-m/nofp/crtbegin.o
                [!provide]                        PROVIDE (__fini_array_end = .)
                0x080072b0                        . = ALIGN (0x4)
                0x080072b0                        _sidata = LOADADDR (.data)

.rel.dyn        0x080072b0        0x0
 .rel.iplt      0x080072b0        0x0 C:/ST/STM32CubeIDE_1.15.0/STM32CubeIDE/plugins/com.st.stm32cube.ide.mcu.externaltools.gnu-tools-for-stm32.12.3.rel1.win32_1.0.100.202403111256/tools/bin/../lib/gcc/arm-none-eabi/12.3.1/thumb/v7-m/nofp/crtbegin.o

.data           0x20000000       0x10 load address 0x080072b0
                0x20000000                        . = ALIGN (0x4)
                0x20000000                        _sdata = .
 *(.data)
 *(.data*)
 .data.usDelay  0x20000000        0x4 ./Core/Src/irs.o
                0x20000000                usDelay
 .data.SystemCoreClock
                0x20000004        0x4 ./Core/Src/system_stm32f2xx.o
                0x20000004                SystemCoreClock
 .data.uwTickPrio
                0x20000008        0x4 ./Drivers/STM32F2xx_HAL_Driver/Src/stm32f2xx_hal.o
                0x20000008                uwTickPrio
 .data.uwTickFreq
                0x2000000c        0x1 ./Drivers/STM32F2xx_HAL_Driver/Src/stm32f2xx_hal.o
                0x2000000c                uwTickFreq
 *(.RamFunc)
 *(.RamFunc*)
                0x20000010                        . = ALIGN (0x4)
 *fill*         0x2000000d        0x3 
                0x20000010                        _edata = .

.igot.plt       0x20000010        0x0 load address 0x080072c0
 .igot.plt      0x20000010        0x0 C:/ST/STM32CubeIDE_1.15.0/STM32CubeIDE/plugins/com.st.stm32cube.ide.mcu.externaltools.gnu-tools-for-stm32.12.3.rel1.win32_1.0.100.202403111256/tools/bin/../lib/gcc/arm-none-eabi/12.3.1/thumb/v7-m/nofp/crtbegin.o
                0x20000010                        . = ALIGN (0x4)

.bss            0x20000010      0x408 load address 0x080072c0
                0x20000010                        _sbss = .
                0x20000010                        __bss_start__ = _sbss
 *(.bss)
 .bss           0x20000010       0x1c C:/ST/STM32CubeIDE_1.15.0/STM32CubeIDE/plugins/com.st.stm32cube.ide.mcu.externaltools.gnu-tools-for-stm32.12.3.rel1.win32_1.0.100.202403111256/tools/bin/../lib/gcc/arm-none-eabi/12.3.1/thumb/v7-m/nofp/crtbegin.o
 *(.bss*)
 .bss.gyro_initialized
                0x2000002c        0x4 ./Core/Src/gyro.o
                0x2000002c                gyro_initialized
 .bss.Gz_offset
                0x20000030        0x4 ./Core/Src/gyro.o
                0x20000030                Gz_offset
 .bss.adc_buf   0x20000034      0x100 ./Core/Src/irs.o
                0x20000034                adc_buf
 .bss.complete  0x20000134        0x1 ./Core/Src/irs.o
                0x20000134                complete
 *fill*         0x20000135        0x3 
 .bss.hadc1     0x20000138       0x48 ./Core/Src/main.o
                0x20000138                hadc1
 .bss.hdma_adc1
                0x20000180       0x60 ./Core/Src/main.o
                0x20000180                hdma_adc1
 .bss.hi2c1     0x200001e0       0x54 ./Core/Src/main.o
                0x200001e0                hi2c1
 .bss.htim1     0x20000234       0x48 ./Core/Src/main.o
                0x20000234                htim1
 .bss.htim3     0x2000027c       0x48 ./Core/Src/main.o
                0x2000027c                htim3
 .bss.htim8     0x200002c4       0x48 ./Core/Src/main.o
                0x200002c4                htim8
 .bss.S1        0x2000030c        0x1 ./Core/Src/main.o
                0x2000030c                S1
 .bss.S2        0x2000030d        0x1 ./Core/Src/main.o
                0x2000030d                S2
 .bss.S3        0x2000030e        0x1 ./Core/Src/main.o
                0x2000030e                S3
 .bss.S4        0x2000030f        0x1 ./Core/Src/main.o
                0x2000030f                S4
 .bss.B1        0x20000310        0x1 ./Core/Src/main.o
                0x20000310                B1
 .bss.B2        0x20000311        0x1 ./Core/Src/main.o
                0x20000311                B2
 .bss.forwardLeftIRvalue
                0x20000312        0x2 ./Core/Src/main.o
                0x20000312                forwardLeftIRvalue
 .bss.leftIRvalue
                0x20000314        0x2 ./Core/Src/main.o
                0x20000314                leftIRvalue
 .bss.rightIRvalue
                0x20000316        0x2 ./Core/Src/main.o
                0x20000316                rightIRvalue
 .bss.forwardRightIRvalue
                0x20000318        0x2 ./Core/Src/main.o
                0x20000318                forwardRightIRvalue
 .bss.irOffset_Set
                0x2000031a        0x2 ./Core/Src/main.o
                0x2000031a                irOffset_Set
 .bss.goal_forward_left
                0x2000031c        0x2 ./Core/Src/main.o
                0x2000031c                goal_forward_left
 .bss.goal_forward_right
                0x2000031e        0x2 ./Core/Src/main.o
                0x2000031e                goal_forward_right
 .bss.goal_left
                0x20000320        0x2 ./Core/Src/main.o
                0x20000320                goal_left
 .bss.goal_right
                0x20000322        0x2 ./Core/Src/main.o
                0x20000322                goal_right
 .bss.Gz        0x20000324        0x4 ./Core/Src/main.o
                0x20000324                Gz
 .bss.goal_distance
                0x20000328        0x4 ./Core/Src/pid.o
                0x20000328                goal_distance
 .bss.goal_angle
                0x2000032c        0x4 ./Core/Src/pid.o
                0x2000032c                goal_angle
 .bss.IRAngleOffset
                0x20000330        0x2 ./Core/Src/pid.o
                0x20000330                IRAngleOffset
 *fill*         0x20000332        0x2 
 .bss.angleError
                0x20000334        0x4 ./Core/Src/pid.o
                0x20000334                angleError
 .bss.oldAngleError
                0x20000338        0x4 ./Core/Src/pid.o
                0x20000338                oldAngleError
 .bss.oldAngleErrors
                0x2000033c       0x28 ./Core/Src/pid.o
                0x2000033c                oldAngleErrors
 .bss.angleCorrection
                0x20000364        0x4 ./Core/Src/pid.o
                0x20000364                angleCorrection
 .bss.distanceError
                0x20000368        0x4 ./Core/Src/pid.o
                0x20000368                distanceError
 .bss.oldDistanceError
                0x2000036c        0x4 ./Core/Src/pid.o
                0x2000036c                oldDistanceError
 .bss.oldDistanceErrors
                0x20000370       0x28 ./Core/Src/pid.o
                0x20000370                oldDistanceErrors
 .bss.distanceCorrection
                0x20000398        0x4 ./Core/Src/pid.o
                0x20000398                distanceCorrection
 .bss.oldDistanceCorrection
                0x2000039c        0x4 ./Core/Src/pid.o
                0x2000039c                oldDistanceCorrection
 .bss.left_distance
                0x200003a0        0x4 ./Core/Src/pid.o
                0x200003a0                left_distance
 .bss.old_left_distance
                0x200003a4        0x4 ./Core/Src/pid.o
                0x200003a4                old_left_distance
 .bss.old_left_distances
                0x200003a8       0x28 ./Core/Src/pid.o
                0x200003a8                old_left_distances
 .bss.right_distance
                0x200003d0        0x4 ./Core/Src/pid.o
                0x200003d0                right_distance
 .bss.old_right_distance
                0x200003d4        0x4 ./Core/Src/pid.o
                0x200003d4                old_right_distance
 .bss.old_right_distances
                0x200003d8       0x28 ./Core/Src/pid.o
                0x200003d8                old_right_distances
 .bss.IRadjustment
                0x20000400        0x4 ./Core/Src/pid.o
                0x20000400                IRadjustment
 .bss.state     0x20000404        0x1 ./Core/Src/pid.o
                0x20000404                state
 *fill*         0x20000405        0x3 
 .bss.left_PWM_value
                0x20000408        0x4 ./Core/Src/pid.o
                0x20000408                left_PWM_value
 .bss.right_PWM_value
                0x2000040c        0x4 ./Core/Src/pid.o
                0x2000040c                right_PWM_value
 .bss.goal_reached_timer
                0x20000410        0x4 ./Core/Src/pid.o
                0x20000410                goal_reached_timer
 .bss.uwTick    0x20000414        0x4 ./Drivers/STM32F2xx_HAL_Driver/Src/stm32f2xx_hal.o
                0x20000414                uwTick
 *(COMMON)
                0x20000418                        . = ALIGN (0x4)
                0x20000418                        _ebss = .
                0x20000418                        __bss_end__ = _ebss

._user_heap_stack
                0x20000418      0x600 load address 0x080072c0
                0x20000418                        . = ALIGN (0x8)
                [!provide]                        PROVIDE (end = .)
                0x20000418                        PROVIDE (_end = .)
                0x20000618                        . = (. + _Min_Heap_Size)
 *fill*         0x20000418      0x200 
                0x20000a18                        . = (. + _Min_Stack_Size)
 *fill*         0x20000618      0x400 
                0x20000a18                        . = ALIGN (0x8)

/DISCARD/
 libc.a(*)
 libm.a(*)
 libgcc.a(*)

.ARM.attributes
                0x00000000       0x29
 *(.ARM.attributes)
 .ARM.attributes
                0x00000000       0x1d C:/ST/STM32CubeIDE_1.15.0/STM32CubeIDE/plugins/com.st.stm32cube.ide.mcu.externaltools.gnu-tools-for-stm32.12.3.rel1.win32_1.0.100.202403111256/tools/bin/../lib/gcc/arm-none-eabi/12.3.1/thumb/v7-m/nofp/crti.o
 .ARM.attributes
                0x0000001d       0x2d C:/ST/STM32CubeIDE_1.15.0/STM32CubeIDE/plugins/com.st.stm32cube.ide.mcu.externaltools.gnu-tools-for-stm32.12.3.rel1.win32_1.0.100.202403111256/tools/bin/../lib/gcc/arm-none-eabi/12.3.1/thumb/v7-m/nofp/crtbegin.o
 .ARM.attributes
                0x0000004a       0x2d ./Core/Src/delay.o
 .ARM.attributes
                0x00000077       0x2d ./Core/Src/encoders.o
 .ARM.attributes
                0x000000a4       0x2d ./Core/Src/gyro.o
 .ARM.attributes
                0x000000d1       0x2d ./Core/Src/irs.o
 .ARM.attributes
                0x000000fe       0x2d ./Core/Src/main.o
 .ARM.attributes
                0x0000012b       0x2d ./Core/Src/motors.o
 .ARM.attributes
                0x00000158       0x2d ./Core/Src/pid.o
 .ARM.attributes
                0x00000185       0x2d ./Core/Src/stm32f2xx_hal_msp.o
 .ARM.attributes
                0x000001b2       0x2d ./Core/Src/stm32f2xx_it.o
 .ARM.attributes
                0x000001df       0x2d ./Core/Src/system_stm32f2xx.o
 .ARM.attributes
                0x0000020c       0x2d ./Core/Src/systick.o
 .ARM.attributes
                0x00000239       0x2d ./Core/Src/utility.o
 .ARM.attributes
                0x00000266       0x21 ./Core/Startup/startup_stm32f205retx.o
 .ARM.attributes
                0x00000287       0x2d ./Drivers/STM32F2xx_HAL_Driver/Src/stm32f2xx_hal.o
 .ARM.attributes
                0x000002b4       0x2d ./Drivers/STM32F2xx_HAL_Driver/Src/stm32f2xx_hal_adc.o
 .ARM.attributes
                0x000002e1       0x2d ./Drivers/STM32F2xx_HAL_Driver/Src/stm32f2xx_hal_cortex.o
 .ARM.attributes
                0x0000030e       0x2d ./Drivers/STM32F2xx_HAL_Driver/Src/stm32f2xx_hal_dma.o
 .ARM.attributes
                0x0000033b       0x2d ./Drivers/STM32F2xx_HAL_Driver/Src/stm32f2xx_hal_gpio.o
 .ARM.attributes
                0x00000368       0x2d ./Drivers/STM32F2xx_HAL_Driver/Src/stm32f2xx_hal_i2c.o
 .ARM.attributes
                0x00000395       0x2d ./Drivers/STM32F2xx_HAL_Driver/Src/stm32f2xx_hal_rcc.o
 .ARM.attributes
                0x000003c2       0x2d ./Drivers/STM32F2xx_HAL_Driver/Src/stm32f2xx_hal_tim.o
 .ARM.attributes
                0x000003ef       0x2d ./Drivers/STM32F2xx_HAL_Driver/Src/stm32f2xx_hal_tim_ex.o
 .ARM.attributes
                0x0000041c       0x2d C:/ST/STM32CubeIDE_1.15.0/STM32CubeIDE/plugins/com.st.stm32cube.ide.mcu.externaltools.gnu-tools-for-stm32.12.3.rel1.win32_1.0.100.202403111256/tools/bin/../lib/gcc/arm-none-eabi/12.3.1/../../../../arm-none-eabi/lib/thumb/v7-m/nofp\libc_nano.a(libc_a-memset.o)
 .ARM.attributes
                0x00000449       0x2d C:/ST/STM32CubeIDE_1.15.0/STM32CubeIDE/plugins/com.st.stm32cube.ide.mcu.externaltools.gnu-tools-for-stm32.12.3.rel1.win32_1.0.100.202403111256/tools/bin/../lib/gcc/arm-none-eabi/12.3.1/../../../../arm-none-eabi/lib/thumb/v7-m/nofp\libc_nano.a(libc_a-init.o)
 .ARM.attributes
                0x00000476       0x1d C:/ST/STM32CubeIDE_1.15.0/STM32CubeIDE/plugins/com.st.stm32cube.ide.mcu.externaltools.gnu-tools-for-stm32.12.3.rel1.win32_1.0.100.202403111256/tools/bin/../lib/gcc/arm-none-eabi/12.3.1/thumb/v7-m/nofp\libgcc.a(_arm_addsubdf3.o)
 .ARM.attributes
                0x00000493       0x1d C:/ST/STM32CubeIDE_1.15.0/STM32CubeIDE/plugins/com.st.stm32cube.ide.mcu.externaltools.gnu-tools-for-stm32.12.3.rel1.win32_1.0.100.202403111256/tools/bin/../lib/gcc/arm-none-eabi/12.3.1/thumb/v7-m/nofp\libgcc.a(_arm_muldivdf3.o)
 .ARM.attributes
                0x000004b0       0x1d C:/ST/STM32CubeIDE_1.15.0/STM32CubeIDE/plugins/com.st.stm32cube.ide.mcu.externaltools.gnu-tools-for-stm32.12.3.rel1.win32_1.0.100.202403111256/tools/bin/../lib/gcc/arm-none-eabi/12.3.1/thumb/v7-m/nofp\libgcc.a(_arm_cmpdf2.o)
 .ARM.attributes
                0x000004cd       0x1d C:/ST/STM32CubeIDE_1.15.0/STM32CubeIDE/plugins/com.st.stm32cube.ide.mcu.externaltools.gnu-tools-for-stm32.12.3.rel1.win32_1.0.100.202403111256/tools/bin/../lib/gcc/arm-none-eabi/12.3.1/thumb/v7-m/nofp\libgcc.a(_arm_truncdfsf2.o)
 .ARM.attributes
                0x000004ea       0x1d C:/ST/STM32CubeIDE_1.15.0/STM32CubeIDE/plugins/com.st.stm32cube.ide.mcu.externaltools.gnu-tools-for-stm32.12.3.rel1.win32_1.0.100.202403111256/tools/bin/../lib/gcc/arm-none-eabi/12.3.1/thumb/v7-m/nofp\libgcc.a(_arm_addsubsf3.o)
 .ARM.attributes
                0x00000507       0x1d C:/ST/STM32CubeIDE_1.15.0/STM32CubeIDE/plugins/com.st.stm32cube.ide.mcu.externaltools.gnu-tools-for-stm32.12.3.rel1.win32_1.0.100.202403111256/tools/bin/../lib/gcc/arm-none-eabi/12.3.1/thumb/v7-m/nofp\libgcc.a(_arm_muldivsf3.o)
 .ARM.attributes
                0x00000524       0x1d C:/ST/STM32CubeIDE_1.15.0/STM32CubeIDE/plugins/com.st.stm32cube.ide.mcu.externaltools.gnu-tools-for-stm32.12.3.rel1.win32_1.0.100.202403111256/tools/bin/../lib/gcc/arm-none-eabi/12.3.1/thumb/v7-m/nofp\libgcc.a(_arm_cmpsf2.o)
 .ARM.attributes
                0x00000541       0x1d C:/ST/STM32CubeIDE_1.15.0/STM32CubeIDE/plugins/com.st.stm32cube.ide.mcu.externaltools.gnu-tools-for-stm32.12.3.rel1.win32_1.0.100.202403111256/tools/bin/../lib/gcc/arm-none-eabi/12.3.1/thumb/v7-m/nofp\libgcc.a(_arm_fixunssfsi.o)
 .ARM.attributes
                0x0000055e       0x1d C:/ST/STM32CubeIDE_1.15.0/STM32CubeIDE/plugins/com.st.stm32cube.ide.mcu.externaltools.gnu-tools-for-stm32.12.3.rel1.win32_1.0.100.202403111256/tools/bin/../lib/gcc/arm-none-eabi/12.3.1/thumb/v7-m/nofp\libgcc.a(_aeabi_uldivmod.o)
 .ARM.attributes
                0x0000057b       0x2d C:/ST/STM32CubeIDE_1.15.0/STM32CubeIDE/plugins/com.st.stm32cube.ide.mcu.externaltools.gnu-tools-for-stm32.12.3.rel1.win32_1.0.100.202403111256/tools/bin/../lib/gcc/arm-none-eabi/12.3.1/thumb/v7-m/nofp\libgcc.a(_udivmoddi4.o)
 .ARM.attributes
                0x000005a8       0x1d C:/ST/STM32CubeIDE_1.15.0/STM32CubeIDE/plugins/com.st.stm32cube.ide.mcu.externaltools.gnu-tools-for-stm32.12.3.rel1.win32_1.0.100.202403111256/tools/bin/../lib/gcc/arm-none-eabi/12.3.1/thumb/v7-m/nofp\libgcc.a(_dvmd_tls.o)
 .ARM.attributes
                0x000005c5       0x1d C:/ST/STM32CubeIDE_1.15.0/STM32CubeIDE/plugins/com.st.stm32cube.ide.mcu.externaltools.gnu-tools-for-stm32.12.3.rel1.win32_1.0.100.202403111256/tools/bin/../lib/gcc/arm-none-eabi/12.3.1/thumb/v7-m/nofp/crtn.o
OUTPUT(imposter.elf elf32-littlearm)
LOAD linker stubs
LOAD C:/ST/STM32CubeIDE_1.15.0/STM32CubeIDE/plugins/com.st.stm32cube.ide.mcu.externaltools.gnu-tools-for-stm32.12.3.rel1.win32_1.0.100.202403111256/tools/bin/../lib/gcc/arm-none-eabi/12.3.1/../../../../arm-none-eabi/lib/thumb/v7-m/nofp\libc.a
LOAD C:/ST/STM32CubeIDE_1.15.0/STM32CubeIDE/plugins/com.st.stm32cube.ide.mcu.externaltools.gnu-tools-for-stm32.12.3.rel1.win32_1.0.100.202403111256/tools/bin/../lib/gcc/arm-none-eabi/12.3.1/../../../../arm-none-eabi/lib/thumb/v7-m/nofp\libm.a
LOAD C:/ST/STM32CubeIDE_1.15.0/STM32CubeIDE/plugins/com.st.stm32cube.ide.mcu.externaltools.gnu-tools-for-stm32.12.3.rel1.win32_1.0.100.202403111256/tools/bin/../lib/gcc/arm-none-eabi/12.3.1/thumb/v7-m/nofp\libgcc.a

.debug_info     0x00000000     0xfc25
 .debug_info    0x00000000      0x269 ./Core/Src/delay.o
 .debug_info    0x00000269      0x1f9 ./Core/Src/encoders.o
 .debug_info    0x00000462      0x7e0 ./Core/Src/gyro.o
 .debug_info    0x00000c42      0x8c3 ./Core/Src/irs.o
 .debug_info    0x00001505     0x1b91 ./Core/Src/main.o
 .debug_info    0x00003096      0x22b ./Core/Src/motors.o
 .debug_info    0x000032c1      0x709 ./Core/Src/pid.o
 .debug_info    0x000039ca     0x13f6 ./Core/Src/stm32f2xx_hal_msp.o
 .debug_info    0x00004dc0      0x712 ./Core/Src/stm32f2xx_it.o
 .debug_info    0x000054d2      0x31f ./Core/Src/system_stm32f2xx.o
 .debug_info    0x000057f1      0x221 ./Core/Src/systick.o
 .debug_info    0x00005a12      0x222 ./Core/Src/utility.o
 .debug_info    0x00005c34       0x30 ./Core/Startup/startup_stm32f205retx.o
 .debug_info    0x00005c64      0x9b1 ./Drivers/STM32F2xx_HAL_Driver/Src/stm32f2xx_hal.o
 .debug_info    0x00006615      0xcd0 ./Drivers/STM32F2xx_HAL_Driver/Src/stm32f2xx_hal_adc.o
 .debug_info    0x000072e5      0xd34 ./Drivers/STM32F2xx_HAL_Driver/Src/stm32f2xx_hal_cortex.o
 .debug_info    0x00008019      0x8e7 ./Drivers/STM32F2xx_HAL_Driver/Src/stm32f2xx_hal_dma.o
 .debug_info    0x00008900      0x68e ./Drivers/STM32F2xx_HAL_Driver/Src/stm32f2xx_hal_gpio.o
 .debug_info    0x00008f8e     0x2406 ./Drivers/STM32F2xx_HAL_Driver/Src/stm32f2xx_hal_i2c.o
 .debug_info    0x0000b394      0xa39 ./Drivers/STM32F2xx_HAL_Driver/Src/stm32f2xx_hal_rcc.o
 .debug_info    0x0000bdcd     0x297d ./Drivers/STM32F2xx_HAL_Driver/Src/stm32f2xx_hal_tim.o
 .debug_info    0x0000e74a     0x14db ./Drivers/STM32F2xx_HAL_Driver/Src/stm32f2xx_hal_tim_ex.o

.debug_abbrev   0x00000000     0x2a57
 .debug_abbrev  0x00000000       0xe7 ./Core/Src/delay.o
 .debug_abbrev  0x000000e7       0xb8 ./Core/Src/encoders.o
 .debug_abbrev  0x0000019f      0x1e2 ./Core/Src/gyro.o
 .debug_abbrev  0x00000381      0x23e ./Core/Src/irs.o
 .debug_abbrev  0x000005bf      0x34c ./Core/Src/main.o
 .debug_abbrev  0x0000090b       0xe7 ./Core/Src/motors.o
 .debug_abbrev  0x000009f2      0x217 ./Core/Src/pid.o
 .debug_abbrev  0x00000c09      0x256 ./Core/Src/stm32f2xx_hal_msp.o
 .debug_abbrev  0x00000e5f      0x195 ./Core/Src/stm32f2xx_it.o
 .debug_abbrev  0x00000ff4      0x11c ./Core/Src/system_stm32f2xx.o
 .debug_abbrev  0x00001110       0xfb ./Core/Src/systick.o
 .debug_abbrev  0x0000120b      0x12c ./Core/Src/utility.o
 .debug_abbrev  0x00001337       0x24 ./Core/Startup/startup_stm32f205retx.o
 .debug_abbrev  0x0000135b      0x286 ./Drivers/STM32F2xx_HAL_Driver/Src/stm32f2xx_hal.o
 .debug_abbrev  0x000015e1      0x28b ./Drivers/STM32F2xx_HAL_Driver/Src/stm32f2xx_hal_adc.o
 .debug_abbrev  0x0000186c      0x327 ./Drivers/STM32F2xx_HAL_Driver/Src/stm32f2xx_hal_cortex.o
 .debug_abbrev  0x00001b93      0x264 ./Drivers/STM32F2xx_HAL_Driver/Src/stm32f2xx_hal_dma.o
 .debug_abbrev  0x00001df7      0x1cb ./Drivers/STM32F2xx_HAL_Driver/Src/stm32f2xx_hal_gpio.o
 .debug_abbrev  0x00001fc2      0x2ad ./Drivers/STM32F2xx_HAL_Driver/Src/stm32f2xx_hal_i2c.o
 .debug_abbrev  0x0000226f      0x2d6 ./Drivers/STM32F2xx_HAL_Driver/Src/stm32f2xx_hal_rcc.o
 .debug_abbrev  0x00002545      0x28f ./Drivers/STM32F2xx_HAL_Driver/Src/stm32f2xx_hal_tim.o
 .debug_abbrev  0x000027d4      0x283 ./Drivers/STM32F2xx_HAL_Driver/Src/stm32f2xx_hal_tim_ex.o

.debug_aranges  0x00000000      0xfd8
 .debug_aranges
                0x00000000       0x28 ./Core/Src/delay.o
 .debug_aranges
                0x00000028       0x30 ./Core/Src/encoders.o
 .debug_aranges
                0x00000058       0x28 ./Core/Src/gyro.o
 .debug_aranges
                0x00000080       0x50 ./Core/Src/irs.o
 .debug_aranges
                0x000000d0       0x80 ./Core/Src/main.o
 .debug_aranges
                0x00000150       0x38 ./Core/Src/motors.o
 .debug_aranges
                0x00000188       0x78 ./Core/Src/pid.o
 .debug_aranges
                0x00000200       0x68 ./Core/Src/stm32f2xx_hal_msp.o
 .debug_aranges
                0x00000268       0x70 ./Core/Src/stm32f2xx_it.o
 .debug_aranges
                0x000002d8       0x28 ./Core/Src/system_stm32f2xx.o
 .debug_aranges
                0x00000300       0x20 ./Core/Src/systick.o
 .debug_aranges
                0x00000320       0x50 ./Core/Src/utility.o
 .debug_aranges
                0x00000370       0x28 ./Core/Startup/startup_stm32f205retx.o
 .debug_aranges
                0x00000398       0xf0 ./Drivers/STM32F2xx_HAL_Driver/Src/stm32f2xx_hal.o
 .debug_aranges
                0x00000488       0xe8 ./Drivers/STM32F2xx_HAL_Driver/Src/stm32f2xx_hal_adc.o
 .debug_aranges
                0x00000570      0x118 ./Drivers/STM32F2xx_HAL_Driver/Src/stm32f2xx_hal_cortex.o
 .debug_aranges
                0x00000688       0x90 ./Drivers/STM32F2xx_HAL_Driver/Src/stm32f2xx_hal_dma.o
 .debug_aranges
                0x00000718       0x58 ./Drivers/STM32F2xx_HAL_Driver/Src/stm32f2xx_hal_gpio.o
 .debug_aranges
                0x00000770      0x2a8 ./Drivers/STM32F2xx_HAL_Driver/Src/stm32f2xx_hal_i2c.o
 .debug_aranges
                0x00000a18       0x88 ./Drivers/STM32F2xx_HAL_Driver/Src/stm32f2xx_hal_rcc.o
 .debug_aranges
                0x00000aa0      0x3d0 ./Drivers/STM32F2xx_HAL_Driver/Src/stm32f2xx_hal_tim.o
 .debug_aranges
                0x00000e70      0x168 ./Drivers/STM32F2xx_HAL_Driver/Src/stm32f2xx_hal_tim_ex.o

.debug_rnglists
                0x00000000      0xc48
 .debug_rnglists
                0x00000000       0x19 ./Core/Src/delay.o
 .debug_rnglists
                0x00000019       0x1f ./Core/Src/encoders.o
 .debug_rnglists
                0x00000038       0x1b ./Core/Src/gyro.o
 .debug_rnglists
                0x00000053       0x39 ./Core/Src/irs.o
 .debug_rnglists
                0x0000008c       0x62 ./Core/Src/main.o
 .debug_rnglists
                0x000000ee       0x25 ./Core/Src/motors.o
 .debug_rnglists
                0x00000113       0x5a ./Core/Src/pid.o
 .debug_rnglists
                0x0000016d       0x4c ./Core/Src/stm32f2xx_hal_msp.o
 .debug_rnglists
                0x000001b9       0x4f ./Core/Src/stm32f2xx_it.o
 .debug_rnglists
                0x00000208       0x1a ./Core/Src/system_stm32f2xx.o
 .debug_rnglists
                0x00000222       0x13 ./Core/Src/systick.o
 .debug_rnglists
                0x00000235       0x37 ./Core/Src/utility.o
 .debug_rnglists
                0x0000026c       0x19 ./Core/Startup/startup_stm32f205retx.o
 .debug_rnglists
                0x00000285       0xaf ./Drivers/STM32F2xx_HAL_Driver/Src/stm32f2xx_hal.o
 .debug_rnglists
                0x00000334       0xb5 ./Drivers/STM32F2xx_HAL_Driver/Src/stm32f2xx_hal_adc.o
 .debug_rnglists
                0x000003e9       0xce ./Drivers/STM32F2xx_HAL_Driver/Src/stm32f2xx_hal_cortex.o
 .debug_rnglists
                0x000004b7       0x70 ./Drivers/STM32F2xx_HAL_Driver/Src/stm32f2xx_hal_dma.o
 .debug_rnglists
                0x00000527       0x3f ./Drivers/STM32F2xx_HAL_Driver/Src/stm32f2xx_hal_gpio.o
 .debug_rnglists
                0x00000566      0x23c ./Drivers/STM32F2xx_HAL_Driver/Src/stm32f2xx_hal_i2c.o
 .debug_rnglists
                0x000007a2       0x67 ./Drivers/STM32F2xx_HAL_Driver/Src/stm32f2xx_hal_rcc.o
 .debug_rnglists
                0x00000809      0x31a ./Drivers/STM32F2xx_HAL_Driver/Src/stm32f2xx_hal_tim.o
 .debug_rnglists
                0x00000b23      0x125 ./Drivers/STM32F2xx_HAL_Driver/Src/stm32f2xx_hal_tim_ex.o

.debug_macro    0x00000000     0x2cfe
 .debug_macro   0x00000000      0x1f9 ./Core/Src/delay.o
 .debug_macro   0x000001f9      0x1f9 ./Core/Src/encoders.o
 .debug_macro   0x000003f2      0x20c ./Core/Src/gyro.o
 .debug_macro   0x000005fe       0x58 ./Core/Src/gyro.o
 .debug_macro   0x00000656      0x206 ./Core/Src/irs.o
 .debug_macro   0x0000085c      0x23f ./Core/Src/main.o
 .debug_macro   0x00000a9b       0x1c ./Core/Src/main.o
 .debug_macro   0x00000ab7       0x5e ./Core/Src/main.o
 .debug_macro   0x00000b15      0x1f8 ./Core/Src/motors.o
 .debug_macro   0x00000d0d      0x2c8 ./Core/Src/pid.o
 .debug_macro   0x00000fd5       0x5b ./Core/Src/pid.o
 .debug_macro   0x00001030       0x94 ./Core/Src/pid.o
 .debug_macro   0x000010c4       0x57 ./Core/Src/pid.o
 .debug_macro   0x0000111b       0x4f ./Core/Src/pid.o
 .debug_macro   0x0000116a      0x1ef ./Core/Src/stm32f2xx_hal_msp.o
 .debug_macro   0x00001359      0x207 ./Core/Src/stm32f2xx_it.o
 .debug_macro   0x00001560      0x1e0 ./Core/Src/system_stm32f2xx.o
 .debug_macro   0x00001740      0x207 ./Core/Src/systick.o
 .debug_macro   0x00001947      0x202 ./Core/Src/utility.o
 .debug_macro   0x00001b49      0x22e ./Drivers/STM32F2xx_HAL_Driver/Src/stm32f2xx_hal.o
 .debug_macro   0x00001d77      0x1e1 ./Drivers/STM32F2xx_HAL_Driver/Src/stm32f2xx_hal_adc.o
 .debug_macro   0x00001f58      0x1e0 ./Drivers/STM32F2xx_HAL_Driver/Src/stm32f2xx_hal_cortex.o
 .debug_macro   0x00002138      0x1e6 ./Drivers/STM32F2xx_HAL_Driver/Src/stm32f2xx_hal_dma.o
 .debug_macro   0x0000231e      0x1e7 ./Drivers/STM32F2xx_HAL_Driver/Src/stm32f2xx_hal_gpio.o
 .debug_macro   0x00002505      0x22e ./Drivers/STM32F2xx_HAL_Driver/Src/stm32f2xx_hal_i2c.o
 .debug_macro   0x00002733      0x20a ./Drivers/STM32F2xx_HAL_Driver/Src/stm32f2xx_hal_rcc.o
 .debug_macro   0x0000293d      0x1e1 ./Drivers/STM32F2xx_HAL_Driver/Src/stm32f2xx_hal_tim.o
 .debug_macro   0x00002b1e      0x1e0 ./Drivers/STM32F2xx_HAL_Driver/Src/stm32f2xx_hal_tim_ex.o

.debug_line     0x00000000    0x14d36
 .debug_line    0x00000000      0x7ab ./Core/Src/delay.o
 .debug_line    0x000007ab      0x7a2 ./Core/Src/encoders.o
 .debug_line    0x00000f4d      0x83c ./Core/Src/gyro.o
 .debug_line    0x00001789      0x883 ./Core/Src/irs.o
 .debug_line    0x0000200c      0xb95 ./Core/Src/main.o
 .debug_line    0x00002ba1      0x810 ./Core/Src/motors.o
 .debug_line    0x000033b1      0xea0 ./Core/Src/pid.o
 .debug_line    0x00004251      0x90e ./Core/Src/stm32f2xx_hal_msp.o
 .debug_line    0x00004b5f      0x85e ./Core/Src/stm32f2xx_it.o
 .debug_line    0x000053bd      0x7da ./Core/Src/system_stm32f2xx.o
 .debug_line    0x00005b97      0x7a9 ./Core/Src/systick.o
 .debug_line    0x00006340      0x81f ./Core/Src/utility.o
 .debug_line    0x00006b5f       0x7a ./Core/Startup/startup_stm32f205retx.o
 .debug_line    0x00006bd9      0xa77 ./Drivers/STM32F2xx_HAL_Driver/Src/stm32f2xx_hal.o
 .debug_line    0x00007650     0x11d1 ./Drivers/STM32F2xx_HAL_Driver/Src/stm32f2xx_hal_adc.o
 .debug_line    0x00008821      0xcf8 ./Drivers/STM32F2xx_HAL_Driver/Src/stm32f2xx_hal_cortex.o
 .debug_line    0x00009519      0xfbb ./Drivers/STM32F2xx_HAL_Driver/Src/stm32f2xx_hal_dma.o
 .debug_line    0x0000a4d4      0xbdd ./Drivers/STM32F2xx_HAL_Driver/Src/stm32f2xx_hal_gpio.o
 .debug_line    0x0000b0b1     0x3b5c ./Drivers/STM32F2xx_HAL_Driver/Src/stm32f2xx_hal_i2c.o
 .debug_line    0x0000ec0d      0xf06 ./Drivers/STM32F2xx_HAL_Driver/Src/stm32f2xx_hal_rcc.o
 .debug_line    0x0000fb13     0x37d4 ./Drivers/STM32F2xx_HAL_Driver/Src/stm32f2xx_hal_tim.o
 .debug_line    0x000132e7     0x1a4f ./Drivers/STM32F2xx_HAL_Driver/Src/stm32f2xx_hal_tim_ex.o

.debug_str      0x00000000    0xbd579
 .debug_str     0x00000000    0xb4e89 ./Core/Src/delay.o
                              0xb5163 (size before relaxing)
 .debug_str     0x000b4e89       0x77 ./Core/Src/encoders.o
                              0xb50ea (size before relaxing)
 .debug_str     0x000b4f00      0x67e ./Core/Src/gyro.o
                              0xb5747 (size before relaxing)
 .debug_str     0x000b557e      0x33a ./Core/Src/irs.o
                              0xb5674 (size before relaxing)
 .debug_str     0x000b58b8      0xeef ./Core/Src/main.o
                              0xb6903 (size before relaxing)
 .debug_str     0x000b67a7       0x44 ./Core/Src/motors.o
                              0xb50f3 (size before relaxing)
 .debug_str     0x000b67eb     0x3c04 ./Core/Src/pid.o
                              0xb8daa (size before relaxing)
 .debug_str     0x000ba3ef      0x12c ./Core/Src/stm32f2xx_hal_msp.o
                              0xb6191 (size before relaxing)
 .debug_str     0x000ba51b      0x140 ./Core/Src/stm32f2xx_it.o
                              0xb56a3 (size before relaxing)
 .debug_str     0x000ba65b       0x87 ./Core/Src/system_stm32f2xx.o
                              0xb4c39 (size before relaxing)
 .debug_str     0x000ba6e2       0x21 ./Core/Src/systick.o
                              0xb511a (size before relaxing)
 .debug_str     0x000ba703       0xc6 ./Core/Src/utility.o
                              0xb517f (size before relaxing)
 .debug_str     0x000ba7c9       0x44 ./Core/Startup/startup_stm32f205retx.o
                                 0x8c (size before relaxing)
 .debug_str     0x000ba80d      0x568 ./Drivers/STM32F2xx_HAL_Driver/Src/stm32f2xx_hal.o
                              0xb5764 (size before relaxing)
 .debug_str     0x000bad75      0x281 ./Drivers/STM32F2xx_HAL_Driver/Src/stm32f2xx_hal_adc.o
                              0xb5280 (size before relaxing)
 .debug_str     0x000baff6      0x37a ./Drivers/STM32F2xx_HAL_Driver/Src/stm32f2xx_hal_cortex.o
                              0xb5529 (size before relaxing)
 .debug_str     0x000bb370      0x2d5 ./Drivers/STM32F2xx_HAL_Driver/Src/stm32f2xx_hal_dma.o
                              0xb50a7 (size before relaxing)
 .debug_str     0x000bb645      0x109 ./Drivers/STM32F2xx_HAL_Driver/Src/stm32f2xx_hal_gpio.o
                              0xb4df7 (size before relaxing)
 .debug_str     0x000bb74e      0xb4c ./Drivers/STM32F2xx_HAL_Driver/Src/stm32f2xx_hal_i2c.o
                              0xb5cab (size before relaxing)
 .debug_str     0x000bc29a      0x23c ./Drivers/STM32F2xx_HAL_Driver/Src/stm32f2xx_hal_rcc.o
                              0xb50eb (size before relaxing)
 .debug_str     0x000bc4d6      0xcc2 ./Drivers/STM32F2xx_HAL_Driver/Src/stm32f2xx_hal_tim.o
                              0xb6007 (size before relaxing)
 .debug_str     0x000bd198      0x3e1 ./Drivers/STM32F2xx_HAL_Driver/Src/stm32f2xx_hal_tim_ex.o
                              0xb5823 (size before relaxing)

.comment        0x00000000       0x43
 .comment       0x00000000       0x43 ./Core/Src/delay.o
                                 0x44 (size before relaxing)
 .comment       0x00000043       0x44 ./Core/Src/encoders.o
 .comment       0x00000043       0x44 ./Core/Src/gyro.o
 .comment       0x00000043       0x44 ./Core/Src/irs.o
 .comment       0x00000043       0x44 ./Core/Src/main.o
 .comment       0x00000043       0x44 ./Core/Src/motors.o
 .comment       0x00000043       0x44 ./Core/Src/pid.o
 .comment       0x00000043       0x44 ./Core/Src/stm32f2xx_hal_msp.o
 .comment       0x00000043       0x44 ./Core/Src/stm32f2xx_it.o
 .comment       0x00000043       0x44 ./Core/Src/system_stm32f2xx.o
 .comment       0x00000043       0x44 ./Core/Src/systick.o
 .comment       0x00000043       0x44 ./Core/Src/utility.o
 .comment       0x00000043       0x44 ./Drivers/STM32F2xx_HAL_Driver/Src/stm32f2xx_hal.o
 .comment       0x00000043       0x44 ./Drivers/STM32F2xx_HAL_Driver/Src/stm32f2xx_hal_adc.o
 .comment       0x00000043       0x44 ./Drivers/STM32F2xx_HAL_Driver/Src/stm32f2xx_hal_cortex.o
 .comment       0x00000043       0x44 ./Drivers/STM32F2xx_HAL_Driver/Src/stm32f2xx_hal_dma.o
 .comment       0x00000043       0x44 ./Drivers/STM32F2xx_HAL_Driver/Src/stm32f2xx_hal_gpio.o
 .comment       0x00000043       0x44 ./Drivers/STM32F2xx_HAL_Driver/Src/stm32f2xx_hal_i2c.o
 .comment       0x00000043       0x44 ./Drivers/STM32F2xx_HAL_Driver/Src/stm32f2xx_hal_rcc.o
 .comment       0x00000043       0x44 ./Drivers/STM32F2xx_HAL_Driver/Src/stm32f2xx_hal_tim.o
 .comment       0x00000043       0x44 ./Drivers/STM32F2xx_HAL_Driver/Src/stm32f2xx_hal_tim_ex.o

.debug_frame    0x00000000     0x44d8
 .debug_frame   0x00000000       0x58 ./Core/Src/delay.o
 .debug_frame   0x00000058       0x70 ./Core/Src/encoders.o
 .debug_frame   0x000000c8       0x64 ./Core/Src/gyro.o
 .debug_frame   0x0000012c       0xec ./Core/Src/irs.o
 .debug_frame   0x00000218      0x1c8 ./Core/Src/main.o
 .debug_frame   0x000003e0       0xa0 ./Core/Src/motors.o
 .debug_frame   0x00000480      0x1d4 ./Core/Src/pid.o
 .debug_frame   0x00000654      0x17c ./Core/Src/stm32f2xx_hal_msp.o
 .debug_frame   0x000007d0      0x13c ./Core/Src/stm32f2xx_it.o
 .debug_frame   0x0000090c       0x58 ./Core/Src/system_stm32f2xx.o
 .debug_frame   0x00000964       0x38 ./Core/Src/systick.o
 .debug_frame   0x0000099c      0x100 ./Core/Src/utility.o
 .debug_frame   0x00000a9c      0x384 ./Drivers/STM32F2xx_HAL_Driver/Src/stm32f2xx_hal.o
 .debug_frame   0x00000e20      0x3fc ./Drivers/STM32F2xx_HAL_Driver/Src/stm32f2xx_hal_adc.o
 .debug_frame   0x0000121c      0x498 ./Drivers/STM32F2xx_HAL_Driver/Src/stm32f2xx_hal_cortex.o
 .debug_frame   0x000016b4      0x250 ./Drivers/STM32F2xx_HAL_Driver/Src/stm32f2xx_hal_dma.o
 .debug_frame   0x00001904      0x14c ./Drivers/STM32F2xx_HAL_Driver/Src/stm32f2xx_hal_gpio.o
 .debug_frame   0x00001a50      0xc84 ./Drivers/STM32F2xx_HAL_Driver/Src/stm32f2xx_hal_i2c.o
 .debug_frame   0x000026d4      0x208 ./Drivers/STM32F2xx_HAL_Driver/Src/stm32f2xx_hal_rcc.o
 .debug_frame   0x000028dc     0x11c4 ./Drivers/STM32F2xx_HAL_Driver/Src/stm32f2xx_hal_tim.o
 .debug_frame   0x00003aa0      0x638 ./Drivers/STM32F2xx_HAL_Driver/Src/stm32f2xx_hal_tim_ex.o
 .debug_frame   0x000040d8       0x20 C:/ST/STM32CubeIDE_1.15.0/STM32CubeIDE/plugins/com.st.stm32cube.ide.mcu.externaltools.gnu-tools-for-stm32.12.3.rel1.win32_1.0.100.202403111256/tools/bin/../lib/gcc/arm-none-eabi/12.3.1/../../../../arm-none-eabi/lib/thumb/v7-m/nofp\libc_nano.a(libc_a-memset.o)
 .debug_frame   0x000040f8       0x2c C:/ST/STM32CubeIDE_1.15.0/STM32CubeIDE/plugins/com.st.stm32cube.ide.mcu.externaltools.gnu-tools-for-stm32.12.3.rel1.win32_1.0.100.202403111256/tools/bin/../lib/gcc/arm-none-eabi/12.3.1/../../../../arm-none-eabi/lib/thumb/v7-m/nofp\libc_nano.a(libc_a-init.o)
 .debug_frame   0x00004124       0xac C:/ST/STM32CubeIDE_1.15.0/STM32CubeIDE/plugins/com.st.stm32cube.ide.mcu.externaltools.gnu-tools-for-stm32.12.3.rel1.win32_1.0.100.202403111256/tools/bin/../lib/gcc/arm-none-eabi/12.3.1/thumb/v7-m/nofp\libgcc.a(_arm_addsubdf3.o)
 .debug_frame   0x000041d0       0x50 C:/ST/STM32CubeIDE_1.15.0/STM32CubeIDE/plugins/com.st.stm32cube.ide.mcu.externaltools.gnu-tools-for-stm32.12.3.rel1.win32_1.0.100.202403111256/tools/bin/../lib/gcc/arm-none-eabi/12.3.1/thumb/v7-m/nofp\libgcc.a(_arm_muldivdf3.o)
 .debug_frame   0x00004220       0xc4 C:/ST/STM32CubeIDE_1.15.0/STM32CubeIDE/plugins/com.st.stm32cube.ide.mcu.externaltools.gnu-tools-for-stm32.12.3.rel1.win32_1.0.100.202403111256/tools/bin/../lib/gcc/arm-none-eabi/12.3.1/thumb/v7-m/nofp\libgcc.a(_arm_cmpdf2.o)
 .debug_frame   0x000042e4       0x24 C:/ST/STM32CubeIDE_1.15.0/STM32CubeIDE/plugins/com.st.stm32cube.ide.mcu.externaltools.gnu-tools-for-stm32.12.3.rel1.win32_1.0.100.202403111256/tools/bin/../lib/gcc/arm-none-eabi/12.3.1/thumb/v7-m/nofp\libgcc.a(_arm_truncdfsf2.o)
 .debug_frame   0x00004308       0x4c C:/ST/STM32CubeIDE_1.15.0/STM32CubeIDE/plugins/com.st.stm32cube.ide.mcu.externaltools.gnu-tools-for-stm32.12.3.rel1.win32_1.0.100.202403111256/tools/bin/../lib/gcc/arm-none-eabi/12.3.1/thumb/v7-m/nofp\libgcc.a(_arm_addsubsf3.o)
 .debug_frame   0x00004354       0x38 C:/ST/STM32CubeIDE_1.15.0/STM32CubeIDE/plugins/com.st.stm32cube.ide.mcu.externaltools.gnu-tools-for-stm32.12.3.rel1.win32_1.0.100.202403111256/tools/bin/../lib/gcc/arm-none-eabi/12.3.1/thumb/v7-m/nofp\libgcc.a(_arm_muldivsf3.o)
 .debug_frame   0x0000438c       0xc8 C:/ST/STM32CubeIDE_1.15.0/STM32CubeIDE/plugins/com.st.stm32cube.ide.mcu.externaltools.gnu-tools-for-stm32.12.3.rel1.win32_1.0.100.202403111256/tools/bin/../lib/gcc/arm-none-eabi/12.3.1/thumb/v7-m/nofp\libgcc.a(_arm_cmpsf2.o)
 .debug_frame   0x00004454       0x24 C:/ST/STM32CubeIDE_1.15.0/STM32CubeIDE/plugins/com.st.stm32cube.ide.mcu.externaltools.gnu-tools-for-stm32.12.3.rel1.win32_1.0.100.202403111256/tools/bin/../lib/gcc/arm-none-eabi/12.3.1/thumb/v7-m/nofp\libgcc.a(_arm_fixunssfsi.o)
 .debug_frame   0x00004478       0x2c C:/ST/STM32CubeIDE_1.15.0/STM32CubeIDE/plugins/com.st.stm32cube.ide.mcu.externaltools.gnu-tools-for-stm32.12.3.rel1.win32_1.0.100.202403111256/tools/bin/../lib/gcc/arm-none-eabi/12.3.1/thumb/v7-m/nofp\libgcc.a(_aeabi_uldivmod.o)
 .debug_frame   0x000044a4       0x34 C:/ST/STM32CubeIDE_1.15.0/STM32CubeIDE/plugins/com.st.stm32cube.ide.mcu.externaltools.gnu-tools-for-stm32.12.3.rel1.win32_1.0.100.202403111256/tools/bin/../lib/gcc/arm-none-eabi/12.3.1/thumb/v7-m/nofp\libgcc.a(_udivmoddi4.o)

.debug_line_str
                0x00000000       0x70
 .debug_line_str
                0x00000000       0x70 ./Core/Startup/startup_stm32f205retx.o
