Archive member included to satisfy reference by file (symbol)

C:/ST/STM32CubeIDE_1.15.0/STM32CubeIDE/plugins/com.st.stm32cube.ide.mcu.externaltools.gnu-tools-for-stm32.12.3.rel1.win32_1.0.100.202403111256/tools/bin/../lib/gcc/arm-none-eabi/12.3.1/../../../../arm-none-eabi/lib/thumb/v7-m/nofp\libc_nano.a(libc_a-exit.o)
                              C:/ST/STM32CubeIDE_1.15.0/STM32CubeIDE/plugins/com.st.stm32cube.ide.mcu.externaltools.gnu-tools-for-stm32.12.3.rel1.win32_1.0.100.202403111256/tools/bin/../lib/gcc/arm-none-eabi/12.3.1/../../../../arm-none-eabi/lib/thumb/v7-m/nofp/crt0.o (exit)
C:/ST/STM32CubeIDE_1.15.0/STM32CubeIDE/plugins/com.st.stm32cube.ide.mcu.externaltools.gnu-tools-for-stm32.12.3.rel1.win32_1.0.100.202403111256/tools/bin/../lib/gcc/arm-none-eabi/12.3.1/../../../../arm-none-eabi/lib/thumb/v7-m/nofp\libc_nano.a(libc_a-malloc.o)
                              ./Core/Src/solver.o (malloc)
C:/ST/STM32CubeIDE_1.15.0/STM32CubeIDE/plugins/com.st.stm32cube.ide.mcu.externaltools.gnu-tools-for-stm32.12.3.rel1.win32_1.0.100.202403111256/tools/bin/../lib/gcc/arm-none-eabi/12.3.1/../../../../arm-none-eabi/lib/thumb/v7-m/nofp\libc_nano.a(libc_a-mallocr.o)
                              C:/ST/STM32CubeIDE_1.15.0/STM32CubeIDE/plugins/com.st.stm32cube.ide.mcu.externaltools.gnu-tools-for-stm32.12.3.rel1.win32_1.0.100.202403111256/tools/bin/../lib/gcc/arm-none-eabi/12.3.1/../../../../arm-none-eabi/lib/thumb/v7-m/nofp\libc_nano.a(libc_a-malloc.o) (_malloc_r)
C:/ST/STM32CubeIDE_1.15.0/STM32CubeIDE/plugins/com.st.stm32cube.ide.mcu.externaltools.gnu-tools-for-stm32.12.3.rel1.win32_1.0.100.202403111256/tools/bin/../lib/gcc/arm-none-eabi/12.3.1/../../../../arm-none-eabi/lib/thumb/v7-m/nofp\libc_nano.a(libc_a-mlock.o)
                              C:/ST/STM32CubeIDE_1.15.0/STM32CubeIDE/plugins/com.st.stm32cube.ide.mcu.externaltools.gnu-tools-for-stm32.12.3.rel1.win32_1.0.100.202403111256/tools/bin/../lib/gcc/arm-none-eabi/12.3.1/../../../../arm-none-eabi/lib/thumb/v7-m/nofp\libc_nano.a(libc_a-mallocr.o) (__malloc_lock)
C:/ST/STM32CubeIDE_1.15.0/STM32CubeIDE/plugins/com.st.stm32cube.ide.mcu.externaltools.gnu-tools-for-stm32.12.3.rel1.win32_1.0.100.202403111256/tools/bin/../lib/gcc/arm-none-eabi/12.3.1/../../../../arm-none-eabi/lib/thumb/v7-m/nofp\libc_nano.a(libc_a-findfp.o)
                              C:/ST/STM32CubeIDE_1.15.0/STM32CubeIDE/plugins/com.st.stm32cube.ide.mcu.externaltools.gnu-tools-for-stm32.12.3.rel1.win32_1.0.100.202403111256/tools/bin/../lib/gcc/arm-none-eabi/12.3.1/../../../../arm-none-eabi/lib/thumb/v7-m/nofp\libc_nano.a(libc_a-exit.o) (__stdio_exit_handler)
C:/ST/STM32CubeIDE_1.15.0/STM32CubeIDE/plugins/com.st.stm32cube.ide.mcu.externaltools.gnu-tools-for-stm32.12.3.rel1.win32_1.0.100.202403111256/tools/bin/../lib/gcc/arm-none-eabi/12.3.1/../../../../arm-none-eabi/lib/thumb/v7-m/nofp\libc_nano.a(libc_a-fwalk.o)
                              C:/ST/STM32CubeIDE_1.15.0/STM32CubeIDE/plugins/com.st.stm32cube.ide.mcu.externaltools.gnu-tools-for-stm32.12.3.rel1.win32_1.0.100.202403111256/tools/bin/../lib/gcc/arm-none-eabi/12.3.1/../../../../arm-none-eabi/lib/thumb/v7-m/nofp\libc_nano.a(libc_a-findfp.o) (_fwalk_sglue)
C:/ST/STM32CubeIDE_1.15.0/STM32CubeIDE/plugins/com.st.stm32cube.ide.mcu.externaltools.gnu-tools-for-stm32.12.3.rel1.win32_1.0.100.202403111256/tools/bin/../lib/gcc/arm-none-eabi/12.3.1/../../../../arm-none-eabi/lib/thumb/v7-m/nofp\libc_nano.a(libc_a-stdio.o)
                              C:/ST/STM32CubeIDE_1.15.0/STM32CubeIDE/plugins/com.st.stm32cube.ide.mcu.externaltools.gnu-tools-for-stm32.12.3.rel1.win32_1.0.100.202403111256/tools/bin/../lib/gcc/arm-none-eabi/12.3.1/../../../../arm-none-eabi/lib/thumb/v7-m/nofp\libc_nano.a(libc_a-findfp.o) (__sread)
C:/ST/STM32CubeIDE_1.15.0/STM32CubeIDE/plugins/com.st.stm32cube.ide.mcu.externaltools.gnu-tools-for-stm32.12.3.rel1.win32_1.0.100.202403111256/tools/bin/../lib/gcc/arm-none-eabi/12.3.1/../../../../arm-none-eabi/lib/thumb/v7-m/nofp\libc_nano.a(libc_a-memset.o)
                              C:/ST/STM32CubeIDE_1.15.0/STM32CubeIDE/plugins/com.st.stm32cube.ide.mcu.externaltools.gnu-tools-for-stm32.12.3.rel1.win32_1.0.100.202403111256/tools/bin/../lib/gcc/arm-none-eabi/12.3.1/../../../../arm-none-eabi/lib/thumb/v7-m/nofp/crt0.o (memset)
C:/ST/STM32CubeIDE_1.15.0/STM32CubeIDE/plugins/com.st.stm32cube.ide.mcu.externaltools.gnu-tools-for-stm32.12.3.rel1.win32_1.0.100.202403111256/tools/bin/../lib/gcc/arm-none-eabi/12.3.1/../../../../arm-none-eabi/lib/thumb/v7-m/nofp\libc_nano.a(libc_a-closer.o)
                              C:/ST/STM32CubeIDE_1.15.0/STM32CubeIDE/plugins/com.st.stm32cube.ide.mcu.externaltools.gnu-tools-for-stm32.12.3.rel1.win32_1.0.100.202403111256/tools/bin/../lib/gcc/arm-none-eabi/12.3.1/../../../../arm-none-eabi/lib/thumb/v7-m/nofp\libc_nano.a(libc_a-stdio.o) (_close_r)
[...]
Memory Configuration

Name             Origin             Length             Attributes
RAM              0x20000000         0x00020000         xrw
FLASH            0x08000000         0x00080000         xr
*default*        0x00000000         0xffffffff

Linker script and memory map

LOAD C:/ST/STM32CubeIDE_1.15.0/STM32CubeIDE/plugins/com.st.stm32cube.ide.mcu.externaltools.gnu-tools-for-stm32.12.3.rel1.win32_1.0.100.202403111256/tools/bin/../lib/gcc/arm-none-eabi/12.3.1/thumb/v7-m/nofp/crti.o
LOAD C:/ST/STM32CubeIDE_1.15.0/STM32CubeIDE/plugins/com.st.stm32cube.ide.mcu.externaltools.gnu-tools-for-stm32.12.3.rel1.win32_1.0.100.202403111256/tools/bin/../lib/gcc/arm-none-eabi/12.3.1/thumb/v7-m/nofp/crtbegin.o
LOAD C:/ST/STM32CubeIDE_1.15.0/STM32CubeIDE/plugins/com.st.stm32cube.ide.mcu.externaltools.gnu-tools-for-stm32.12.3.rel1.win32_1.0.100.202403111256/tools/bin/../lib/gcc/arm-none-eabi/12.3.1/../../../../arm-none-eabi/lib/thumb/v7-m/nofp/crt0.o
LOAD ./Core/Src/controller.o
LOAD ./Core/Src/delay.o
LOAD ./Core/Src/encoders.o
LOAD ./Core/Src/flash.o
LOAD ./Core/Src/irs.o
LOAD ./Core/Src/main.o
LOAD ./Core/Src/motors.o
LOAD ./Core/Src/pid.o
LOAD ./Core/Src/solver.o
LOAD ./Core/Src/stm32f2xx_hal_msp.o
LOAD ./Core/Src/stm32f2xx_it.o
LOAD ./Core/Src/syscalls.o
LOAD ./Core/Src/sysmem.o
LOAD ./Core/Src/system_stm32f2xx.o
LOAD ./Core/Src/systick.o
LOAD ./Core/Src/utility.o
LOAD ./Core/Startup/startup_stm32f205retx.o
LOAD ./Drivers/STM32F2xx_HAL_Driver/Src/stm32f2xx_hal.o
LOAD ./Drivers/STM32F2xx_HAL_Driver/Src/stm32f2xx_hal_adc.o
LOAD ./Drivers/STM32F2xx_HAL_Driver/Src/stm32f2xx_hal_adc_ex.o
LOAD ./Drivers/STM32F2xx_HAL_Driver/Src/stm32f2xx_hal_cortex.o
LOAD ./Drivers/STM32F2xx_HAL_Driver/Src/stm32f2xx_hal_dma.o
LOAD ./Drivers/STM32F2xx_HAL_Driver/Src/stm32f2xx_hal_dma_ex.o
LOAD ./Drivers/STM32F2xx_HAL_Driver/Src/stm32f2xx_hal_exti.o
LOAD ./Drivers/STM32F2xx_HAL_Driver/Src/stm32f2xx_hal_flash.o
LOAD ./Drivers/STM32F2xx_HAL_Driver/Src/stm32f2xx_hal_flash_ex.o
LOAD ./Drivers/STM32F2xx_HAL_Driver/Src/stm32f2xx_hal_gpio.o
LOAD ./Drivers/STM32F2xx_HAL_Driver/Src/stm32f2xx_hal_pwr.o
LOAD ./Drivers/STM32F2xx_HAL_Driver/Src/stm32f2xx_hal_pwr_ex.o
LOAD ./Drivers/STM32F2xx_HAL_Driver/Src/stm32f2xx_hal_rcc.o
LOAD ./Drivers/STM32F2xx_HAL_Driver/Src/stm32f2xx_hal_rcc_ex.o
LOAD ./Drivers/STM32F2xx_HAL_Driver/Src/stm32f2xx_hal_tim.o
LOAD ./Drivers/STM32F2xx_HAL_Driver/Src/stm32f2xx_hal_tim_ex.o
START GROUP
LOAD C:/ST/STM32CubeIDE_1.15.0/STM32CubeIDE/plugins/com.st.stm32cube.ide.mcu.externaltools.gnu-tools-for-stm32.12.3.rel1.win32_1.0.100.202403111256/tools/bin/../lib/gcc/arm-none-eabi/12.3.1/../../../../arm-none-eabi/lib/thumb/v7-m/nofp\libc_nano.a
LOAD C:/ST/STM32CubeIDE_1.15.0/STM32CubeIDE/plugins/com.st.stm32cube.ide.mcu.externaltools.gnu-tools-for-stm32.12.3.rel1.win32_1.0.100.202403111256/tools/bin/../lib/gcc/arm-none-eabi/12.3.1/../../../../arm-none-eabi/lib/thumb/v7-m/nofp\libm.a
END GROUP
START GROUP
LOAD C:/ST/STM32CubeIDE_1.15.0/STM32CubeIDE/plugins/com.st.stm32cube.ide.mcu.externaltools.gnu-tools-for-stm32.12.3.rel1.win32_1.0.100.202403111256/tools/bin/../lib/gcc/arm-none-eabi/12.3.1/thumb/v7-m/nofp\libgcc.a
LOAD C:/ST/STM32CubeIDE_1.15.0/STM32CubeIDE/plugins/com.st.stm32cube.ide.mcu.externaltools.gnu-tools-for-stm32.12.3.rel1.win32_1.0.100.202403111256/tools/bin/../lib/gcc/arm-none-eabi/12.3.1/../../../../arm-none-eabi/lib/thumb/v7-m/nofp\libc_nano.a
END GROUP
START GROUP
LOAD C:/ST/STM32CubeIDE_1.15.0/STM32CubeIDE/plugins/com.st.stm32cube.ide.mcu.externaltools.gnu-tools-for-stm32.12.3.rel1.win32_1.0.100.202403111256/tools/bin/../lib/gcc/arm-none-eabi/12.3.1/thumb/v7-m/nofp\libgcc.a
LOAD C:/ST/STM32CubeIDE_1.15.0/STM32CubeIDE/plugins/com.st.stm32cube.ide.mcu.externaltools.gnu-tools-for-stm32.12.3.rel1.win32_1.0.100.202403111256/tools/bin/../lib/gcc/arm-none-eabi/12.3.1/../../../../arm-none-eabi/lib/thumb/v7-m/nofp\libc_nano.a
LOAD C:/ST/STM32CubeIDE_1.15.0/STM32CubeIDE/plugins/com.st.stm32cube.ide.mcu.externaltools.gnu-tools-for-stm32.12.3.rel1.win32_1.0.100.202403111256/tools/bin/../lib/gcc/arm-none-eabi/12.3.1/../../../../arm-none-eabi/lib/thumb/v7-m/nofp\libnosys.a
END GROUP
START GROUP
LOAD C:/ST/STM32CubeIDE_1.15.0/STM32CubeIDE/plugins/com.st.stm32cube.ide.mcu.externaltools.gnu-tools-for-stm32.12.3.rel1.win32_1.0.100.202403111256/tools/bin/../lib/gcc/arm-none-eabi/12.3.1/thumb/v7-m/nofp\libgcc.a
LOAD C:/ST/STM32CubeIDE_1.15.0/STM32CubeIDE/plugins/com.st.stm32cube.ide.mcu.externaltools.gnu-tools-for-stm32.12.3.rel1.win32_1.0.100.202403111256/tools/bin/../lib/gcc/arm-none-eabi/12.3.1/../../../../arm-none-eabi/lib/thumb/v7-m/nofp\libc_nano.a
LOAD C:/ST/STM32CubeIDE_1.15.0/STM32CubeIDE/plugins/com.st.stm32cube.ide.mcu.externaltools.gnu-tools-for-stm32.12.3.rel1.win32_1.0.100.202403111256/tools/bin/../lib/gcc/arm-none-eabi/12.3.1/../../../../arm-none-eabi/lib/thumb/v7-m/nofp\libnosys.a
END GROUP
LOAD C:/ST/STM32CubeIDE_1.15.0/STM32CubeIDE/plugins/com.st.stm32cube.ide.mcu.externaltools.gnu-tools-for-stm32.12.3.rel1.win32_1.0.100.202403111256/tools/bin/../lib/gcc/arm-none-eabi/12.3.1/thumb/v7-m/nofp/crtend.o
LOAD C:/ST/STM32CubeIDE_1.15.0/STM32CubeIDE/plugins/com.st.stm32cube.ide.mcu.externaltools.gnu-tools-for-stm32.12.3.rel1.win32_1.0.100.202403111256/tools/bin/../lib/gcc/arm-none-eabi/12.3.1/thumb/v7-m/nofp/crtn.o
                0x20020000                        _estack = (ORIGIN (RAM) + LENGTH (RAM))
                0x00000200                        _Min_Heap_Size = 0x200
                0x00000400                        _Min_Stack_Size = 0x400

.isr_vector     0x08000000      0x184
                0x08000000                        . = ALIGN (0x4)
 *(.isr_vector)
 .isr_vector    0x08000000      0x184 ./Core/Startup/startup_stm32f205retx.o
                0x08000000                g_pfnVectors
                0x08000184                        . = ALIGN (0x4)

.text           0x08000188     0x7340
                0x08000188                        . = ALIGN (0x4)
 *(.text)
 .text          0x08000188       0x40 C:/ST/STM32CubeIDE_1.15.0/STM32CubeIDE/plugins/com.st.stm32cube.ide.mcu.externaltools.gnu-tools-for-stm32.12.3.rel1.win32_1.0.100.202403111256/tools/bin/../lib/gcc/arm-none-eabi/12.3.1/thumb/v7-m/nofp/crtbegin.o
 .text          0x080001c8      0x254 C:/ST/STM32CubeIDE_1.15.0/STM32CubeIDE/plugins/com.st.stm32cube.ide.mcu.externaltools.gnu-tools-for-stm32.12.3.rel1.win32_1.0.100.202403111256/tools/bin/../lib/gcc/arm-none-eabi/12.3.1/thumb/v7-m/nofp\libgcc.a(_arm_muldf3.o)
                0x080001c8                __muldf3
                0x080001c8                __aeabi_dmul
 .text          0x0800041c      0x378 C:/ST/STM32CubeIDE_1.15.0/STM32CubeIDE/plugins/com.st.stm32cube.ide.mcu.externaltools.gnu-tools-for-stm32.12.3.rel1.win32_1.0.100.202403111256/tools/bin/../lib/gcc/arm-none-eabi/12.3.1/thumb/v7-m/nofp\libgcc.a(_arm_addsubdf3.o)
                0x0800041c                __aeabi_drsub
                0x08000424                __aeabi_dsub
                0x08000424                __subdf3
                0x08000428                __aeabi_dadd
                0x08000428                __adddf3
                0x080006a0                __floatunsidf
                0x080006a0                __aeabi_ui2d
                0x080006c0                __floatsidf
                0x080006c0                __aeabi_i2d
                0x080006e4                __aeabi_f2d
                0x080006e4                __extendsfdf2
                0x08000728                __floatundidf
                0x08000728                __aeabi_ul2d
                0x08000738                __floatdidf
                0x08000738                __aeabi_l2d
 .text          0x08000794      0x110 C:/ST/STM32CubeIDE_1.15.0/STM32CubeIDE/plugins/com.st.stm32cube.ide.mcu.externaltools.gnu-tools-for-stm32.12.3.rel1.win32_1.0.100.202403111256/tools/bin/../lib/gcc/arm-none-eabi/12.3.1/thumb/v7-m/nofp\libgcc.a(_arm_cmpdf2.o)
                0x08000794                __gtdf2
                0x08000794                __gedf2
                0x0800079c                __ltdf2
                0x0800079c                __ledf2
                0x080007a4                __nedf2
                0x080007a4                __eqdf2
                0x080007a4                __cmpdf2
                0x08000820                __aeabi_cdrcmple
                0x08000830                __aeabi_cdcmpeq
                0x08000830                __aeabi_cdcmple
                0x08000840                __aeabi_dcmpeq
                0x08000854                __aeabi_dcmplt
                0x08000868                __aeabi_dcmple
                0x0800087c                __aeabi_dcmpge
                0x08000890                __aeabi_dcmpgt
 .text          0x080008a4       0xa0 C:/ST/STM32CubeIDE_1.15.0/STM32CubeIDE/plugins/com.st.stm32cube.ide.mcu.externaltools.gnu-tools-for-stm32.12.3.rel1.win32_1.0.100.202403111256/tools/bin/../lib/gcc/arm-none-eabi/12.3.1/thumb/v7-m/nofp\libgcc.a(_arm_truncdfsf2.o)
                0x080008a4                __truncdfsf2
                0x080008a4                __aeabi_d2f
 .text          0x08000944      0x21c C:/ST/STM32CubeIDE_1.15.0/STM32CubeIDE/plugins/com.st.stm32cube.ide.mcu.externaltools.gnu-tools-for-stm32.12.3.rel1.win32_1.0.100.202403111256/tools/bin/../lib/gcc/arm-none-eabi/12.3.1/thumb/v7-m/nofp\libgcc.a(_arm_addsubsf3.o)
                0x08000944                __aeabi_frsub
                0x0800094c                __subsf3
                0x0800094c                __aeabi_fsub
                0x08000950                __aeabi_fadd
                0x08000950                __addsf3
                0x08000ab0                __aeabi_ui2f
                0x08000ab0                __floatunsisf
                0x08000ab8                __aeabi_i2f
                0x08000ab8                __floatsisf
                0x08000ad4                __aeabi_ul2f
                0x08000ad4                __floatundisf
                0x08000ae4                __aeabi_l2f
                0x08000ae4                __floatdisf
 .text          0x08000b60      0x2a0 C:/ST/STM32CubeIDE_1.15.0/STM32CubeIDE/plugins/com.st.stm32cube.ide.mcu.externaltools.gnu-tools-for-stm32.12.3.rel1.win32_1.0.100.202403111256/tools/bin/../lib/gcc/arm-none-eabi/12.3.1/thumb/v7-m/nofp\libgcc.a(_arm_muldivsf3.o)
                0x08000b60                __mulsf3
                0x08000b60                __aeabi_fmul
                0x08000cc8                __aeabi_fdiv
                0x08000cc8                __divsf3
 .text          0x08000e00       0xec C:/ST/STM32CubeIDE_1.15.0/STM32CubeIDE/plugins/com.st.stm32cube.ide.mcu.externaltools.gnu-tools-for-stm32.12.3.rel1.win32_1.0.100.202403111256/tools/bin/../lib/gcc/arm-none-eabi/12.3.1/thumb/v7-m/nofp\libgcc.a(_arm_cmpsf2.o)
                0x08000e00                __gesf2
                0x08000e00                __gtsf2
                0x08000e08                __lesf2
                0x08000e08                __ltsf2
                0x08000e10                __nesf2
                0x08000e10                __eqsf2
                0x08000e10                __cmpsf2
                0x08000e70                __aeabi_cfrcmple
                0x08000e78                __aeabi_cfcmpeq
                0x08000e78                __aeabi_cfcmple
                0x08000e88                __aeabi_fcmpeq
                0x08000e9c                __aeabi_fcmplt
                0x08000eb0                __aeabi_fcmple
                0x08000ec4                __aeabi_fcmpge
                0x08000ed8                __aeabi_fcmpgt
 .text          0x08000eec       0x40 C:/ST/STM32CubeIDE_1.15.0/STM32CubeIDE/plugins/com.st.stm32cube.ide.mcu.externaltools.gnu-tools-for-stm32.12.3.rel1.win32_1.0.100.202403111256/tools/bin/../lib/gcc/arm-none-eabi/12.3.1/thumb/v7-m/nofp\libgcc.a(_arm_fixunssfsi.o)
                0x08000eec                __fixunssfsi
                0x08000eec                __aeabi_f2uiz
 .text          0x08000f2c       0x30 C:/ST/STM32CubeIDE_1.15.0/STM32CubeIDE/plugins/com.st.stm32cube.ide.mcu.externaltools.gnu-tools-for-stm32.12.3.rel1.win32_1.0.100.202403111256/tools/bin/../lib/gcc/arm-none-eabi/12.3.1/thumb/v7-m/nofp\libgcc.a(_aeabi_uldivmod.o)
                0x08000f2c                __aeabi_uldivmod
 .text          0x08000f5c      0x2b8 C:/ST/STM32CubeIDE_1.15.0/STM32CubeIDE/plugins/com.st.stm32cube.ide.mcu.externaltools.gnu-tools-for-stm32.12.3.rel1.win32_1.0.100.202403111256/tools/bin/../lib/gcc/arm-none-eabi/12.3.1/thumb/v7-m/nofp\libgcc.a(_udivmoddi4.o)
                0x08000f5c                __udivmoddi4
 .text          0x08001214        0x4 C:/ST/STM32CubeIDE_1.15.0/STM32CubeIDE/plugins/com.st.stm32cube.ide.mcu.externaltools.gnu-tools-for-stm32.12.3.rel1.win32_1.0.100.202403111256/tools/bin/../lib/gcc/arm-none-eabi/12.3.1/thumb/v7-m/nofp\libgcc.a(_dvmd_tls.o)
                0x08001214                __aeabi_idiv0
                0x08001214                __aeabi_ldiv0
 *(.text*)
 .text.move     0x08001218       0x7c ./Core/Src/controller.o
                0x08001218                move
 .text.turn     0x08001294       0x54 ./Core/Src/controller.o
                0x08001294                turn
 .text.Delay_Init
                0x080012e8       0x40 ./Core/Src/delay.o
                0x080012e8                Delay_Init
 .text.delayMicroseconds
                0x08001328       0x34 ./Core/Src/delay.o
                0x08001328                delayMicroseconds
 .text.getRightEncoderCounts
                0x0800135c       0x1c ./Core/Src/encoders.o
                0x0800135c                getRightEncoderCounts
 .text.getLeftEncoderCounts
                0x08001378       0x1c ./Core/Src/encoders.o
                0x08001378                getLeftEncoderCounts
 .text.resetEncoders
                0x08001394       0x20 ./Core/Src/encoders.o
                0x08001394                resetEncoders
 .text.writeFlash
                0x080013b4      0x148 ./Core/Src/flash.o
                0x080013b4                writeFlash
 .text.readFlash
                0x080014fc      0x10c ./Core/Src/flash.o
                0x080014fc                readFlash
 .text.readIR   0x08001608       0xfc ./Core/Src/irs.o
                0x08001608                readIR
 .text.analogRead
                0x08001704       0xd0 ./Core/Src/irs.o
                0x08001704                analogRead
 .text.HAL_ADC_ConvCpltCallback
                0x080017d4       0x20 ./Core/Src/irs.o
                0x080017d4                HAL_ADC_ConvCpltCallback
 .text.solve    0x080017f4       0xa4 ./Core/Src/main.o
                0x080017f4                solve
 .text.main     0x08001898      0x1e8 ./Core/Src/main.o
                0x08001898                main
 .text.SystemClock_Config
                0x08001a80       0x76 ./Core/Src/main.o
                0x08001a80                SystemClock_Config
 *fill*         0x08001af6        0x2 
 .text.MX_ADC1_Init
                0x08001af8       0xa4 ./Core/Src/main.o
 .text.MX_TIM1_Init
                0x08001b9c      0x150 ./Core/Src/main.o
 .text.MX_TIM3_Init
                0x08001cec       0xa8 ./Core/Src/main.o
 .text.MX_TIM8_Init
                0x08001d94       0xb0 ./Core/Src/main.o
 .text.MX_DMA_Init
                0x08001e44       0x40 ./Core/Src/main.o
 .text.MX_GPIO_Init
                0x08001e84      0x184 ./Core/Src/main.o
 .text.Get_HADC1_Ptr
                0x08002008       0x14 ./Core/Src/main.o
                0x08002008                Get_HADC1_Ptr
 .text.Error_Handler
                0x0800201c        0xc ./Core/Src/main.o
                0x0800201c                Error_Handler
 .text.limitPWM
                0x08002028       0x60 ./Core/Src/motors.o
                0x08002028                limitPWM
 .text.setMotorLPWM
                0x08002088       0x78 ./Core/Src/motors.o
                0x08002088                setMotorLPWM
 .text.setMotorRPWM
                0x08002100       0x78 ./Core/Src/motors.o
                0x08002100                setMotorRPWM
 .text.resetMotors
                0x08002178       0x18 ./Core/Src/motors.o
                0x08002178                resetMotors
 .text.setPIDGoalD
                0x08002190       0x28 ./Core/Src/pid.o
                0x08002190                setPIDGoalD
 .text.setPIDGoalA
                0x080021b8       0x28 ./Core/Src/pid.o
                0x080021b8                setPIDGoalA
 .text.setState
                0x080021e0       0x20 ./Core/Src/pid.o
                0x080021e0                setState
 .text.setIRGoals
                0x08002200       0x64 ./Core/Src/pid.o
                0x08002200                setIRGoals
 .text.setIRAngle
                0x08002264      0x148 ./Core/Src/pid.o
                0x08002264                setIRAngle
 .text.accelerateLeftPWM
                0x080023ac        0xe ./Core/Src/pid.o
                0x080023ac                accelerateLeftPWM
 .text.accelerateRightPWM
                0x080023ba        0xe ./Core/Src/pid.o
                0x080023ba                accelerateRightPWM
 .text.PDController
                0x080023c8      0x440 ./Core/Src/pid.o
                0x080023c8                PDController
 .text.updatePID
                0x08002808      0x52c ./Core/Src/pid.o
                0x08002808                updatePID
 .text.PIDdone  0x08002d34       0x24 ./Core/Src/pid.o
                0x08002d34                PIDdone
 .text.resetPID
                0x08002d58      0x14c ./Core/Src/pid.o
                0x08002d58                resetPID
 .text.newCell  0x08002ea4       0x2a ./Core/Src/solver.o
                0x08002ea4                newCell
 *fill*         0x08002ece        0x2 
 .text.insertQueue
                0x08002ed0       0x50 ./Core/Src/solver.o
                0x08002ed0                insertQueue
 .text.popQueueFront
                0x08002f20       0x3c ./Core/Src/solver.o
                0x08002f20                popQueueFront
 .text.queueFront
                0x08002f5c       0x24 ./Core/Src/solver.o
                0x08002f5c                queueFront
 .text.initElements
                0x08002f80      0x104 ./Core/Src/solver.o
                0x08002f80                initElements
 .text.setWall  0x08003084       0xb0 ./Core/Src/solver.o
                0x08003084                setWall
 .text.detectWalls
                0x08003134      0x124 ./Core/Src/solver.o
                0x08003134                detectWalls
 .text.recalculate
                0x08003258      0x2cc ./Core/Src/solver.o
                0x08003258                recalculate
 .text.solver   0x08003524       0x30 ./Core/Src/solver.o
                0x08003524                solver
 .text.deadReckoning
                0x08003554       0x26 ./Core/Src/solver.o
                0x08003554                deadReckoning
 *fill*         0x0800357a        0x2 
 .text.floodFill
                0x0800357c      0x2c4 ./Core/Src/solver.o
                0x0800357c                floodFill
 .text.foresight
                0x08003840      0x1e0 ./Core/Src/solver.o
                0x08003840                foresight
 .text.saveMaze
                0x08003a20       0x20 ./Core/Src/solver.o
                0x08003a20                saveMaze
 .text.loadMaze
                0x08003a40       0x20 ./Core/Src/solver.o
                0x08003a40                loadMaze
 .text.HAL_MspInit
                0x08003a60       0x4c ./Core/Src/stm32f2xx_hal_msp.o
                0x08003a60                HAL_MspInit
 .text.HAL_ADC_MspInit
                0x08003aac      0x128 ./Core/Src/stm32f2xx_hal_msp.o
                0x08003aac                HAL_ADC_MspInit
 .text.HAL_TIM_PWM_MspInit
                0x08003bd4       0x50 ./Core/Src/stm32f2xx_hal_msp.o
                0x08003bd4                HAL_TIM_PWM_MspInit
 .text.HAL_TIM_Encoder_MspInit
                0x08003c24       0xfc ./Core/Src/stm32f2xx_hal_msp.o
                0x08003c24                HAL_TIM_Encoder_MspInit
 .text.HAL_TIM_MspPostInit
                0x08003d20       0x74 ./Core/Src/stm32f2xx_hal_msp.o
                0x08003d20                HAL_TIM_MspPostInit
 .text.NMI_Handler
                0x08003d94        0x8 ./Core/Src/stm32f2xx_it.o
                0x08003d94                NMI_Handler
 .text.HardFault_Handler
                0x08003d9c        0x8 ./Core/Src/stm32f2xx_it.o
                0x08003d9c                HardFault_Handler
 .text.MemManage_Handler
                0x08003da4        0x8 ./Core/Src/stm32f2xx_it.o
                0x08003da4                MemManage_Handler
 .text.BusFault_Handler
                0x08003dac        0x8 ./Core/Src/stm32f2xx_it.o
                0x08003dac                BusFault_Handler
 .text.UsageFault_Handler
                0x08003db4        0x8 ./Core/Src/stm32f2xx_it.o
                0x08003db4                UsageFault_Handler
 .text.SVC_Handler
                0x08003dbc        0xc ./Core/Src/stm32f2xx_it.o
                0x08003dbc                SVC_Handler
 .text.DebugMon_Handler
                0x08003dc8        0xc ./Core/Src/stm32f2xx_it.o
                0x08003dc8                DebugMon_Handler
 .text.PendSV_Handler
                0x08003dd4        0xc ./Core/Src/stm32f2xx_it.o
                0x08003dd4                PendSV_Handler
 .text.SysTick_Handler
                0x08003de0       0x10 ./Core/Src/stm32f2xx_it.o
                0x08003de0                SysTick_Handler
 .text.TIM1_UP_TIM10_IRQHandler
                0x08003df0       0x14 ./Core/Src/stm32f2xx_it.o
                0x08003df0                TIM1_UP_TIM10_IRQHandler
 .text.DMA2_Stream0_IRQHandler
                0x08003e04       0x14 ./Core/Src/stm32f2xx_it.o
                0x08003e04                DMA2_Stream0_IRQHandler
 .text._sbrk    0x08003e18       0x6c ./Core/Src/sysmem.o
                0x08003e18                _sbrk
 .text.SystemInit
                0x08003e84        0xc ./Core/Src/system_stm32f2xx.o
                0x08003e84                SystemInit
 .text.SysTickFunction
                0x08003e90       0x78 ./Core/Src/systick.o
                0x08003e90                SysTickFunction
 .text.leftWallCheck
                0x08003f08       0x38 ./Core/Src/utility.o
                0x08003f08                leftWallCheck
 .text.rightWallCheck
                0x08003f40       0x38 ./Core/Src/utility.o
                0x08003f40                rightWallCheck
 .text.frontWallCheck
                0x08003f78       0x38 ./Core/Src/utility.o
                0x08003f78                frontWallCheck
 .text.sign     0x08003fb0       0x3c ./Core/Src/utility.o
                0x08003fb0                sign
 .text.Reset_Handler
                0x08003fec       0x50 ./Core/Startup/startup_stm32f205retx.o
                0x08003fec                Reset_Handler
 .text.Default_Handler
                0x0800403c        0x2 ./Core/Startup/startup_stm32f205retx.o
                0x0800403c                RTC_Alarm_IRQHandler
                0x0800403c                HASH_RNG_IRQHandler
                0x0800403c                EXTI2_IRQHandler
                0x0800403c                TIM8_CC_IRQHandler
                0x0800403c                TIM1_CC_IRQHandler
                0x0800403c                DMA2_Stream5_IRQHandler
                0x0800403c                DMA1_Stream5_IRQHandler
                0x0800403c                PVD_IRQHandler
                0x0800403c                SDIO_IRQHandler
                0x0800403c                TAMP_STAMP_IRQHandler
                0x0800403c                CAN2_RX1_IRQHandler
                0x0800403c                EXTI3_IRQHandler
                0x0800403c                TIM8_TRG_COM_TIM14_IRQHandler
                0x0800403c                TIM8_UP_TIM13_IRQHandler
                0x0800403c                I2C3_ER_IRQHandler
                0x0800403c                EXTI0_IRQHandler
                0x0800403c                I2C2_EV_IRQHandler
                0x0800403c                DMA1_Stream2_IRQHandler
                0x0800403c                CAN1_RX0_IRQHandler
                0x0800403c                OTG_HS_WKUP_IRQHandler
                0x0800403c                CAN2_SCE_IRQHandler
                0x0800403c                DMA2_Stream2_IRQHandler
                0x0800403c                SPI1_IRQHandler
                0x0800403c                TIM6_DAC_IRQHandler
                0x0800403c                TIM1_BRK_TIM9_IRQHandler
                0x0800403c                CAN2_RX0_IRQHandler
                0x0800403c                DMA2_Stream3_IRQHandler
                0x0800403c                USART6_IRQHandler
                0x0800403c                USART3_IRQHandler
                0x0800403c                CAN1_RX1_IRQHandler
                0x0800403c                UART5_IRQHandler
                0x0800403c                TIM4_IRQHandler
                0x0800403c                I2C1_EV_IRQHandler
                0x0800403c                DMA1_Stream6_IRQHandler
                0x0800403c                DMA1_Stream1_IRQHandler
                0x0800403c                UART4_IRQHandler
                0x0800403c                TIM3_IRQHandler
                0x0800403c                RCC_IRQHandler
                0x0800403c                TIM8_BRK_TIM12_IRQHandler
                0x0800403c                Default_Handler
                0x0800403c                EXTI15_10_IRQHandler
                0x0800403c                ADC_IRQHandler
                0x0800403c                DMA1_Stream7_IRQHandler
                0x0800403c                TIM7_IRQHandler
                0x0800403c                CAN2_TX_IRQHandler
                0x0800403c                TIM5_IRQHandler
                0x0800403c                DMA2_Stream7_IRQHandler
                0x0800403c                I2C3_EV_IRQHandler
                0x0800403c                EXTI9_5_IRQHandler
                0x0800403c                RTC_WKUP_IRQHandler
                0x0800403c                SPI2_IRQHandler
                0x0800403c                OTG_HS_EP1_IN_IRQHandler
                0x0800403c                DMA1_Stream0_IRQHandler
                0x0800403c                CAN1_TX_IRQHandler
                0x0800403c                EXTI4_IRQHandler
                0x0800403c                FSMC_IRQHandler
                0x0800403c                OTG_HS_EP1_OUT_IRQHandler
                0x0800403c                WWDG_IRQHandler
                0x0800403c                TIM2_IRQHandler
                0x0800403c                OTG_FS_WKUP_IRQHandler
                0x0800403c                TIM1_TRG_COM_TIM11_IRQHandler
                0x0800403c                OTG_HS_IRQHandler
                0x0800403c                EXTI1_IRQHandler
                0x0800403c                USART2_IRQHandler
                0x0800403c                I2C2_ER_IRQHandler
                0x0800403c                DMA2_Stream1_IRQHandler
                0x0800403c                CAN1_SCE_IRQHandler
                0x0800403c                FLASH_IRQHandler
                0x0800403c                DMA2_Stream4_IRQHandler
                0x0800403c                USART1_IRQHandler
                0x0800403c                OTG_FS_IRQHandler
                0x0800403c                SPI3_IRQHandler
                0x0800403c                DMA1_Stream4_IRQHandler
                0x0800403c                I2C1_ER_IRQHandler
                0x0800403c                DMA2_Stream6_IRQHandler
                0x0800403c                DMA1_Stream3_IRQHandler
 *fill*         0x0800403e        0x2 
 .text.HAL_Init
                0x08004040       0x44 ./Drivers/STM32F2xx_HAL_Driver/Src/stm32f2xx_hal.o
                0x08004040                HAL_Init
 .text.HAL_InitTick
                0x08004084       0x60 ./Drivers/STM32F2xx_HAL_Driver/Src/stm32f2xx_hal.o
                0x08004084                HAL_InitTick
 .text.HAL_IncTick
                0x080040e4       0x24 ./Drivers/STM32F2xx_HAL_Driver/Src/stm32f2xx_hal.o
                0x080040e4                HAL_IncTick
 .text.HAL_GetTick
                0x08004108       0x14 ./Drivers/STM32F2xx_HAL_Driver/Src/stm32f2xx_hal.o
                0x08004108                HAL_GetTick
 .text.HAL_ADC_Init
                0x0800411c       0x86 ./Drivers/STM32F2xx_HAL_Driver/Src/stm32f2xx_hal_adc.o
                0x0800411c                HAL_ADC_Init
 *fill*         0x080041a2        0x2 
 .text.HAL_ADC_Start_DMA
                0x080041a4      0x1bc ./Drivers/STM32F2xx_HAL_Driver/Src/stm32f2xx_hal_adc.o
                0x080041a4                HAL_ADC_Start_DMA
 .text.HAL_ADC_Stop_DMA
                0x08004360       0xa2 ./Drivers/STM32F2xx_HAL_Driver/Src/stm32f2xx_hal_adc.o
                0x08004360                HAL_ADC_Stop_DMA
 .text.HAL_ADC_ConvHalfCpltCallback
                0x08004402       0x12 ./Drivers/STM32F2xx_HAL_Driver/Src/stm32f2xx_hal_adc.o
                0x08004402                HAL_ADC_ConvHalfCpltCallback
 .text.HAL_ADC_ErrorCallback
                0x08004414       0x12 ./Drivers/STM32F2xx_HAL_Driver/Src/stm32f2xx_hal_adc.o
                0x08004414                HAL_ADC_ErrorCallback
 *fill*         0x08004426        0x2 
 .text.HAL_ADC_ConfigChannel
                0x08004428      0x240 ./Drivers/STM32F2xx_HAL_Driver/Src/stm32f2xx_hal_adc.o
                0x08004428                HAL_ADC_ConfigChannel
 .text.ADC_Init
                0x08004668      0x20c ./Drivers/STM32F2xx_HAL_Driver/Src/stm32f2xx_hal_adc.o
 .text.ADC_DMAConvCplt
                0x08004874       0xba ./Drivers/STM32F2xx_HAL_Driver/Src/stm32f2xx_hal_adc.o
 .text.ADC_DMAHalfConvCplt
                0x0800492e       0x1c ./Drivers/STM32F2xx_HAL_Driver/Src/stm32f2xx_hal_adc.o
 .text.ADC_DMAError
                0x0800494a       0x2e ./Drivers/STM32F2xx_HAL_Driver/Src/stm32f2xx_hal_adc.o
 .text.__NVIC_SetPriorityGrouping
                0x08004978       0x48 ./Drivers/STM32F2xx_HAL_Driver/Src/stm32f2xx_hal_cortex.o
 .text.__NVIC_GetPriorityGrouping
                0x080049c0       0x1c ./Drivers/STM32F2xx_HAL_Driver/Src/stm32f2xx_hal_cortex.o
 .text.__NVIC_EnableIRQ
                0x080049dc       0x38 ./Drivers/STM32F2xx_HAL_Driver/Src/stm32f2xx_hal_cortex.o
 .text.__NVIC_SetPriority
                0x08004a14       0x54 ./Drivers/STM32F2xx_HAL_Driver/Src/stm32f2xx_hal_cortex.o
 .text.NVIC_EncodePriority
                0x08004a68       0x64 ./Drivers/STM32F2xx_HAL_Driver/Src/stm32f2xx_hal_cortex.o
 .text.SysTick_Config
                0x08004acc       0x44 ./Drivers/STM32F2xx_HAL_Driver/Src/stm32f2xx_hal_cortex.o
 .text.HAL_NVIC_SetPriorityGrouping
                0x08004b10       0x16 ./Drivers/STM32F2xx_HAL_Driver/Src/stm32f2xx_hal_cortex.o
                0x08004b10                HAL_NVIC_SetPriorityGrouping
 .text.HAL_NVIC_SetPriority
                0x08004b26       0x38 ./Drivers/STM32F2xx_HAL_Driver/Src/stm32f2xx_hal_cortex.o
                0x08004b26                HAL_NVIC_SetPriority
 .text.HAL_NVIC_EnableIRQ
                0x08004b5e       0x1c ./Drivers/STM32F2xx_HAL_Driver/Src/stm32f2xx_hal_cortex.o
                0x08004b5e                HAL_NVIC_EnableIRQ
 .text.HAL_SYSTICK_Config
                0x08004b7a       0x18 ./Drivers/STM32F2xx_HAL_Driver/Src/stm32f2xx_hal_cortex.o
                0x08004b7a                HAL_SYSTICK_Config
 *fill*         0x08004b92        0x2 
 .text.HAL_DMA_Init
                0x08004b94      0x15c ./Drivers/STM32F2xx_HAL_Driver/Src/stm32f2xx_hal_dma.o
                0x08004b94                HAL_DMA_Init
 .text.HAL_DMA_Start_IT
                0x08004cf0       0xb0 ./Drivers/STM32F2xx_HAL_Driver/Src/stm32f2xx_hal_dma.o
                0x08004cf0                HAL_DMA_Start_IT
 .text.HAL_DMA_Abort
                0x08004da0       0xe0 ./Drivers/STM32F2xx_HAL_Driver/Src/stm32f2xx_hal_dma.o
                0x08004da0                HAL_DMA_Abort
 .text.HAL_DMA_IRQHandler
                0x08004e80      0x314 ./Drivers/STM32F2xx_HAL_Driver/Src/stm32f2xx_hal_dma.o
                0x08004e80                HAL_DMA_IRQHandler
 .text.DMA_SetConfig
                0x08005194       0x5a ./Drivers/STM32F2xx_HAL_Driver/Src/stm32f2xx_hal_dma.o
 *fill*         0x080051ee        0x2 
 .text.DMA_CalcBaseAndBitshift
                0x080051f0       0x68 ./Drivers/STM32F2xx_HAL_Driver/Src/stm32f2xx_hal_dma.o
 .text.DMA_CheckFifoParam
                0x08005258       0xf4 ./Drivers/STM32F2xx_HAL_Driver/Src/stm32f2xx_hal_dma.o
 .text.HAL_FLASH_Program
                0x0800534c       0xa8 ./Drivers/STM32F2xx_HAL_Driver/Src/stm32f2xx_hal_flash.o
                0x0800534c                HAL_FLASH_Program
 .text.HAL_FLASH_Unlock
                0x080053f4       0x44 ./Drivers/STM32F2xx_HAL_Driver/Src/stm32f2xx_hal_flash.o
                0x080053f4                HAL_FLASH_Unlock
 .text.HAL_FLASH_Lock
                0x08005438       0x20 ./Drivers/STM32F2xx_HAL_Driver/Src/stm32f2xx_hal_flash.o
                0x08005438                HAL_FLASH_Lock
 .text.FLASH_WaitForLastOperation
                0x08005458       0x80 ./Drivers/STM32F2xx_HAL_Driver/Src/stm32f2xx_hal_flash.o
                0x08005458                FLASH_WaitForLastOperation
 .text.FLASH_Program_DoubleWord
                0x080054d8       0x64 ./Drivers/STM32F2xx_HAL_Driver/Src/stm32f2xx_hal_flash.o
 .text.FLASH_Program_Word
                0x0800553c       0x44 ./Drivers/STM32F2xx_HAL_Driver/Src/stm32f2xx_hal_flash.o
 .text.FLASH_Program_HalfWord
                0x08005580       0x44 ./Drivers/STM32F2xx_HAL_Driver/Src/stm32f2xx_hal_flash.o
 .text.FLASH_Program_Byte
                0x080055c4       0x40 ./Drivers/STM32F2xx_HAL_Driver/Src/stm32f2xx_hal_flash.o
 .text.FLASH_SetErrorCode
                0x08005604       0xac ./Drivers/STM32F2xx_HAL_Driver/Src/stm32f2xx_hal_flash.o
 .text.FLASH_Erase_Sector
                0x080056b0       0xa4 ./Drivers/STM32F2xx_HAL_Driver/Src/stm32f2xx_hal_flash_ex.o
                0x080056b0                FLASH_Erase_Sector
 .text.HAL_GPIO_Init
                0x08005754      0x33c ./Drivers/STM32F2xx_HAL_Driver/Src/stm32f2xx_hal_gpio.o
                0x08005754                HAL_GPIO_Init
 .text.HAL_GPIO_ReadPin
                0x08005a90       0x2e ./Drivers/STM32F2xx_HAL_Driver/Src/stm32f2xx_hal_gpio.o
                0x08005a90                HAL_GPIO_ReadPin
 .text.HAL_GPIO_WritePin
                0x08005abe       0x30 ./Drivers/STM32F2xx_HAL_Driver/Src/stm32f2xx_hal_gpio.o
                0x08005abe                HAL_GPIO_WritePin
 *fill*         0x08005aee        0x2 
 .text.HAL_RCC_OscConfig
                0x08005af0      0x4a8 ./Drivers/STM32F2xx_HAL_Driver/Src/stm32f2xx_hal_rcc.o
                0x08005af0                HAL_RCC_OscConfig
 .text.HAL_RCC_ClockConfig
                0x08005f98      0x1d8 ./Drivers/STM32F2xx_HAL_Driver/Src/stm32f2xx_hal_rcc.o
                0x08005f98                HAL_RCC_ClockConfig
 .text.HAL_RCC_GetSysClockFreq
                0x08006170      0x18c ./Drivers/STM32F2xx_HAL_Driver/Src/stm32f2xx_hal_rcc.o
                0x08006170                HAL_RCC_GetSysClockFreq
 .text.HAL_TIM_PWM_Init
                0x080062fc       0x9e ./Drivers/STM32F2xx_HAL_Driver/Src/stm32f2xx_hal_tim.o
                0x080062fc                HAL_TIM_PWM_Init
 *fill*         0x0800639a        0x2 
 .text.HAL_TIM_PWM_Start
                0x0800639c      0x190 ./Drivers/STM32F2xx_HAL_Driver/Src/stm32f2xx_hal_tim.o
                0x0800639c                HAL_TIM_PWM_Start
 .text.HAL_TIM_Encoder_Init
                0x0800652c      0x14c ./Drivers/STM32F2xx_HAL_Driver/Src/stm32f2xx_hal_tim.o
                0x0800652c                HAL_TIM_Encoder_Init
 .text.HAL_TIM_Encoder_Start
                0x08006678      0x11c ./Drivers/STM32F2xx_HAL_Driver/Src/stm32f2xx_hal_tim.o
                0x08006678                HAL_TIM_Encoder_Start
 .text.HAL_TIM_IRQHandler
                0x08006794      0x210 ./Drivers/STM32F2xx_HAL_Driver/Src/stm32f2xx_hal_tim.o
                0x08006794                HAL_TIM_IRQHandler
 .text.HAL_TIM_PWM_ConfigChannel
                0x080069a4      0x184 ./Drivers/STM32F2xx_HAL_Driver/Src/stm32f2xx_hal_tim.o
                0x080069a4                HAL_TIM_PWM_ConfigChannel
 .text.HAL_TIM_PeriodElapsedCallback
                0x08006b28       0x12 ./Drivers/STM32F2xx_HAL_Driver/Src/stm32f2xx_hal_tim.o
                0x08006b28                HAL_TIM_PeriodElapsedCallback
 .text.HAL_TIM_OC_DelayElapsedCallback
                0x08006b3a       0x12 ./Drivers/STM32F2xx_HAL_Driver/Src/stm32f2xx_hal_tim.o
                0x08006b3a                HAL_TIM_OC_DelayElapsedCallback
 .text.HAL_TIM_IC_CaptureCallback
                0x08006b4c       0x12 ./Drivers/STM32F2xx_HAL_Driver/Src/stm32f2xx_hal_tim.o
                0x08006b4c                HAL_TIM_IC_CaptureCallback
 .text.HAL_TIM_PWM_PulseFinishedCallback
                0x08006b5e       0x12 ./Drivers/STM32F2xx_HAL_Driver/Src/stm32f2xx_hal_tim.o
                0x08006b5e                HAL_TIM_PWM_PulseFinishedCallback
 .text.HAL_TIM_TriggerCallback
                0x08006b70       0x12 ./Drivers/STM32F2xx_HAL_Driver/Src/stm32f2xx_hal_tim.o
                0x08006b70                HAL_TIM_TriggerCallback
 *fill*         0x08006b82        0x2 
 .text.TIM_Base_SetConfig
                0x08006b84      0x13c ./Drivers/STM32F2xx_HAL_Driver/Src/stm32f2xx_hal_tim.o
                0x08006b84                TIM_Base_SetConfig
 .text.TIM_OC1_SetConfig
                0x08006cc0       0xe0 ./Drivers/STM32F2xx_HAL_Driver/Src/stm32f2xx_hal_tim.o
 .text.TIM_OC2_SetConfig
                0x08006da0       0xe8 ./Drivers/STM32F2xx_HAL_Driver/Src/stm32f2xx_hal_tim.o
                0x08006da0                TIM_OC2_SetConfig
 .text.TIM_OC3_SetConfig
                0x08006e88       0xe8 ./Drivers/STM32F2xx_HAL_Driver/Src/stm32f2xx_hal_tim.o
 .text.TIM_OC4_SetConfig
                0x08006f70       0xa8 ./Drivers/STM32F2xx_HAL_Driver/Src/stm32f2xx_hal_tim.o
 .text.TIM_CCxChannelCmd
                0x08007018       0x48 ./Drivers/STM32F2xx_HAL_Driver/Src/stm32f2xx_hal_tim.o
                0x08007018                TIM_CCxChannelCmd
 .text.HAL_TIMEx_MasterConfigSynchronization
                0x08007060       0xf4 ./Drivers/STM32F2xx_HAL_Driver/Src/stm32f2xx_hal_tim_ex.o
                0x08007060                HAL_TIMEx_MasterConfigSynchronization
 .text.HAL_TIMEx_ConfigBreakDeadTime
                0x08007154       0xa2 ./Drivers/STM32F2xx_HAL_Driver/Src/stm32f2xx_hal_tim_ex.o
                0x08007154                HAL_TIMEx_ConfigBreakDeadTime
 .text.HAL_TIMEx_CommutCallback
                0x080071f6       0x12 ./Drivers/STM32F2xx_HAL_Driver/Src/stm32f2xx_hal_tim_ex.o
                0x080071f6                HAL_TIMEx_CommutCallback
 .text.HAL_TIMEx_BreakCallback
                0x08007208       0x12 ./Drivers/STM32F2xx_HAL_Driver/Src/stm32f2xx_hal_tim_ex.o
                0x08007208                HAL_TIMEx_BreakCallback
 *fill*         0x0800721a        0x2 
 .text.malloc   0x0800721c       0x10 C:/ST/STM32CubeIDE_1.15.0/STM32CubeIDE/plugins/com.st.stm32cube.ide.mcu.externaltools.gnu-tools-for-stm32.12.3.rel1.win32_1.0.100.202403111256/tools/bin/../lib/gcc/arm-none-eabi/12.3.1/../../../../arm-none-eabi/lib/thumb/v7-m/nofp\libc_nano.a(libc_a-malloc.o)
                0x0800721c                malloc
 .text.free     0x0800722c       0x10 C:/ST/STM32CubeIDE_1.15.0/STM32CubeIDE/plugins/com.st.stm32cube.ide.mcu.externaltools.gnu-tools-for-stm32.12.3.rel1.win32_1.0.100.202403111256/tools/bin/../lib/gcc/arm-none-eabi/12.3.1/../../../../arm-none-eabi/lib/thumb/v7-m/nofp\libc_nano.a(libc_a-malloc.o)
                0x0800722c                free
 .text.sbrk_aligned
                0x0800723c       0x44 C:/ST/STM32CubeIDE_1.15.0/STM32CubeIDE/plugins/com.st.stm32cube.ide.mcu.externaltools.gnu-tools-for-stm32.12.3.rel1.win32_1.0.100.202403111256/tools/bin/../lib/gcc/arm-none-eabi/12.3.1/../../../../arm-none-eabi/lib/thumb/v7-m/nofp\libc_nano.a(libc_a-mallocr.o)
 .text._malloc_r
                0x08007280      0x100 C:/ST/STM32CubeIDE_1.15.0/STM32CubeIDE/plugins/com.st.stm32cube.ide.mcu.externaltools.gnu-tools-for-stm32.12.3.rel1.win32_1.0.100.202403111256/tools/bin/../lib/gcc/arm-none-eabi/12.3.1/../../../../arm-none-eabi/lib/thumb/v7-m/nofp\libc_nano.a(libc_a-mallocr.o)
                0x08007280                _malloc_r
 .text.__malloc_lock
                0x08007380        0xc C:/ST/STM32CubeIDE_1.15.0/STM32CubeIDE/plugins/com.st.stm32cube.ide.mcu.externaltools.gnu-tools-for-stm32.12.3.rel1.win32_1.0.100.202403111256/tools/bin/../lib/gcc/arm-none-eabi/12.3.1/../../../../arm-none-eabi/lib/thumb/v7-m/nofp\libc_nano.a(libc_a-mlock.o)
                0x08007380                __malloc_lock
 .text.__malloc_unlock
                0x0800738c        0xc C:/ST/STM32CubeIDE_1.15.0/STM32CubeIDE/plugins/com.st.stm32cube.ide.mcu.externaltools.gnu-tools-for-stm32.12.3.rel1.win32_1.0.100.202403111256/tools/bin/../lib/gcc/arm-none-eabi/12.3.1/../../../../arm-none-eabi/lib/thumb/v7-m/nofp\libc_nano.a(libc_a-mlock.o)
                0x0800738c                __malloc_unlock
 .text.memset   0x08007398       0x10 C:/ST/STM32CubeIDE_1.15.0/STM32CubeIDE/plugins/com.st.stm32cube.ide.mcu.externaltools.gnu-tools-for-stm32.12.3.rel1.win32_1.0.100.202403111256/tools/bin/../lib/gcc/arm-none-eabi/12.3.1/../../../../arm-none-eabi/lib/thumb/v7-m/nofp\libc_nano.a(libc_a-memset.o)
                0x08007398                memset
 .text._sbrk_r  0x080073a8       0x20 C:/ST/STM32CubeIDE_1.15.0/STM32CubeIDE/plugins/com.st.stm32cube.ide.mcu.externaltools.gnu-tools-for-stm32.12.3.rel1.win32_1.0.100.202403111256/tools/bin/../lib/gcc/arm-none-eabi/12.3.1/../../../../arm-none-eabi/lib/thumb/v7-m/nofp\libc_nano.a(libc_a-sbrkr.o)
                0x080073a8                _sbrk_r
 .text.__errno  0x080073c8        0xc C:/ST/STM32CubeIDE_1.15.0/STM32CubeIDE/plugins/com.st.stm32cube.ide.mcu.externaltools.gnu-tools-for-stm32.12.3.rel1.win32_1.0.100.202403111256/tools/bin/../lib/gcc/arm-none-eabi/12.3.1/../../../../arm-none-eabi/lib/thumb/v7-m/nofp\libc_nano.a(libc_a-errno.o)
                0x080073c8                __errno
 .text.__libc_init_array
                0x080073d4       0x48 C:/ST/STM32CubeIDE_1.15.0/STM32CubeIDE/plugins/com.st.stm32cube.ide.mcu.externaltools.gnu-tools-for-stm32.12.3.rel1.win32_1.0.100.202403111256/tools/bin/../lib/gcc/arm-none-eabi/12.3.1/../../../../arm-none-eabi/lib/thumb/v7-m/nofp\libc_nano.a(libc_a-init.o)
                0x080073d4                __libc_init_array
 .text.__retarget_lock_acquire_recursive
                0x0800741c        0x2 C:/ST/STM32CubeIDE_1.15.0/STM32CubeIDE/plugins/com.st.stm32cube.ide.mcu.externaltools.gnu-tools-for-stm32.12.3.rel1.win32_1.0.100.202403111256/tools/bin/../lib/gcc/arm-none-eabi/12.3.1/../../../../arm-none-eabi/lib/thumb/v7-m/nofp\libc_nano.a(libc_a-lock.o)
                0x0800741c                __retarget_lock_acquire_recursive
 .text.__retarget_lock_release_recursive
                0x0800741e        0x2 C:/ST/STM32CubeIDE_1.15.0/STM32CubeIDE/plugins/com.st.stm32cube.ide.mcu.externaltools.gnu-tools-for-stm32.12.3.rel1.win32_1.0.100.202403111256/tools/bin/../lib/gcc/arm-none-eabi/12.3.1/../../../../arm-none-eabi/lib/thumb/v7-m/nofp\libc_nano.a(libc_a-lock.o)
                0x0800741e                __retarget_lock_release_recursive
 .text._free_r  0x08007420       0x90 C:/ST/STM32CubeIDE_1.15.0/STM32CubeIDE/plugins/com.st.stm32cube.ide.mcu.externaltools.gnu-tools-for-stm32.12.3.rel1.win32_1.0.100.202403111256/tools/bin/../lib/gcc/arm-none-eabi/12.3.1/../../../../arm-none-eabi/lib/thumb/v7-m/nofp\libc_nano.a(libc_a-freer.o)
                0x08007420                _free_r
 *(.glue_7)
 .glue_7        0x080074b0        0x0 linker stubs
 *(.glue_7t)
 .glue_7t       0x080074b0        0x0 linker stubs
 *(.eh_frame)
 .eh_frame      0x080074b0        0x0 C:/ST/STM32CubeIDE_1.15.0/STM32CubeIDE/plugins/com.st.stm32cube.ide.mcu.externaltools.gnu-tools-for-stm32.12.3.rel1.win32_1.0.100.202403111256/tools/bin/../lib/gcc/arm-none-eabi/12.3.1/thumb/v7-m/nofp/crtbegin.o
 *(.init)
 .init          0x080074b0        0x4 C:/ST/STM32CubeIDE_1.15.0/STM32CubeIDE/plugins/com.st.stm32cube.ide.mcu.externaltools.gnu-tools-for-stm32.12.3.rel1.win32_1.0.100.202403111256/tools/bin/../lib/gcc/arm-none-eabi/12.3.1/thumb/v7-m/nofp/crti.o
                0x080074b0                _init
 .init          0x080074b4        0x8 C:/ST/STM32CubeIDE_1.15.0/STM32CubeIDE/plugins/com.st.stm32cube.ide.mcu.externaltools.gnu-tools-for-stm32.12.3.rel1.win32_1.0.100.202403111256/tools/bin/../lib/gcc/arm-none-eabi/12.3.1/thumb/v7-m/nofp/crtn.o
 *(.fini)
 .fini          0x080074bc        0x4 C:/ST/STM32CubeIDE_1.15.0/STM32CubeIDE/plugins/com.st.stm32cube.ide.mcu.externaltools.gnu-tools-for-stm32.12.3.rel1.win32_1.0.100.202403111256/tools/bin/../lib/gcc/arm-none-eabi/12.3.1/thumb/v7-m/nofp/crti.o
                0x080074bc                _fini
 .fini          0x080074c0        0x8 C:/ST/STM32CubeIDE_1.15.0/STM32CubeIDE/plugins/com.st.stm32cube.ide.mcu.externaltools.gnu-tools-for-stm32.12.3.rel1.win32_1.0.100.202403111256/tools/bin/../lib/gcc/arm-none-eabi/12.3.1/thumb/v7-m/nofp/crtn.o
                0x080074c8                        . = ALIGN (0x4)
                0x080074c8                        _etext = .

.vfp11_veneer   0x080074c8        0x0
 .vfp11_veneer  0x080074c8        0x0 linker stubs

.v4_bx          0x080074c8        0x0
 .v4_bx         0x080074c8        0x0 linker stubs

.iplt           0x080074c8        0x0
 .iplt          0x080074c8        0x0 C:/ST/STM32CubeIDE_1.15.0/STM32CubeIDE/plugins/com.st.stm32cube.ide.mcu.externaltools.gnu-tools-for-stm32.12.3.rel1.win32_1.0.100.202403111256/tools/bin/../lib/gcc/arm-none-eabi/12.3.1/thumb/v7-m/nofp/crtbegin.o

.rodata         0x080074c8       0x18
                0x080074c8                        . = ALIGN (0x4)
 *(.rodata)
 *(.rodata*)
 .rodata.AHBPrescTable
                0x080074c8       0x10 ./Core/Src/system_stm32f2xx.o
                0x080074c8                AHBPrescTable
 .rodata.flagBitshiftOffset.0
                0x080074d8        0x8 ./Drivers/STM32F2xx_HAL_Driver/Src/stm32f2xx_hal_dma.o
                0x080074e0                        . = ALIGN (0x4)

.ARM.extab      0x080074e0        0x0
                0x080074e0                        . = ALIGN (0x4)
 *(.ARM.extab* .gnu.linkonce.armextab.*)
                0x080074e0                        . = ALIGN (0x4)

.ARM            0x080074e0        0x8
                0x080074e0                        . = ALIGN (0x4)
                0x080074e0                        __exidx_start = .
 *(.ARM.exidx*)
 .ARM.exidx     0x080074e0        0x8 C:/ST/STM32CubeIDE_1.15.0/STM32CubeIDE/plugins/com.st.stm32cube.ide.mcu.externaltools.gnu-tools-for-stm32.12.3.rel1.win32_1.0.100.202403111256/tools/bin/../lib/gcc/arm-none-eabi/12.3.1/thumb/v7-m/nofp\libgcc.a(_udivmoddi4.o)
                0x080074e8                        __exidx_end = .
                0x080074e8                        . = ALIGN (0x4)

.preinit_array  0x080074e8        0x0
                0x080074e8                        . = ALIGN (0x4)
                0x080074e8                        PROVIDE (__preinit_array_start = .)
 *(.preinit_array*)
                0x080074e8                        PROVIDE (__preinit_array_end = .)
                0x080074e8                        . = ALIGN (0x4)

.init_array     0x080074e8        0x4
                0x080074e8                        . = ALIGN (0x4)
                0x080074e8                        PROVIDE (__init_array_start = .)
 *(SORT_BY_NAME(.init_array.*))
 *(.init_array*)
 .init_array    0x080074e8        0x4 C:/ST/STM32CubeIDE_1.15.0/STM32CubeIDE/plugins/com.st.stm32cube.ide.mcu.externaltools.gnu-tools-for-stm32.12.3.rel1.win32_1.0.100.202403111256/tools/bin/../lib/gcc/arm-none-eabi/12.3.1/thumb/v7-m/nofp/crtbegin.o
                0x080074ec                        PROVIDE (__init_array_end = .)
                0x080074ec                        . = ALIGN (0x4)

.fini_array     0x080074ec        0x4
                0x080074ec                        . = ALIGN (0x4)
                [!provide]                        PROVIDE (__fini_array_start = .)
 *(SORT_BY_NAME(.fini_array.*))
 *(.fini_array*)
 .fini_array    0x080074ec        0x4 C:/ST/STM32CubeIDE_1.15.0/STM32CubeIDE/plugins/com.st.stm32cube.ide.mcu.externaltools.gnu-tools-for-stm32.12.3.rel1.win32_1.0.100.202403111256/tools/bin/../lib/gcc/arm-none-eabi/12.3.1/thumb/v7-m/nofp/crtbegin.o
                [!provide]                        PROVIDE (__fini_array_end = .)
                0x080074f0                        . = ALIGN (0x4)
                0x080074f0                        _sidata = LOADADDR (.data)

.rel.dyn        0x080074f0        0x0
 .rel.iplt      0x080074f0        0x0 C:/ST/STM32CubeIDE_1.15.0/STM32CubeIDE/plugins/com.st.stm32cube.ide.mcu.externaltools.gnu-tools-for-stm32.12.3.rel1.win32_1.0.100.202403111256/tools/bin/../lib/gcc/arm-none-eabi/12.3.1/thumb/v7-m/nofp/crtbegin.o

.data           0x20000000       0x74 load address 0x080074f0
                0x20000000                        . = ALIGN (0x4)
                0x20000000                        _sdata = .
 *(.data)
 *(.data*)
 .data.startAddress
                0x20000000        0x4 ./Core/Src/flash.o
                0x20000000                startAddress
 .data.usDelay  0x20000004        0x4 ./Core/Src/irs.o
                0x20000004                usDelay
 .data.max_forward
                0x20000008        0x4 ./Core/Src/main.o
                0x20000008                max_forward
 .data.goToCenter
                0x2000000c        0x2 ./Core/Src/solver.o
                0x2000000c                goToCenter
 *fill*         0x2000000e        0x2 
 .data.SystemCoreClock
                0x20000010        0x4 ./Core/Src/system_stm32f2xx.o
                0x20000010                SystemCoreClock
 .data.left_wall_threshold
                0x20000014        0x2 ./Core/Src/utility.o
                0x20000014                left_wall_threshold
 .data.right_wall_threshold
                0x20000016        0x2 ./Core/Src/utility.o
                0x20000016                right_wall_threshold
 .data.front_wall_threshold
                0x20000018        0x2 ./Core/Src/utility.o
                0x20000018                front_wall_threshold
 *fill*         0x2000001a        0x2 
 .data.uwTickPrio
                0x2000001c        0x4 ./Drivers/STM32F2xx_HAL_Driver/Src/stm32f2xx_hal.o
                0x2000001c                uwTickPrio
 .data.uwTickFreq
                0x20000020        0x1 ./Drivers/STM32F2xx_HAL_Driver/Src/stm32f2xx_hal.o
                0x20000020                uwTickFreq
 *fill*         0x20000021        0x3 
 .data._impure_ptr
                0x20000024        0x4 C:/ST/STM32CubeIDE_1.15.0/STM32CubeIDE/plugins/com.st.stm32cube.ide.mcu.externaltools.gnu-tools-for-stm32.12.3.rel1.win32_1.0.100.202403111256/tools/bin/../lib/gcc/arm-none-eabi/12.3.1/../../../../arm-none-eabi/lib/thumb/v7-m/nofp\libc_nano.a(libc_a-impure.o)
                0x20000024                _impure_ptr
 .data._impure_data
                0x20000028       0x4c C:/ST/STM32CubeIDE_1.15.0/STM32CubeIDE/plugins/com.st.stm32cube.ide.mcu.externaltools.gnu-tools-for-stm32.12.3.rel1.win32_1.0.100.202403111256/tools/bin/../lib/gcc/arm-none-eabi/12.3.1/../../../../arm-none-eabi/lib/thumb/v7-m/nofp\libc_nano.a(libc_a-impure.o)
                0x20000028                _impure_data
 *(.RamFunc)
 *(.RamFunc*)
                0x20000074                        . = ALIGN (0x4)
                0x20000074                        _edata = .

.igot.plt       0x20000074        0x0 load address 0x08007564
 .igot.plt      0x20000074        0x0 C:/ST/STM32CubeIDE_1.15.0/STM32CubeIDE/plugins/com.st.stm32cube.ide.mcu.externaltools.gnu-tools-for-stm32.12.3.rel1.win32_1.0.100.202403111256/tools/bin/../lib/gcc/arm-none-eabi/12.3.1/thumb/v7-m/nofp/crtbegin.o
                0x20000074                        . = ALIGN (0x4)

.bss            0x20000074     0x1570 load address 0x08007564
                0x20000074                        _sbss = .
                0x20000074                        __bss_start__ = _sbss
 *(.bss)
 .bss           0x20000074       0x1c C:/ST/STM32CubeIDE_1.15.0/STM32CubeIDE/plugins/com.st.stm32cube.ide.mcu.externaltools.gnu-tools-for-stm32.12.3.rel1.win32_1.0.100.202403111256/tools/bin/../lib/gcc/arm-none-eabi/12.3.1/thumb/v7-m/nofp/crtbegin.o
 *(.bss*)
 .bss.adc_buf   0x20000090      0x100 ./Core/Src/irs.o
                0x20000090                adc_buf
 .bss.complete  0x20000190        0x1 ./Core/Src/irs.o
                0x20000190                complete
 *fill*         0x20000191        0x3 
 .bss.hadc1     0x20000194       0x48 ./Core/Src/main.o
                0x20000194                hadc1
 .bss.hdma_adc1
                0x200001dc       0x60 ./Core/Src/main.o
                0x200001dc                hdma_adc1
 .bss.htim1     0x2000023c       0x48 ./Core/Src/main.o
                0x2000023c                htim1
 .bss.htim3     0x20000284       0x48 ./Core/Src/main.o
                0x20000284                htim3
 .bss.htim8     0x200002cc       0x48 ./Core/Src/main.o
                0x200002cc                htim8
 .bss.S1        0x20000314        0x1 ./Core/Src/main.o
                0x20000314                S1
 .bss.S2        0x20000315        0x1 ./Core/Src/main.o
                0x20000315                S2
 .bss.S3        0x20000316        0x1 ./Core/Src/main.o
                0x20000316                S3
 .bss.S4        0x20000317        0x1 ./Core/Src/main.o
                0x20000317                S4
 .bss.B1        0x20000318        0x1 ./Core/Src/main.o
                0x20000318                B1
 .bss.B2        0x20000319        0x1 ./Core/Src/main.o
                0x20000319                B2
 .bss.start_pressed
                0x2000031a        0x2 ./Core/Src/main.o
                0x2000031a                start_pressed
 .bss.forwardLeftIRvalue
                0x2000031c        0x2 ./Core/Src/main.o
                0x2000031c                forwardLeftIRvalue
 .bss.leftIRvalue
                0x2000031e        0x2 ./Core/Src/main.o
                0x2000031e                leftIRvalue
 .bss.rightIRvalue
                0x20000320        0x2 ./Core/Src/main.o
                0x20000320                rightIRvalue
 .bss.forwardRightIRvalue
                0x20000322        0x2 ./Core/Src/main.o
                0x20000322                forwardRightIRvalue
 .bss.irOffset_Set
                0x20000324        0x2 ./Core/Src/main.o
                0x20000324                irOffset_Set
 .bss.goal_forward_left
                0x20000326        0x2 ./Core/Src/main.o
                0x20000326                goal_forward_left
 .bss.goal_forward_right
                0x20000328        0x2 ./Core/Src/main.o
                0x20000328                goal_forward_right
 .bss.goal_left
                0x2000032a        0x2 ./Core/Src/main.o
                0x2000032a                goal_left
 .bss.goal_right
                0x2000032c        0x2 ./Core/Src/main.o
                0x2000032c                goal_right
 *fill*         0x2000032e        0x2 
 .bss.goal_distance
                0x20000330        0x4 ./Core/Src/pid.o
                0x20000330                goal_distance
 .bss.goal_angle
                0x20000334        0x4 ./Core/Src/pid.o
                0x20000334                goal_angle
 .bss.IRAngleOffset
                0x20000338        0x2 ./Core/Src/pid.o
                0x20000338                IRAngleOffset
 *fill*         0x2000033a        0x2 
 .bss.angleError
                0x2000033c        0x4 ./Core/Src/pid.o
                0x2000033c                angleError
 .bss.oldAngleError
                0x20000340        0x4 ./Core/Src/pid.o
                0x20000340                oldAngleError
 .bss.oldAngleErrors
                0x20000344       0x28 ./Core/Src/pid.o
                0x20000344                oldAngleErrors
 .bss.angleCorrection
                0x2000036c        0x4 ./Core/Src/pid.o
                0x2000036c                angleCorrection
 .bss.distanceError
                0x20000370        0x4 ./Core/Src/pid.o
                0x20000370                distanceError
 .bss.oldDistanceError
                0x20000374        0x4 ./Core/Src/pid.o
                0x20000374                oldDistanceError
 .bss.oldDistanceErrors
                0x20000378       0x28 ./Core/Src/pid.o
                0x20000378                oldDistanceErrors
 .bss.distanceCorrection
                0x200003a0        0x4 ./Core/Src/pid.o
                0x200003a0                distanceCorrection
 .bss.oldDistanceCorrection
                0x200003a4        0x4 ./Core/Src/pid.o
                0x200003a4                oldDistanceCorrection
 .bss.left_distance
                0x200003a8        0x4 ./Core/Src/pid.o
                0x200003a8                left_distance
 .bss.old_left_distance
                0x200003ac        0x4 ./Core/Src/pid.o
                0x200003ac                old_left_distance
 .bss.old_left_distances
                0x200003b0       0x28 ./Core/Src/pid.o
                0x200003b0                old_left_distances
 .bss.right_distance
                0x200003d8        0x4 ./Core/Src/pid.o
                0x200003d8                right_distance
 .bss.old_right_distance
                0x200003dc        0x4 ./Core/Src/pid.o
                0x200003dc                old_right_distance
 .bss.old_right_distances
                0x200003e0       0x28 ./Core/Src/pid.o
                0x200003e0                old_right_distances
 .bss.IRadjustment
                0x20000408        0x4 ./Core/Src/pid.o
                0x20000408                IRadjustment
 .bss.state     0x2000040c        0x1 ./Core/Src/pid.o
                0x2000040c                state
 *fill*         0x2000040d        0x3 
 .bss.left_PWM_value
                0x20000410        0x4 ./Core/Src/pid.o
                0x20000410                left_PWM_value
 .bss.right_PWM_value
                0x20000414        0x4 ./Core/Src/pid.o
                0x20000414                right_PWM_value
 .bss.goal_reached_timer
                0x20000418        0x4 ./Core/Src/pid.o
                0x20000418                goal_reached_timer
 .bss.initialized
                0x2000041c        0x2 ./Core/Src/solver.o
                0x2000041c                initialized
 *fill*         0x2000041e        0x2 
 .bss.currPos   0x20000420        0x4 ./Core/Src/solver.o
                0x20000420                currPos
 .bss.currHead  0x20000424        0x1 ./Core/Src/solver.o
                0x20000424                currHead
 *fill*         0x20000425        0x3 
 .bss.Manhattans
                0x20000428      0x200 ./Core/Src/solver.o
                0x20000428                Manhattans
 .bss.queue     0x20000628      0x800 ./Core/Src/solver.o
                0x20000628                queue
 .bss.queueStart
                0x20000e28        0x2 ./Core/Src/solver.o
                0x20000e28                queueStart
 .bss.queueEnd  0x20000e2a        0x2 ./Core/Src/solver.o
                0x20000e2a                queueEnd
 .bss.horzWall  0x20000e2c      0x220 ./Core/Src/solver.o
                0x20000e2c                horzWall
 .bss.vertWall  0x2000104c      0x220 ./Core/Src/solver.o
                0x2000104c                vertWall
 .bss.discovered
                0x2000126c      0x200 ./Core/Src/solver.o
                0x2000126c                discovered
 .bss.__sbrk_heap_end
                0x2000146c        0x4 ./Core/Src/sysmem.o
 .bss.left_wall
                0x20001470        0x2 ./Core/Src/utility.o
                0x20001470                left_wall
 .bss.right_wall
                0x20001472        0x2 ./Core/Src/utility.o
                0x20001472                right_wall
 .bss.front_wall
                0x20001474        0x2 ./Core/Src/utility.o
                0x20001474                front_wall
 *fill*         0x20001476        0x2 
 .bss.uwTick    0x20001478        0x4 ./Drivers/STM32F2xx_HAL_Driver/Src/stm32f2xx_hal.o
                0x20001478                uwTick
 .bss.pFlash    0x2000147c       0x20 ./Drivers/STM32F2xx_HAL_Driver/Src/stm32f2xx_hal_flash.o
                0x2000147c                pFlash
 .bss.__malloc_sbrk_start
                0x2000149c        0x4 C:/ST/STM32CubeIDE_1.15.0/STM32CubeIDE/plugins/com.st.stm32cube.ide.mcu.externaltools.gnu-tools-for-stm32.12.3.rel1.win32_1.0.100.202403111256/tools/bin/../lib/gcc/arm-none-eabi/12.3.1/../../../../arm-none-eabi/lib/thumb/v7-m/nofp\libc_nano.a(libc_a-mallocr.o)
                0x2000149c                __malloc_sbrk_start
 .bss.__malloc_free_list
                0x200014a0        0x4 C:/ST/STM32CubeIDE_1.15.0/STM32CubeIDE/plugins/com.st.stm32cube.ide.mcu.externaltools.gnu-tools-for-stm32.12.3.rel1.win32_1.0.100.202403111256/tools/bin/../lib/gcc/arm-none-eabi/12.3.1/../../../../arm-none-eabi/lib/thumb/v7-m/nofp\libc_nano.a(libc_a-mallocr.o)
                0x200014a0                __malloc_free_list
 .bss.__sf      0x200014a4      0x138 C:/ST/STM32CubeIDE_1.15.0/STM32CubeIDE/plugins/com.st.stm32cube.ide.mcu.externaltools.gnu-tools-for-stm32.12.3.rel1.win32_1.0.100.202403111256/tools/bin/../lib/gcc/arm-none-eabi/12.3.1/../../../../arm-none-eabi/lib/thumb/v7-m/nofp\libc_nano.a(libc_a-findfp.o)
                0x200014a4                __sf
 .bss.errno     0x200015dc        0x4 C:/ST/STM32CubeIDE_1.15.0/STM32CubeIDE/plugins/com.st.stm32cube.ide.mcu.externaltools.gnu-tools-for-stm32.12.3.rel1.win32_1.0.100.202403111256/tools/bin/../lib/gcc/arm-none-eabi/12.3.1/../../../../arm-none-eabi/lib/thumb/v7-m/nofp\libc_nano.a(libc_a-reent.o)
                0x200015dc                errno
 .bss.__lock___malloc_recursive_mutex
                0x200015e0        0x1 C:/ST/STM32CubeIDE_1.15.0/STM32CubeIDE/plugins/com.st.stm32cube.ide.mcu.externaltools.gnu-tools-for-stm32.12.3.rel1.win32_1.0.100.202403111256/tools/bin/../lib/gcc/arm-none-eabi/12.3.1/../../../../arm-none-eabi/lib/thumb/v7-m/nofp\libc_nano.a(libc_a-lock.o)
                0x200015e0                __lock___malloc_recursive_mutex
 *(COMMON)
                0x200015e4                        . = ALIGN (0x4)
 *fill*         0x200015e1        0x3 
                0x200015e4                        _ebss = .
                0x200015e4                        __bss_end__ = _ebss

._user_heap_stack
                0x200015e4      0x604 load address 0x08007564
                0x200015e8                        . = ALIGN (0x8)
 *fill*         0x200015e4        0x4 
                [!provide]                        PROVIDE (end = .)
                0x200015e8                        PROVIDE (_end = .)
                0x200017e8                        . = (. + _Min_Heap_Size)
 *fill*         0x200015e8      0x200 
                0x20001be8                        . = (. + _Min_Stack_Size)
 *fill*         0x200017e8      0x400 
                0x20001be8                        . = ALIGN (0x8)

/DISCARD/
 libc.a(*)
 libm.a(*)
 libgcc.a(*)

.ARM.attributes
                0x00000000       0x29
 *(.ARM.attributes)
 .ARM.attributes
                0x00000000       0x1d C:/ST/STM32CubeIDE_1.15.0/STM32CubeIDE/plugins/com.st.stm32cube.ide.mcu.externaltools.gnu-tools-for-stm32.12.3.rel1.win32_1.0.100.202403111256/tools/bin/../lib/gcc/arm-none-eabi/12.3.1/thumb/v7-m/nofp/crti.o
 .ARM.attributes
                0x0000001d       0x2d C:/ST/STM32CubeIDE_1.15.0/STM32CubeIDE/plugins/com.st.stm32cube.ide.mcu.externaltools.gnu-tools-for-stm32.12.3.rel1.win32_1.0.100.202403111256/tools/bin/../lib/gcc/arm-none-eabi/12.3.1/thumb/v7-m/nofp/crtbegin.o
 .ARM.attributes
                0x0000004a       0x2d ./Core/Src/controller.o
 .ARM.attributes
                0x00000077       0x2d ./Core/Src/delay.o
 .ARM.attributes
                0x000000a4       0x2d ./Core/Src/encoders.o
 .ARM.attributes
                0x000000d1       0x2d ./Core/Src/flash.o
 .ARM.attributes
                0x000000fe       0x2d ./Core/Src/irs.o
 .ARM.attributes
                0x0000012b       0x2d ./Core/Src/main.o
 .ARM.attributes
                0x00000158       0x2d ./Core/Src/motors.o
 .ARM.attributes
                0x00000185       0x2d ./Core/Src/pid.o
 .ARM.attributes
                0x000001b2       0x2d ./Core/Src/solver.o
 .ARM.attributes
                0x000001df       0x2d ./Core/Src/stm32f2xx_hal_msp.o
 .ARM.attributes
                0x0000020c       0x2d ./Core/Src/stm32f2xx_it.o
 .ARM.attributes
                0x00000239       0x2d ./Core/Src/sysmem.o
 .ARM.attributes
                0x00000266       0x2d ./Core/Src/system_stm32f2xx.o
 .ARM.attributes
                0x00000293       0x2d ./Core/Src/systick.o
 .ARM.attributes
                0x000002c0       0x2d ./Core/Src/utility.o
 .ARM.attributes
                0x000002ed       0x21 ./Core/Startup/startup_stm32f205retx.o
 .ARM.attributes
                0x0000030e       0x2d ./Drivers/STM32F2xx_HAL_Driver/Src/stm32f2xx_hal.o
 .ARM.attributes
                0x0000033b       0x2d ./Drivers/STM32F2xx_HAL_Driver/Src/stm32f2xx_hal_adc.o
 .ARM.attributes
                0x00000368       0x2d ./Drivers/STM32F2xx_HAL_Driver/Src/stm32f2xx_hal_cortex.o
 .ARM.attributes
                0x00000395       0x2d ./Drivers/STM32F2xx_HAL_Driver/Src/stm32f2xx_hal_dma.o
 .ARM.attributes
                0x000003c2       0x2d ./Drivers/STM32F2xx_HAL_Driver/Src/stm32f2xx_hal_flash.o
 .ARM.attributes
                0x000003ef       0x2d ./Drivers/STM32F2xx_HAL_Driver/Src/stm32f2xx_hal_flash_ex.o
 .ARM.attributes
                0x0000041c       0x2d ./Drivers/STM32F2xx_HAL_Driver/Src/stm32f2xx_hal_gpio.o
 .ARM.attributes
                0x00000449       0x2d ./Drivers/STM32F2xx_HAL_Driver/Src/stm32f2xx_hal_rcc.o
 .ARM.attributes
                0x00000476       0x2d ./Drivers/STM32F2xx_HAL_Driver/Src/stm32f2xx_hal_tim.o
 .ARM.attributes
                0x000004a3       0x2d ./Drivers/STM32F2xx_HAL_Driver/Src/stm32f2xx_hal_tim_ex.o
 .ARM.attributes
                0x000004d0       0x2d C:/ST/STM32CubeIDE_1.15.0/STM32CubeIDE/plugins/com.st.stm32cube.ide.mcu.externaltools.gnu-tools-for-stm32.12.3.rel1.win32_1.0.100.202403111256/tools/bin/../lib/gcc/arm-none-eabi/12.3.1/../../../../arm-none-eabi/lib/thumb/v7-m/nofp\libc_nano.a(libc_a-malloc.o)
 .ARM.attributes
                0x000004fd       0x2d C:/ST/STM32CubeIDE_1.15.0/STM32CubeIDE/plugins/com.st.stm32cube.ide.mcu.externaltools.gnu-tools-for-stm32.12.3.rel1.win32_1.0.100.202403111256/tools/bin/../lib/gcc/arm-none-eabi/12.3.1/../../../../arm-none-eabi/lib/thumb/v7-m/nofp\libc_nano.a(libc_a-mallocr.o)
 .ARM.attributes
                0x0000052a       0x2d C:/ST/STM32CubeIDE_1.15.0/STM32CubeIDE/plugins/com.st.stm32cube.ide.mcu.externaltools.gnu-tools-for-stm32.12.3.rel1.win32_1.0.100.202403111256/tools/bin/../lib/gcc/arm-none-eabi/12.3.1/../../../../arm-none-eabi/lib/thumb/v7-m/nofp\libc_nano.a(libc_a-mlock.o)
 .ARM.attributes
                0x00000557       0x2d C:/ST/STM32CubeIDE_1.15.0/STM32CubeIDE/plugins/com.st.stm32cube.ide.mcu.externaltools.gnu-tools-for-stm32.12.3.rel1.win32_1.0.100.202403111256/tools/bin/../lib/gcc/arm-none-eabi/12.3.1/../../../../arm-none-eabi/lib/thumb/v7-m/nofp\libc_nano.a(libc_a-findfp.o)
 .ARM.attributes
                0x00000584       0x2d C:/ST/STM32CubeIDE_1.15.0/STM32CubeIDE/plugins/com.st.stm32cube.ide.mcu.externaltools.gnu-tools-for-stm32.12.3.rel1.win32_1.0.100.202403111256/tools/bin/../lib/gcc/arm-none-eabi/12.3.1/../../../../arm-none-eabi/lib/thumb/v7-m/nofp\libc_nano.a(libc_a-memset.o)
 .ARM.attributes
                0x000005b1       0x2d C:/ST/STM32CubeIDE_1.15.0/STM32CubeIDE/plugins/com.st.stm32cube.ide.mcu.externaltools.gnu-tools-for-stm32.12.3.rel1.win32_1.0.100.202403111256/tools/bin/../lib/gcc/arm-none-eabi/12.3.1/../../../../arm-none-eabi/lib/thumb/v7-m/nofp\libc_nano.a(libc_a-reent.o)
 .ARM.attributes
                0x000005de       0x2d C:/ST/STM32CubeIDE_1.15.0/STM32CubeIDE/plugins/com.st.stm32cube.ide.mcu.externaltools.gnu-tools-for-stm32.12.3.rel1.win32_1.0.100.202403111256/tools/bin/../lib/gcc/arm-none-eabi/12.3.1/../../../../arm-none-eabi/lib/thumb/v7-m/nofp\libc_nano.a(libc_a-impure.o)
 .ARM.attributes
                0x0000060b       0x2d C:/ST/STM32CubeIDE_1.15.0/STM32CubeIDE/plugins/com.st.stm32cube.ide.mcu.externaltools.gnu-tools-for-stm32.12.3.rel1.win32_1.0.100.202403111256/tools/bin/../lib/gcc/arm-none-eabi/12.3.1/../../../../arm-none-eabi/lib/thumb/v7-m/nofp\libc_nano.a(libc_a-sbrkr.o)
 .ARM.attributes
                0x00000638       0x2d C:/ST/STM32CubeIDE_1.15.0/STM32CubeIDE/plugins/com.st.stm32cube.ide.mcu.externaltools.gnu-tools-for-stm32.12.3.rel1.win32_1.0.100.202403111256/tools/bin/../lib/gcc/arm-none-eabi/12.3.1/../../../../arm-none-eabi/lib/thumb/v7-m/nofp\libc_nano.a(libc_a-errno.o)
 .ARM.attributes
                0x00000665       0x2d C:/ST/STM32CubeIDE_1.15.0/STM32CubeIDE/plugins/com.st.stm32cube.ide.mcu.externaltools.gnu-tools-for-stm32.12.3.rel1.win32_1.0.100.202403111256/tools/bin/../lib/gcc/arm-none-eabi/12.3.1/../../../../arm-none-eabi/lib/thumb/v7-m/nofp\libc_nano.a(libc_a-init.o)
 .ARM.attributes
                0x00000692       0x2d C:/ST/STM32CubeIDE_1.15.0/STM32CubeIDE/plugins/com.st.stm32cube.ide.mcu.externaltools.gnu-tools-for-stm32.12.3.rel1.win32_1.0.100.202403111256/tools/bin/../lib/gcc/arm-none-eabi/12.3.1/../../../../arm-none-eabi/lib/thumb/v7-m/nofp\libc_nano.a(libc_a-lock.o)
 .ARM.attributes
                0x000006bf       0x2d C:/ST/STM32CubeIDE_1.15.0/STM32CubeIDE/plugins/com.st.stm32cube.ide.mcu.externaltools.gnu-tools-for-stm32.12.3.rel1.win32_1.0.100.202403111256/tools/bin/../lib/gcc/arm-none-eabi/12.3.1/../../../../arm-none-eabi/lib/thumb/v7-m/nofp\libc_nano.a(libc_a-freer.o)
 .ARM.attributes
                0x000006ec       0x1d C:/ST/STM32CubeIDE_1.15.0/STM32CubeIDE/plugins/com.st.stm32cube.ide.mcu.externaltools.gnu-tools-for-stm32.12.3.rel1.win32_1.0.100.202403111256/tools/bin/../lib/gcc/arm-none-eabi/12.3.1/thumb/v7-m/nofp\libgcc.a(_arm_muldf3.o)
 .ARM.attributes
                0x00000709       0x1d C:/ST/STM32CubeIDE_1.15.0/STM32CubeIDE/plugins/com.st.stm32cube.ide.mcu.externaltools.gnu-tools-for-stm32.12.3.rel1.win32_1.0.100.202403111256/tools/bin/../lib/gcc/arm-none-eabi/12.3.1/thumb/v7-m/nofp\libgcc.a(_arm_addsubdf3.o)
 .ARM.attributes
                0x00000726       0x1d C:/ST/STM32CubeIDE_1.15.0/STM32CubeIDE/plugins/com.st.stm32cube.ide.mcu.externaltools.gnu-tools-for-stm32.12.3.rel1.win32_1.0.100.202403111256/tools/bin/../lib/gcc/arm-none-eabi/12.3.1/thumb/v7-m/nofp\libgcc.a(_arm_cmpdf2.o)
 .ARM.attributes
                0x00000743       0x1d C:/ST/STM32CubeIDE_1.15.0/STM32CubeIDE/plugins/com.st.stm32cube.ide.mcu.externaltools.gnu-tools-for-stm32.12.3.rel1.win32_1.0.100.202403111256/tools/bin/../lib/gcc/arm-none-eabi/12.3.1/thumb/v7-m/nofp\libgcc.a(_arm_truncdfsf2.o)
 .ARM.attributes
                0x00000760       0x1d C:/ST/STM32CubeIDE_1.15.0/STM32CubeIDE/plugins/com.st.stm32cube.ide.mcu.externaltools.gnu-tools-for-stm32.12.3.rel1.win32_1.0.100.202403111256/tools/bin/../lib/gcc/arm-none-eabi/12.3.1/thumb/v7-m/nofp\libgcc.a(_arm_addsubsf3.o)
 .ARM.attributes
                0x0000077d       0x1d C:/ST/STM32CubeIDE_1.15.0/STM32CubeIDE/plugins/com.st.stm32cube.ide.mcu.externaltools.gnu-tools-for-stm32.12.3.rel1.win32_1.0.100.202403111256/tools/bin/../lib/gcc/arm-none-eabi/12.3.1/thumb/v7-m/nofp\libgcc.a(_arm_muldivsf3.o)
 .ARM.attributes
                0x0000079a       0x1d C:/ST/STM32CubeIDE_1.15.0/STM32CubeIDE/plugins/com.st.stm32cube.ide.mcu.externaltools.gnu-tools-for-stm32.12.3.rel1.win32_1.0.100.202403111256/tools/bin/../lib/gcc/arm-none-eabi/12.3.1/thumb/v7-m/nofp\libgcc.a(_arm_cmpsf2.o)
 .ARM.attributes
                0x000007b7       0x1d C:/ST/STM32CubeIDE_1.15.0/STM32CubeIDE/plugins/com.st.stm32cube.ide.mcu.externaltools.gnu-tools-for-stm32.12.3.rel1.win32_1.0.100.202403111256/tools/bin/../lib/gcc/arm-none-eabi/12.3.1/thumb/v7-m/nofp\libgcc.a(_arm_fixunssfsi.o)
 .ARM.attributes
                0x000007d4       0x1d C:/ST/STM32CubeIDE_1.15.0/STM32CubeIDE/plugins/com.st.stm32cube.ide.mcu.externaltools.gnu-tools-for-stm32.12.3.rel1.win32_1.0.100.202403111256/tools/bin/../lib/gcc/arm-none-eabi/12.3.1/thumb/v7-m/nofp\libgcc.a(_aeabi_uldivmod.o)
 .ARM.attributes
                0x000007f1       0x2d C:/ST/STM32CubeIDE_1.15.0/STM32CubeIDE/plugins/com.st.stm32cube.ide.mcu.externaltools.gnu-tools-for-stm32.12.3.rel1.win32_1.0.100.202403111256/tools/bin/../lib/gcc/arm-none-eabi/12.3.1/thumb/v7-m/nofp\libgcc.a(_udivmoddi4.o)
 .ARM.attributes
                0x0000081e       0x1d C:/ST/STM32CubeIDE_1.15.0/STM32CubeIDE/plugins/com.st.stm32cube.ide.mcu.externaltools.gnu-tools-for-stm32.12.3.rel1.win32_1.0.100.202403111256/tools/bin/../lib/gcc/arm-none-eabi/12.3.1/thumb/v7-m/nofp\libgcc.a(_dvmd_tls.o)
 .ARM.attributes
                0x0000083b       0x1d C:/ST/STM32CubeIDE_1.15.0/STM32CubeIDE/plugins/com.st.stm32cube.ide.mcu.externaltools.gnu-tools-for-stm32.12.3.rel1.win32_1.0.100.202403111256/tools/bin/../lib/gcc/arm-none-eabi/12.3.1/thumb/v7-m/nofp/crtn.o
OUTPUT(imposter.elf elf32-littlearm)
LOAD linker stubs
LOAD C:/ST/STM32CubeIDE_1.15.0/STM32CubeIDE/plugins/com.st.stm32cube.ide.mcu.externaltools.gnu-tools-for-stm32.12.3.rel1.win32_1.0.100.202403111256/tools/bin/../lib/gcc/arm-none-eabi/12.3.1/../../../../arm-none-eabi/lib/thumb/v7-m/nofp\libc.a
LOAD C:/ST/STM32CubeIDE_1.15.0/STM32CubeIDE/plugins/com.st.stm32cube.ide.mcu.externaltools.gnu-tools-for-stm32.12.3.rel1.win32_1.0.100.202403111256/tools/bin/../lib/gcc/arm-none-eabi/12.3.1/../../../../arm-none-eabi/lib/thumb/v7-m/nofp\libm.a
LOAD C:/ST/STM32CubeIDE_1.15.0/STM32CubeIDE/plugins/com.st.stm32cube.ide.mcu.externaltools.gnu-tools-for-stm32.12.3.rel1.win32_1.0.100.202403111256/tools/bin/../lib/gcc/arm-none-eabi/12.3.1/thumb/v7-m/nofp\libgcc.a

.debug_info     0x00000000     0xe58f
 .debug_info    0x00000000      0x394 ./Core/Src/controller.o
 .debug_info    0x00000394      0x269 ./Core/Src/delay.o
 .debug_info    0x000005fd      0x1f9 ./Core/Src/encoders.o
 .debug_info    0x000007f6      0x2ff ./Core/Src/flash.o
 .debug_info    0x00000af5      0x8c3 ./Core/Src/irs.o
 .debug_info    0x000013b8     0x1872 ./Core/Src/main.o
 .debug_info    0x00002c2a      0x22b ./Core/Src/motors.o
 .debug_info    0x00002e55      0x709 ./Core/Src/pid.o
 .debug_info    0x0000355e      0x776 ./Core/Src/solver.o
 .debug_info    0x00003cd4     0x10c6 ./Core/Src/stm32f2xx_hal_msp.o
 .debug_info    0x00004d9a      0x712 ./Core/Src/stm32f2xx_it.o
 .debug_info    0x000054ac      0x168 ./Core/Src/sysmem.o
 .debug_info    0x00005614      0x31f ./Core/Src/system_stm32f2xx.o
 .debug_info    0x00005933      0x221 ./Core/Src/systick.o
 .debug_info    0x00005b54      0x222 ./Core/Src/utility.o
 .debug_info    0x00005d76       0x30 ./Core/Startup/startup_stm32f205retx.o
 .debug_info    0x00005da6      0x9b1 ./Drivers/STM32F2xx_HAL_Driver/Src/stm32f2xx_hal.o
 .debug_info    0x00006757      0xcd0 ./Drivers/STM32F2xx_HAL_Driver/Src/stm32f2xx_hal_adc.o
 .debug_info    0x00007427      0xd34 ./Drivers/STM32F2xx_HAL_Driver/Src/stm32f2xx_hal_cortex.o
 .debug_info    0x0000815b      0x8e7 ./Drivers/STM32F2xx_HAL_Driver/Src/stm32f2xx_hal_dma.o
 .debug_info    0x00008a42      0x570 ./Drivers/STM32F2xx_HAL_Driver/Src/stm32f2xx_hal_flash.o
 .debug_info    0x00008fb2      0x6be ./Drivers/STM32F2xx_HAL_Driver/Src/stm32f2xx_hal_flash_ex.o
 .debug_info    0x00009670      0x68e ./Drivers/STM32F2xx_HAL_Driver/Src/stm32f2xx_hal_gpio.o
 .debug_info    0x00009cfe      0xa39 ./Drivers/STM32F2xx_HAL_Driver/Src/stm32f2xx_hal_rcc.o
 .debug_info    0x0000a737     0x297d ./Drivers/STM32F2xx_HAL_Driver/Src/stm32f2xx_hal_tim.o
 .debug_info    0x0000d0b4     0x14db ./Drivers/STM32F2xx_HAL_Driver/Src/stm32f2xx_hal_tim_ex.o

.debug_abbrev   0x00000000     0x31a8
 .debug_abbrev  0x00000000      0x18a ./Core/Src/controller.o
 .debug_abbrev  0x0000018a       0xe7 ./Core/Src/delay.o
 .debug_abbrev  0x00000271       0xb8 ./Core/Src/encoders.o
 .debug_abbrev  0x00000329      0x17c ./Core/Src/flash.o
 .debug_abbrev  0x000004a5      0x23e ./Core/Src/irs.o
 .debug_abbrev  0x000006e3      0x347 ./Core/Src/main.o
 .debug_abbrev  0x00000a2a       0xe7 ./Core/Src/motors.o
 .debug_abbrev  0x00000b11      0x217 ./Core/Src/pid.o
 .debug_abbrev  0x00000d28      0x2fa ./Core/Src/solver.o
 .debug_abbrev  0x00001022      0x256 ./Core/Src/stm32f2xx_hal_msp.o
 .debug_abbrev  0x00001278      0x195 ./Core/Src/stm32f2xx_it.o
 .debug_abbrev  0x0000140d       0xbc ./Core/Src/sysmem.o
 .debug_abbrev  0x000014c9      0x11c ./Core/Src/system_stm32f2xx.o
 .debug_abbrev  0x000015e5       0xfb ./Core/Src/systick.o
 .debug_abbrev  0x000016e0      0x12c ./Core/Src/utility.o
 .debug_abbrev  0x0000180c       0x24 ./Core/Startup/startup_stm32f205retx.o
 .debug_abbrev  0x00001830      0x286 ./Drivers/STM32F2xx_HAL_Driver/Src/stm32f2xx_hal.o
 .debug_abbrev  0x00001ab6      0x28b ./Drivers/STM32F2xx_HAL_Driver/Src/stm32f2xx_hal_adc.o
 .debug_abbrev  0x00001d41      0x327 ./Drivers/STM32F2xx_HAL_Driver/Src/stm32f2xx_hal_cortex.o
 .debug_abbrev  0x00002068      0x264 ./Drivers/STM32F2xx_HAL_Driver/Src/stm32f2xx_hal_dma.o
 .debug_abbrev  0x000022cc      0x28c ./Drivers/STM32F2xx_HAL_Driver/Src/stm32f2xx_hal_flash.o
 .debug_abbrev  0x00002558      0x29d ./Drivers/STM32F2xx_HAL_Driver/Src/stm32f2xx_hal_flash_ex.o
 .debug_abbrev  0x000027f5      0x1cb ./Drivers/STM32F2xx_HAL_Driver/Src/stm32f2xx_hal_gpio.o
 .debug_abbrev  0x000029c0      0x2d6 ./Drivers/STM32F2xx_HAL_Driver/Src/stm32f2xx_hal_rcc.o
 .debug_abbrev  0x00002c96      0x28f ./Drivers/STM32F2xx_HAL_Driver/Src/stm32f2xx_hal_tim.o
 .debug_abbrev  0x00002f25      0x283 ./Drivers/STM32F2xx_HAL_Driver/Src/stm32f2xx_hal_tim_ex.o

.debug_aranges  0x00000000      0xf40
 .debug_aranges
                0x00000000       0x50 ./Core/Src/controller.o
 .debug_aranges
                0x00000050       0x28 ./Core/Src/delay.o
 .debug_aranges
                0x00000078       0x30 ./Core/Src/encoders.o
 .debug_aranges
                0x000000a8       0x28 ./Core/Src/flash.o
 .debug_aranges
                0x000000d0       0x50 ./Core/Src/irs.o
 .debug_aranges
                0x00000120       0x70 ./Core/Src/main.o
 .debug_aranges
                0x00000190       0x38 ./Core/Src/motors.o
 .debug_aranges
                0x000001c8       0x78 ./Core/Src/pid.o
 .debug_aranges
                0x00000240       0x88 ./Core/Src/solver.o
 .debug_aranges
                0x000002c8       0x58 ./Core/Src/stm32f2xx_hal_msp.o
 .debug_aranges
                0x00000320       0x70 ./Core/Src/stm32f2xx_it.o
 .debug_aranges
                0x00000390       0x20 ./Core/Src/sysmem.o
 .debug_aranges
                0x000003b0       0x28 ./Core/Src/system_stm32f2xx.o
 .debug_aranges
                0x000003d8       0x20 ./Core/Src/systick.o
 .debug_aranges
                0x000003f8       0x50 ./Core/Src/utility.o
 .debug_aranges
                0x00000448       0x28 ./Core/Startup/startup_stm32f205retx.o
 .debug_aranges
                0x00000470       0xf0 ./Drivers/STM32F2xx_HAL_Driver/Src/stm32f2xx_hal.o
 .debug_aranges
                0x00000560       0xe8 ./Drivers/STM32F2xx_HAL_Driver/Src/stm32f2xx_hal_adc.o
 .debug_aranges
                0x00000648      0x118 ./Drivers/STM32F2xx_HAL_Driver/Src/stm32f2xx_hal_cortex.o
 .debug_aranges
                0x00000760       0x90 ./Drivers/STM32F2xx_HAL_Driver/Src/stm32f2xx_hal_dma.o
 .debug_aranges
                0x000007f0       0xa0 ./Drivers/STM32F2xx_HAL_Driver/Src/stm32f2xx_hal_flash.o
 .debug_aranges
                0x00000890       0x98 ./Drivers/STM32F2xx_HAL_Driver/Src/stm32f2xx_hal_flash_ex.o
 .debug_aranges
                0x00000928       0x58 ./Drivers/STM32F2xx_HAL_Driver/Src/stm32f2xx_hal_gpio.o
 .debug_aranges
                0x00000980       0x88 ./Drivers/STM32F2xx_HAL_Driver/Src/stm32f2xx_hal_rcc.o
 .debug_aranges
                0x00000a08      0x3d0 ./Drivers/STM32F2xx_HAL_Driver/Src/stm32f2xx_hal_tim.o
 .debug_aranges
                0x00000dd8      0x168 ./Drivers/STM32F2xx_HAL_Driver/Src/stm32f2xx_hal_tim_ex.o

.debug_rnglists
                0x00000000      0xb9e
 .debug_rnglists
                0x00000000       0x38 ./Core/Src/controller.o
 .debug_rnglists
                0x00000038       0x19 ./Core/Src/delay.o
 .debug_rnglists
                0x00000051       0x1f ./Core/Src/encoders.o
 .debug_rnglists
                0x00000070       0x1b ./Core/Src/flash.o
 .debug_rnglists
                0x0000008b       0x39 ./Core/Src/irs.o
 .debug_rnglists
                0x000000c4       0x56 ./Core/Src/main.o
 .debug_rnglists
                0x0000011a       0x25 ./Core/Src/motors.o
 .debug_rnglists
                0x0000013f       0x5a ./Core/Src/pid.o
 .debug_rnglists
                0x00000199       0x76 ./Core/Src/solver.o
 .debug_rnglists
                0x0000020f       0x3f ./Core/Src/stm32f2xx_hal_msp.o
 .debug_rnglists
                0x0000024e       0x4f ./Core/Src/stm32f2xx_it.o
 .debug_rnglists
                0x0000029d       0x13 ./Core/Src/sysmem.o
 .debug_rnglists
                0x000002b0       0x1a ./Core/Src/system_stm32f2xx.o
 .debug_rnglists
                0x000002ca       0x13 ./Core/Src/systick.o
 .debug_rnglists
                0x000002dd       0x37 ./Core/Src/utility.o
 .debug_rnglists
                0x00000314       0x19 ./Core/Startup/startup_stm32f205retx.o
 .debug_rnglists
                0x0000032d       0xaf ./Drivers/STM32F2xx_HAL_Driver/Src/stm32f2xx_hal.o
 .debug_rnglists
                0x000003dc       0xb5 ./Drivers/STM32F2xx_HAL_Driver/Src/stm32f2xx_hal_adc.o
 .debug_rnglists
                0x00000491       0xce ./Drivers/STM32F2xx_HAL_Driver/Src/stm32f2xx_hal_cortex.o
 .debug_rnglists
                0x0000055f       0x70 ./Drivers/STM32F2xx_HAL_Driver/Src/stm32f2xx_hal_dma.o
 .debug_rnglists
                0x000005cf       0x78 ./Drivers/STM32F2xx_HAL_Driver/Src/stm32f2xx_hal_flash.o
 .debug_rnglists
                0x00000647       0x72 ./Drivers/STM32F2xx_HAL_Driver/Src/stm32f2xx_hal_flash_ex.o
 .debug_rnglists
                0x000006b9       0x3f ./Drivers/STM32F2xx_HAL_Driver/Src/stm32f2xx_hal_gpio.o
 .debug_rnglists
                0x000006f8       0x67 ./Drivers/STM32F2xx_HAL_Driver/Src/stm32f2xx_hal_rcc.o
 .debug_rnglists
                0x0000075f      0x31a ./Drivers/STM32F2xx_HAL_Driver/Src/stm32f2xx_hal_tim.o
 .debug_rnglists
                0x00000a79      0x125 ./Drivers/STM32F2xx_HAL_Driver/Src/stm32f2xx_hal_tim_ex.o

.debug_macro    0x00000000    0x2013c
 .debug_macro   0x00000000      0x2dd ./Core/Src/controller.o
 .debug_macro   0x000002dd      0xaa8 ./Core/Src/controller.o
 .debug_macro   0x00000d85      0x23e ./Core/Src/controller.o
 .debug_macro   0x00000fc3       0x2e ./Core/Src/controller.o
 .debug_macro   0x00000ff1       0x22 ./Core/Src/controller.o
 .debug_macro   0x00001013       0x22 ./Core/Src/controller.o
 .debug_macro   0x00001035       0x8e ./Core/Src/controller.o
 .debug_macro   0x000010c3       0x51 ./Core/Src/controller.o
 .debug_macro   0x00001114      0x103 ./Core/Src/controller.o
 .debug_macro   0x00001217       0x6a ./Core/Src/controller.o
 .debug_macro   0x00001281      0x1df ./Core/Src/controller.o
 .debug_macro   0x00001460       0x1c ./Core/Src/controller.o
 .debug_macro   0x0000147c       0x22 ./Core/Src/controller.o
 .debug_macro   0x0000149e       0xbd ./Core/Src/controller.o
 .debug_macro   0x0000155b      0xe49 ./Core/Src/controller.o
 .debug_macro   0x000023a4      0x11f ./Core/Src/controller.o
 .debug_macro   0x000024c3    0x133fd ./Core/Src/controller.o
 .debug_macro   0x000158c0       0x6d ./Core/Src/controller.o
 .debug_macro   0x0001592d     0x35a5 ./Core/Src/controller.o
 .debug_macro   0x00018ed2      0x189 ./Core/Src/controller.o
 .debug_macro   0x0001905b       0x55 ./Core/Src/controller.o
 .debug_macro   0x000190b0     0x1056 ./Core/Src/controller.o
 .debug_macro   0x0001a106       0x4a ./Core/Src/controller.o
 .debug_macro   0x0001a150      0x170 ./Core/Src/controller.o
 .debug_macro   0x0001a2c0      0x115 ./Core/Src/controller.o
 .debug_macro   0x0001a3d5       0xfa ./Core/Src/controller.o
 .debug_macro   0x0001a4cf       0xa5 ./Core/Src/controller.o
 .debug_macro   0x0001a574      0x16a ./Core/Src/controller.o
 .debug_macro   0x0001a6de      0x287 ./Core/Src/controller.o
 .debug_macro   0x0001a965       0x5f ./Core/Src/controller.o
 .debug_macro   0x0001a9c4      0x236 ./Core/Src/controller.o
 .debug_macro   0x0001abfa      0x37c ./Core/Src/controller.o
 .debug_macro   0x0001af76      0x16f ./Core/Src/controller.o
 .debug_macro   0x0001b0e5       0xf9 ./Core/Src/controller.o
 .debug_macro   0x0001b1de      0x126 ./Core/Src/controller.o
 .debug_macro   0x0001b304      0x216 ./Core/Src/controller.o
 .debug_macro   0x0001b51a       0x2e ./Core/Src/controller.o
 .debug_macro   0x0001b548      0x113 ./Core/Src/controller.o
 .debug_macro   0x0001b65b       0x22 ./Core/Src/controller.o
 .debug_macro   0x0001b67d       0x82 ./Core/Src/controller.o
 .debug_macro   0x0001b6ff      0x8ed ./Core/Src/controller.o
 .debug_macro   0x0001bfec       0x4c ./Core/Src/controller.o
 .debug_macro   0x0001c038      0x12d ./Core/Src/controller.o
 .debug_macro   0x0001c165      0x130 ./Core/Src/controller.o
 .debug_macro   0x0001c295       0x16 ./Core/Src/controller.o
 .debug_macro   0x0001c2ab       0x16 ./Core/Src/controller.o
 .debug_macro   0x0001c2c1       0x10 ./Core/Src/controller.o
 .debug_macro   0x0001c2d1       0x61 ./Core/Src/controller.o
 .debug_macro   0x0001c332       0x24 ./Core/Src/controller.o
 .debug_macro   0x0001c356       0x43 ./Core/Src/controller.o
 .debug_macro   0x0001c399       0x34 ./Core/Src/controller.o
 .debug_macro   0x0001c3cd       0x16 ./Core/Src/controller.o
 .debug_macro   0x0001c3e3       0x43 ./Core/Src/controller.o
 .debug_macro   0x0001c426       0x34 ./Core/Src/controller.o
 .debug_macro   0x0001c45a       0x10 ./Core/Src/controller.o
 .debug_macro   0x0001c46a       0x58 ./Core/Src/controller.o
 .debug_macro   0x0001c4c2       0x8e ./Core/Src/controller.o
 .debug_macro   0x0001c550       0x1c ./Core/Src/controller.o
 .debug_macro   0x0001c56c      0x177 ./Core/Src/controller.o
 .debug_macro   0x0001c6e3      0x369 ./Core/Src/controller.o
 .debug_macro   0x0001ca4c      0x19b ./Core/Src/controller.o
 .debug_macro   0x0001cbe7      0x1ef ./Core/Src/delay.o
 .debug_macro   0x0001cdd6      0x1ef ./Core/Src/encoders.o
 .debug_macro   0x0001cfc5      0x1e0 ./Core/Src/flash.o
 .debug_macro   0x0001d1a5      0x1fc ./Core/Src/irs.o
 .debug_macro   0x0001d3a1      0x22c ./Core/Src/main.o
 .debug_macro   0x0001d5cd       0x1c ./Core/Src/main.o
 .debug_macro   0x0001d5e9      0x1ee ./Core/Src/motors.o
 .debug_macro   0x0001d7d7      0x2be ./Core/Src/pid.o
 .debug_macro   0x0001da95       0x5b ./Core/Src/pid.o
 .debug_macro   0x0001daf0       0x94 ./Core/Src/pid.o
 .debug_macro   0x0001db84       0x57 ./Core/Src/pid.o
 .debug_macro   0x0001dbdb       0x4f ./Core/Src/pid.o
 .debug_macro   0x0001dc2a      0x30d ./Core/Src/solver.o
 .debug_macro   0x0001df37       0x16 ./Core/Src/solver.o
 .debug_macro   0x0001df4d       0x35 ./Core/Src/solver.o
 .debug_macro   0x0001df82       0x16 ./Core/Src/solver.o
 .debug_macro   0x0001df98       0x29 ./Core/Src/solver.o
 .debug_macro   0x0001dfc1       0x1c ./Core/Src/solver.o
 .debug_macro   0x0001dfdd       0x10 ./Core/Src/solver.o
 .debug_macro   0x0001dfed       0x1c ./Core/Src/solver.o
 .debug_macro   0x0001e009       0x16 ./Core/Src/solver.o
 .debug_macro   0x0001e01f      0x146 ./Core/Src/solver.o
 .debug_macro   0x0001e165      0x1e5 ./Core/Src/stm32f2xx_hal_msp.o
 .debug_macro   0x0001e34a      0x1fd ./Core/Src/stm32f2xx_it.o
 .debug_macro   0x0001e547       0xff ./Core/Src/sysmem.o
 .debug_macro   0x0001e646      0x23c ./Core/Src/sysmem.o
 .debug_macro   0x0001e882      0x1d6 ./Core/Src/system_stm32f2xx.o
 .debug_macro   0x0001ea58      0x1fd ./Core/Src/systick.o
 .debug_macro   0x0001ec55      0x1f8 ./Core/Src/utility.o
 .debug_macro   0x0001ee4d      0x224 ./Drivers/STM32F2xx_HAL_Driver/Src/stm32f2xx_hal.o
 .debug_macro   0x0001f071      0x1d7 ./Drivers/STM32F2xx_HAL_Driver/Src/stm32f2xx_hal_adc.o
 .debug_macro   0x0001f248      0x1d6 ./Drivers/STM32F2xx_HAL_Driver/Src/stm32f2xx_hal_cortex.o
 .debug_macro   0x0001f41e      0x1dc ./Drivers/STM32F2xx_HAL_Driver/Src/stm32f2xx_hal_dma.o
 .debug_macro   0x0001f5fa      0x1dc ./Drivers/STM32F2xx_HAL_Driver/Src/stm32f2xx_hal_flash.o
 .debug_macro   0x0001f7d6      0x1dc ./Drivers/STM32F2xx_HAL_Driver/Src/stm32f2xx_hal_flash_ex.o
 .debug_macro   0x0001f9b2      0x1dd ./Drivers/STM32F2xx_HAL_Driver/Src/stm32f2xx_hal_gpio.o
 .debug_macro   0x0001fb8f      0x200 ./Drivers/STM32F2xx_HAL_Driver/Src/stm32f2xx_hal_rcc.o
 .debug_macro   0x0001fd8f      0x1d7 ./Drivers/STM32F2xx_HAL_Driver/Src/stm32f2xx_hal_tim.o
 .debug_macro   0x0001ff66      0x1d6 ./Drivers/STM32F2xx_HAL_Driver/Src/stm32f2xx_hal_tim_ex.o

.debug_line     0x00000000    0x14644
 .debug_line    0x00000000      0xa59 ./Core/Src/controller.o
 .debug_line    0x00000a59      0x794 ./Core/Src/delay.o
 .debug_line    0x000011ed      0x78b ./Core/Src/encoders.o
 .debug_line    0x00001978      0x988 ./Core/Src/flash.o
 .debug_line    0x00002300      0x86c ./Core/Src/irs.o
 .debug_line    0x00002b6c      0xb33 ./Core/Src/main.o
 .debug_line    0x0000369f      0x7f9 ./Core/Src/motors.o
 .debug_line    0x00003e98      0xe89 ./Core/Src/pid.o
 .debug_line    0x00004d21      0xf82 ./Core/Src/solver.o
 .debug_line    0x00005ca3      0x8a9 ./Core/Src/stm32f2xx_hal_msp.o
 .debug_line    0x0000654c      0x847 ./Core/Src/stm32f2xx_it.o
 .debug_line    0x00006d93      0x583 ./Core/Src/sysmem.o
 .debug_line    0x00007316      0x7c3 ./Core/Src/system_stm32f2xx.o
 .debug_line    0x00007ad9      0x792 ./Core/Src/systick.o
 .debug_line    0x0000826b      0x808 ./Core/Src/utility.o
 .debug_line    0x00008a73       0x7a ./Core/Startup/startup_stm32f205retx.o
 .debug_line    0x00008aed      0xa60 ./Drivers/STM32F2xx_HAL_Driver/Src/stm32f2xx_hal.o
 .debug_line    0x0000954d     0x11ba ./Drivers/STM32F2xx_HAL_Driver/Src/stm32f2xx_hal_adc.o
 .debug_line    0x0000a707      0xce1 ./Drivers/STM32F2xx_HAL_Driver/Src/stm32f2xx_hal_cortex.o
 .debug_line    0x0000b3e8      0xfa4 ./Drivers/STM32F2xx_HAL_Driver/Src/stm32f2xx_hal_dma.o
 .debug_line    0x0000c38c      0xafc ./Drivers/STM32F2xx_HAL_Driver/Src/stm32f2xx_hal_flash.o
 .debug_line    0x0000ce88      0xb12 ./Drivers/STM32F2xx_HAL_Driver/Src/stm32f2xx_hal_flash_ex.o
 .debug_line    0x0000d99a      0xbc6 ./Drivers/STM32F2xx_HAL_Driver/Src/stm32f2xx_hal_gpio.o
 .debug_line    0x0000e560      0xeef ./Drivers/STM32F2xx_HAL_Driver/Src/stm32f2xx_hal_rcc.o
 .debug_line    0x0000f44f     0x37bd ./Drivers/STM32F2xx_HAL_Driver/Src/stm32f2xx_hal_tim.o
 .debug_line    0x00012c0c     0x1a38 ./Drivers/STM32F2xx_HAL_Driver/Src/stm32f2xx_hal_tim_ex.o

.debug_str      0x00000000    0xbc00f
 .debug_str     0x00000000    0xb6fb7 ./Core/Src/controller.o
                              0xb72e2 (size before relaxing)
 .debug_str     0x000b6fb7      0x12a ./Core/Src/delay.o
                              0xb3877 (size before relaxing)
 .debug_str     0x000b70e1       0x23 ./Core/Src/encoders.o
                              0xb37fe (size before relaxing)
 .debug_str     0x000b7104      0x10f ./Core/Src/flash.o
                              0xb32ef (size before relaxing)
 .debug_str     0x000b7213      0x4ef ./Core/Src/irs.o
                              0xb3d88 (size before relaxing)
 .debug_str     0x000b7702      0xdde ./Core/Src/main.o
                              0xb4c74 (size before relaxing)
 .debug_str     0x000b84e0       0x44 ./Core/Src/motors.o
                              0xb3807 (size before relaxing)
 .debug_str     0x000b8524      0x2cf ./Core/Src/pid.o
                              0xb74be (size before relaxing)
 .debug_str     0x000b87f3      0x89e ./Core/Src/solver.o
                              0xb7202 (size before relaxing)
 .debug_str     0x000b9091      0x105 ./Core/Src/stm32f2xx_hal_msp.o
                              0xb45ff (size before relaxing)
 .debug_str     0x000b9196      0x140 ./Core/Src/stm32f2xx_it.o
                              0xb3db7 (size before relaxing)
 .debug_str     0x000b92d6      0x4dc ./Core/Src/sysmem.o
                               0x6081 (size before relaxing)
 .debug_str     0x000b97b2       0x87 ./Core/Src/system_stm32f2xx.o
                              0xb334d (size before relaxing)
 .debug_str     0x000b9839       0x21 ./Core/Src/systick.o
                              0xb382e (size before relaxing)
 .debug_str     0x000b985a       0x9a ./Core/Src/utility.o
                              0xb3893 (size before relaxing)
 .debug_str     0x000b98f4       0x44 ./Core/Startup/startup_stm32f205retx.o
                                 0x8c (size before relaxing)
 .debug_str     0x000b9938      0x54c ./Drivers/STM32F2xx_HAL_Driver/Src/stm32f2xx_hal.o
                              0xb3e78 (size before relaxing)
 .debug_str     0x000b9e84      0x289 ./Drivers/STM32F2xx_HAL_Driver/Src/stm32f2xx_hal_adc.o
                              0xb3994 (size before relaxing)
 .debug_str     0x000ba10d      0x37a ./Drivers/STM32F2xx_HAL_Driver/Src/stm32f2xx_hal_cortex.o
                              0xb3c3d (size before relaxing)
 .debug_str     0x000ba487      0x2d5 ./Drivers/STM32F2xx_HAL_Driver/Src/stm32f2xx_hal_dma.o
                              0xb37bb (size before relaxing)
 .debug_str     0x000ba75c      0x27e ./Drivers/STM32F2xx_HAL_Driver/Src/stm32f2xx_hal_flash.o
                              0xb358a (size before relaxing)
 .debug_str     0x000ba9da      0x233 ./Drivers/STM32F2xx_HAL_Driver/Src/stm32f2xx_hal_flash_ex.o
                              0xb35ee (size before relaxing)
 .debug_str     0x000bac0d      0x10e ./Drivers/STM32F2xx_HAL_Driver/Src/stm32f2xx_hal_gpio.o
                              0xb350b (size before relaxing)
 .debug_str     0x000bad1b      0x251 ./Drivers/STM32F2xx_HAL_Driver/Src/stm32f2xx_hal_rcc.o
                              0xb37ff (size before relaxing)
 .debug_str     0x000baf6c      0xcc2 ./Drivers/STM32F2xx_HAL_Driver/Src/stm32f2xx_hal_tim.o
                              0xb471b (size before relaxing)
 .debug_str     0x000bbc2e      0x3e1 ./Drivers/STM32F2xx_HAL_Driver/Src/stm32f2xx_hal_tim_ex.o