../Core/Src/main.c:101:6:solve	24	static
../Core/Src/main.c:143:5:main	24	static
../Core/Src/main.c:257:6:SystemClock_Config	80	static
../Core/Src/main.c:294:13:MX_ADC1_Init	24	static
../Core/Src/main.c:346:13:MX_I2C1_Init	8	static
../Core/Src/main.c:380:13:MX_TIM1_Init	80	static
../Core/Src/main.c:457:13:MX_TIM3_Init	56	static
../Core/Src/main.c:506:13:MX_TIM8_Init	56	static
../Core/Src/main.c:554:13:MX_DMA_Init	16	static
../Core/Src/main.c:572:13:MX_GPIO_Init	48	static
../Core/Src/main.c:643:20:Get_HADC1_Ptr	4	static
../Core/Src/main.c:648:20:Get_I2C1_Ptr	4	static
../Core/Src/main.c:658:6:Error_Handler	4	static,ignoring_inline_asm
