../Core/Src/pid2.c:92:6:initPID	4	static
../Core/Src/pid2.c:93:6:setPIDGoalD	16	static
../Core/Src/pid2.c:94:6:setPIDGoalA	16	static
../Core/Src/pid2.c:95:6:setState	16	static
../Core/Src/pid2.c:97:6:setIRGoals	16	static
../Core/Src/pid2.c:107:6:setIRDistance	16	static
../Core/Src/pid2.c:115:6:setIRAngle	24	static
../Core/Src/pid2.c:133:7:accelerateLeftPWM	4	static
../Core/Src/pid2.c:148:7:accelerateRightPWM	4	static
../Core/Src/pid2.c:163:6:PDController	24	static
../Core/Src/pid2.c:242:6:updatePID	48	static
../Core/Src/pid2.c:342:8:PIDdone	8	static
../Core/Src/pid2.c:355:6:resetPID	24	static
